<html>
<body>
<pre>
<h1>礦ision Build Log</h1>
<h2>Tool Versions:</h2>
IDE-Version: μVision V5.18a
Copyright (C) 2016 ARM Ltd and ARM Germany GmbH. All rights reserved.
License Information: d Microsoft, Microsoft, LIC=QF856-DDRLL-LQT0Q-NA8JZ-09QMN-2DGA1
 
Tool Versions:
Toolchain:       MDK-ARM Standard  Version: 5.18a
Toolchain Path:  C:\Keil_v5\ARM\ARMCC\Bin
C Compiler:      Armcc.exe V5.06 update 1 (build 61)
Assembler:       Armasm.exe V5.06 update 1 (build 61)
Linker/Locator:  ArmLink.exe V5.06 update 1 (build 61)
Library Manager: ArmAr.exe V5.06 update 1 (build 61)
Hex Converter:   FromElf.exe V5.06 update 1 (build 61)
CPU DLL:         SARMCM3.DLL V5.18a
Dialog DLL:      DARMCM1.DLL V1.12.0.0
Target DLL:      Segger\JL2CM3.dll V2.99.19.0
Dialog DLL:      TARMCM1.DLL V1.9.0.0
 
<h2>Project:</h2>
D:\工作区\STM32L051-RFID_DeviceTracking-2018\software\project\NPlink-Mote.uvprojx
Project File Date:  10/10/2018

<h2>Output:</h2>
*** Using Compiler 'V5.06 update 1 (build 61)', folder: 'C:\Keil_v5\ARM\ARMCC\Bin'
Build target 'NPLink-Mote'
compiling main.c...
linking...
Program Size: Code=28238 RO-data=1086 RW-data=500 ZI-data=4420  
FromELF: creating hex file...
".\obj\NPLink-Mote.axf" - 0 Error(s), 0 Warning(s).

<h2>Collection of Component include folders:</h2>
  D:\工作区\STM32L051-RFID_DeviceTracking-2018\software\project\RTE
  C:\Keil_v5\ARM\PACK\Keil\STM32L0xx_DFP\2.0.0\Drivers\CMSIS\Device\ST\STM32L0xx\Include

<h2>Collection of Component Files used:</h2>
Build Time Elapsed:  00:00:02
</pre>
</body>
</html>
