Component: ARM Compiler 5.06 update 1 (build 61) Tool: armlink [4d35a8]

==============================================================================

Section Cross References

    startup_stm32l051xx.o(RESET) refers to startup_stm32l051xx.o(STACK) for __initial_sp
    startup_stm32l051xx.o(RESET) refers to startup_stm32l051xx.o(.text) for Reset_Handler
    startup_stm32l051xx.o(RESET) refers to stm32l0xx_it.o(i.NMI_Handler) for NMI_Handler
    startup_stm32l051xx.o(RESET) refers to stm32l0xx_it.o(i.HardFault_Handler) for HardFault_Handler
    startup_stm32l051xx.o(RESET) refers to stm32l0xx_it.o(i.SVC_Handler) for SVC_Handler
    startup_stm32l051xx.o(RESET) refers to stm32l0xx_it.o(i.DebugMon_Handler) for DebugMon_Handler
    startup_stm32l051xx.o(RESET) refers to stm32l0xx_it.o(i.PendSV_Handler) for PendSV_Handler
    startup_stm32l051xx.o(RESET) refers to stm32l051.o(i.SysTick_Handler) for SysTick_Handler
    startup_stm32l051xx.o(RESET) refers to bsp_rtc.o(i.RTC_IRQHandler) for RTC_IRQHandler
    startup_stm32l051xx.o(RESET) refers to stm32l051.o(i.EXTI0_1_IRQHandler) for EXTI0_1_IRQHandler
    startup_stm32l051xx.o(RESET) refers to stm32l051.o(i.EXTI2_3_IRQHandler) for EXTI2_3_IRQHandler
    startup_stm32l051xx.o(RESET) refers to stm32l051.o(i.EXTI4_15_IRQHandler) for EXTI4_15_IRQHandler
    startup_stm32l051xx.o(RESET) refers to os_timer.o(i.TIM2_IRQHandler) for TIM2_IRQHandler
    startup_stm32l051xx.o(RESET) refers to stm32l051.o(i.USART1_IRQHandler) for USART1_IRQHandler
    startup_stm32l051xx.o(.text) refers to system_stm32l0xx.o(i.SystemInit) for SystemInit
    startup_stm32l051xx.o(.text) refers to entry.o(.ARM.Collect$$$$00000000) for __main
    bsp_rtc.o(i.BlockLowPowerDuringTask) refers to bsp_rtc.o(i.RtcRecoverMcuStatus) for RtcRecoverMcuStatus
    bsp_rtc.o(i.BlockLowPowerDuringTask) refers to bsp_rtc.o(.data) for LowPowerDisableDuringTask
    bsp_rtc.o(i.HAL_RTC_AlarmAEventCallback) refers to bsp_rtc.o(i.RtcRecoverMcuStatus) for RtcRecoverMcuStatus
    bsp_rtc.o(i.HAL_RTC_MspInit) refers to stm32l0xx_hal_rcc.o(i.HAL_RCC_OscConfig) for HAL_RCC_OscConfig
    bsp_rtc.o(i.HAL_RTC_MspInit) refers to stm32l0xx_hal_rcc_ex.o(i.HAL_RCCEx_PeriphCLKConfig) for HAL_RCCEx_PeriphCLKConfig
    bsp_rtc.o(i.HAL_RTC_MspInit) refers to stm32l0xx_hal_cortex.o(i.HAL_NVIC_SetPriority) for HAL_NVIC_SetPriority
    bsp_rtc.o(i.HAL_RTC_MspInit) refers to stm32l0xx_hal_cortex.o(i.HAL_NVIC_EnableIRQ) for HAL_NVIC_EnableIRQ
    bsp_rtc.o(i.RTC_AlarmConfig) refers to stm32l0xx_hal_pwr_ex.o(i.HAL_PWREx_EnableUltraLowPower) for HAL_PWREx_EnableUltraLowPower
    bsp_rtc.o(i.RTC_AlarmConfig) refers to stm32l0xx_hal_pwr_ex.o(i.HAL_PWREx_EnableFastWakeUp) for HAL_PWREx_EnableFastWakeUp
    bsp_rtc.o(i.RTC_AlarmConfig) refers to stm32l0xx_hal_rtc.o(i.HAL_RTC_Init) for HAL_RTC_Init
    bsp_rtc.o(i.RTC_AlarmConfig) refers to stm32l0xx_hal_rtc.o(i.HAL_RTC_SetAlarm_IT) for HAL_RTC_SetAlarm_IT
    bsp_rtc.o(i.RTC_AlarmConfig) refers to stm32l0xx_hal_rtc.o(i.HAL_RTC_SetDate) for HAL_RTC_SetDate
    bsp_rtc.o(i.RTC_AlarmConfig) refers to stm32l0xx_hal_rtc.o(i.HAL_RTC_SetTime) for HAL_RTC_SetTime
    bsp_rtc.o(i.RTC_AlarmConfig) refers to bsp_rtc.o(.bss) for RTCHandle
    bsp_rtc.o(i.RTC_IRQHandler) refers to stm32l0xx_hal_rtc.o(i.HAL_RTC_AlarmIRQHandler) for HAL_RTC_AlarmIRQHandler
    bsp_rtc.o(i.RTC_IRQHandler) refers to bsp_rtc.o(.bss) for RTCHandle
    bsp_rtc.o(i.RTC_Init) refers to bsp_rtc.o(i.RtcSetConfig) for RtcSetConfig
    bsp_rtc.o(i.RTC_Init) refers to bsp_rtc.o(.data) for RtcInitalized
    bsp_rtc.o(i.RtcClearStatus) refers to bsp_rtc.o(.bss) for RTCHandle
    bsp_rtc.o(i.RtcDelayMs) refers to bsp_rtc.o(i.RtcGetTimerValue) for RtcGetTimerValue
    bsp_rtc.o(i.RtcEnterLowPowerStopMode) refers to stm32l0xx_hal.o(i.HAL_MspDeInit) for HAL_MspDeInit
    bsp_rtc.o(i.RtcEnterLowPowerStopMode) refers to stm32l0xx_hal_pwr.o(i.HAL_PWR_EnterSTOPMode) for HAL_PWR_EnterSTOPMode
    bsp_rtc.o(i.RtcEnterLowPowerStopMode) refers to bsp_rtc.o(.data) for LowPowerDisableDuringTask
    bsp_rtc.o(i.RtcGetCalendarValue) refers to stm32l0xx_hal_rtc.o(i.HAL_RTC_GetTime) for HAL_RTC_GetTime
    bsp_rtc.o(i.RtcGetCalendarValue) refers to stm32l0xx_hal_rtc.o(i.HAL_RTC_GetDate) for HAL_RTC_GetDate
    bsp_rtc.o(i.RtcGetCalendarValue) refers to stm32l0xx_hal_rtc.o(i.HAL_RTC_WaitForSynchro) for HAL_RTC_WaitForSynchro
    bsp_rtc.o(i.RtcGetCalendarValue) refers to bsp_rtc.o(.bss) for RTCHandle
    bsp_rtc.o(i.RtcGetCalendarValue) refers to bsp_rtc.o(.data) for PreviousYear
    bsp_rtc.o(i.RtcGetCalendarValue) refers to bsp_rtc.o(.constdata) for DaysInMonthLeapYear
    bsp_rtc.o(i.RtcGetMinimumTimeout) refers to ceil.o(i.ceil) for ceil
    bsp_rtc.o(i.RtcGetMinimumTimeout) refers to dfixui.o(.text) for __aeabi_d2uiz
    bsp_rtc.o(i.RtcGetTimerElapsedTime) refers to bsp_rtc.o(i.RtcGetCalendarValue) for RtcGetCalendarValue
    bsp_rtc.o(i.RtcGetTimerElapsedTime) refers to dfltul.o(.text) for __aeabi_ul2d
[...]
    ..\\program\\device\\cpu\\STM32L051\\stm32l0xx_hal.c 0x00000000   Number         0  stm32l0xx_hal.o ABSOLUTE
    ..\\program\\device\\cpu\\STM32L051\\stm32l0xx_hal_adc.c 0x00000000   Number         0  stm32l0xx_hal_adc.o ABSOLUTE
    ..\\program\\device\\cpu\\STM32L051\\stm32l0xx_hal_adc_ex.c 0x00000000   Number         0  stm32l0xx_hal_adc_ex.o ABSOLUTE
    ..\\program\\device\\cpu\\STM32L051\\stm32l0xx_hal_comp.c 0x00000000   Number         0  stm32l0xx_hal_comp.o ABSOLUTE
    ..\\program\\device\\cpu\\STM32L051\\stm32l0xx_hal_cortex.c 0x00000000   Number         0  stm32l0xx_hal_cortex.o ABSOLUTE
    ..\\program\\device\\cpu\\STM32L051\\stm32l0xx_hal_crc.c 0x00000000   Number         0  stm32l0xx_hal_crc.o ABSOLUTE
    ..\\program\\device\\cpu\\STM32L051\\stm32l0xx_hal_crc_ex.c 0x00000000   Number         0  stm32l0xx_hal_crc_ex.o ABSOLUTE
    ..\\program\\device\\cpu\\STM32L051\\stm32l0xx_hal_cryp.c 0x00000000   Number         0  stm32l0xx_hal_cryp.o ABSOLUTE
    ..\\program\\device\\cpu\\STM32L051\\stm32l0xx_hal_cryp_ex.c 0x00000000   Number         0  stm32l0xx_hal_cryp_ex.o ABSOLUTE
    ..\\program\\device\\cpu\\STM32L051\\stm32l0xx_hal_dac.c 0x00000000   Number         0  stm32l0xx_hal_dac.o ABSOLUTE
    ..\\program\\device\\cpu\\STM32L051\\stm32l0xx_hal_dac_ex.c 0x00000000   Number         0  stm32l0xx_hal_dac_ex.o ABSOLUTE
    ..\\program\\device\\cpu\\STM32L051\\stm32l0xx_hal_dma.c 0x00000000   Number         0  stm32l0xx_hal_dma.o ABSOLUTE
    ..\\program\\device\\cpu\\STM32L051\\stm32l0xx_hal_gpio.c 0x00000000   Number         0  stm32l0xx_hal_gpio.o ABSOLUTE
    ..\\program\\device\\cpu\\STM32L051\\stm32l0xx_hal_i2c.c 0x00000000   Number         0  stm32l0xx_hal_i2c.o ABSOLUTE
    ..\\program\\device\\cpu\\STM32L051\\stm32l0xx_hal_i2c_ex.c 0x00000000   Number         0  stm32l0xx_hal_i2c_ex.o ABSOLUTE
    ..\\program\\device\\cpu\\STM32L051\\stm32l0xx_hal_i2s.c 0x00000000   Number         0  stm32l0xx_hal_i2s.o ABSOLUTE
    ..\\program\\device\\cpu\\STM32L051\\stm32l0xx_hal_iwdg.c 0x00000000   Number         0  stm32l0xx_hal_iwdg.o ABSOLUTE
    ..\\program\\device\\cpu\\STM32L051\\stm32l0xx_hal_lptim.c 0x00000000   Number         0  stm32l0xx_hal_lptim.o ABSOLUTE
    ..\\program\\device\\cpu\\STM32L051\\stm32l0xx_hal_pwr.c 0x00000000   Number         0  stm32l0xx_hal_pwr.o ABSOLUTE
    ..\\program\\device\\cpu\\STM32L051\\stm32l0xx_hal_pwr_ex.c 0x00000000   Number         0  stm32l0xx_hal_pwr_ex.o ABSOLUTE
    ..\\program\\device\\cpu\\STM32L051\\stm32l0xx_hal_rcc.c 0x00000000   Number         0  stm32l0xx_hal_rcc.o ABSOLUTE
    ..\\program\\device\\cpu\\STM32L051\\stm32l0xx_hal_rcc_ex.c 0x00000000   Number         0  stm32l0xx_hal_rcc_ex.o ABSOLUTE
    ..\\program\\device\\cpu\\STM32L051\\stm32l0xx_hal_rng.c 0x00000000   Number         0  stm32l0xx_hal_rng.o ABSOLUTE
    ..\\program\\device\\cpu\\STM32L051\\stm32l0xx_hal_rtc.c 0x00000000   Number         0  stm32l0xx_hal_rtc.o ABSOLUTE
    ..\\program\\device\\cpu\\STM32L051\\stm32l0xx_hal_rtc_ex.c 0x00000000   Number         0  stm32l0xx_hal_rtc_ex.o ABSOLUTE
    ..\\program\\device\\cpu\\STM32L051\\stm32l0xx_hal_spi.c 0x00000000   Number         0  stm32l0xx_hal_spi.o ABSOLUTE
    ..\\program\\device\\cpu\\STM32L051\\stm32l0xx_hal_tim.c 0x00000000   Number         0  stm32l0xx_hal_tim.o ABSOLUTE
    ..\\program\\device\\cpu\\STM32L051\\stm32l0xx_hal_tim_ex.c 0x00000000   Number         0  stm32l0xx_hal_tim_ex.o ABSOLUTE
    ..\\program\\device\\cpu\\STM32L051\\stm32l0xx_hal_tsc.c 0x00000000   Number         0  stm32l0xx_hal_tsc.o ABSOLUTE
    ..\\program\\device\\cpu\\STM32L051\\stm32l0xx_hal_uart.c 0x00000000   Number         0  stm32l0xx_hal_uart.o ABSOLUTE
    ..\\program\\device\\cpu\\STM32L051\\stm32l0xx_hal_uart_ex.c 0x00000000   Number         0  stm32l0xx_hal_uart_ex.o ABSOLUTE
    ..\\program\\device\\cpu\\STM32L051\\stm32l0xx_hal_usart.c 0x00000000   Number         0  stm32l0xx_hal_usart.o ABSOLUTE
    ..\\program\\device\\cpu\\STM32L051\\stm32l0xx_hal_wwdg.c 0x00000000   Number         0  stm32l0xx_hal_wwdg.o ABSOLUTE
    ..\\program\\device\\cpu\\STM32L051\\stm32l0xx_it.c 0x00000000   Number         0  stm32l0xx_it.o ABSOLUTE
    ..\\program\\device\\cpu\\STM32L051\\system_stm32l0xx.c 0x00000000   Number         0  system_stm32l0xx.o ABSOLUTE
    ..\\program\\os\\os_timer.c              0x00000000   Number         0  os_timer.o ABSOLUTE
    ..\program\app\communication.c           0x00000000   Number         0  communication.o ABSOLUTE
    ..\program\app\data.c                    0x00000000   Number         0  data.o ABSOLUTE
    ..\program\app\main.c                    0x00000000   Number         0  main.o ABSOLUTE
    ..\program\app\rfid.c                    0x00000000   Number         0  rfid.o ABSOLUTE
    ..\program\com\aes.c                     0x00000000   Number         0  aes.o ABSOLUTE
    ..\program\com\cmac.c                    0x00000000   Number         0  cmac.o ABSOLUTE
    ..\program\com\lora\LoRaMac.c            0x00000000   Number         0  loramac.o ABSOLUTE
    ..\program\com\lora\sx1276.c             0x00000000   Number         0  sx1276.o ABSOLUTE
    ..\program\com\serial\spi.c              0x00000000   Number         0  spi.o ABSOLUTE
    ..\program\com\serial\uart.c             0x00000000   Number         0  uart.o ABSOLUTE
    ..\program\device\cpu\STM32L051\bsp_rtc.c 0x00000000   Number         0  bsp_rtc.o ABSOLUTE
    ..\program\device\cpu\STM32L051\startup_stm32l051xx.s 0x00000000   Number         0  startup_stm32l051xx.o ABSOLUTE
    ..\program\device\cpu\STM32L051\stm32l051.c 0x00000000   Number         0  stm32l051.o ABSOLUTE
    ..\program\device\cpu\STM32L051\stm32l0xx_hal.c 0x00000000   Number         0  stm32l0xx_hal.o ABSOLUTE
    ..\program\device\cpu\STM32L051\stm32l0xx_hal_adc.c 0x00000000   Number         0  stm32l0xx_hal_adc.o ABSOLUTE
    ..\program\device\cpu\STM32L051\stm32l0xx_hal_adc_ex.c 0x00000000   Number         0  stm32l0xx_hal_adc_ex.o ABSOLUTE
    ..\program\device\cpu\STM32L051\stm32l0xx_hal_comp.c 0x00000000   Number         0  stm32l0xx_hal_comp.o ABSOLUTE
    ..\program\device\cpu\STM32L051\stm32l0xx_hal_cortex.c 0x00000000   Number         0  stm32l0xx_hal_cortex.o ABSOLUTE
    ..\program\device\cpu\STM32L051\stm32l0xx_hal_crc.c 0x00000000   Number         0  stm32l0xx_hal_crc.o ABSOLUTE
    ..\program\device\cpu\STM32L051\stm32l0xx_hal_crc_ex.c 0x00000000   Number         0  stm32l0xx_hal_crc_ex.o ABSOLUTE
    ..\program\device\cpu\STM32L051\stm32l0xx_hal_cryp.c 0x00000000   Number         0  stm32l0xx_hal_cryp.o ABSOLUTE
    ..\program\device\cpu\STM32L051\stm32l0xx_hal_cryp_ex.c 0x00000000   Number         0  stm32l0xx_hal_cryp_ex.o ABSOLUTE
    ..\program\device\cpu\STM32L051\stm32l0xx_hal_dac.c 0x00000000   Number         0  stm32l0xx_hal_dac.o ABSOLUTE
    ..\program\device\cpu\STM32L051\stm32l0xx_hal_dac_ex.c 0x00000000   Number         0  stm32l0xx_hal_dac_ex.o ABSOLUTE
    ..\program\device\cpu\STM32L051\stm32l0xx_hal_dma.c 0x00000000   Number         0  stm32l0xx_hal_dma.o ABSOLUTE
    ..\program\device\cpu\STM32L051\stm32l0xx_hal_gpio.c 0x00000000   Number         0  stm32l0xx_hal_gpio.o ABSOLUTE
    ..\program\device\cpu\STM32L051\stm32l0xx_hal_i2c.c 0x00000000   Number         0  stm32l0xx_hal_i2c.o ABSOLUTE
    ..\program\device\cpu\STM32L051\stm32l0xx_hal_i2c_ex.c 0x00000000   Number         0  stm32l0xx_hal_i2c_ex.o ABSOLUTE
    ..\program\device\cpu\STM32L051\stm32l0xx_hal_i2s.c 0x00000000   Number         0  stm32l0xx_hal_i2s.o ABSOLUTE
    ..\program\device\cpu\STM32L051\stm32l0xx_hal_iwdg.c 0x00000000   Number         0  stm32l0xx_hal_iwdg.o ABSOLUTE
    ..\program\device\cpu\STM32L051\stm32l0xx_hal_lptim.c 0x00000000   Number         0  stm32l0xx_hal_lptim.o ABSOLUTE
    ..\program\device\cpu\STM32L051\stm32l0xx_hal_pwr.c 0x00000000   Number         0  stm32l0xx_hal_pwr.o ABSOLUTE
    ..\program\device\cpu\STM32L051\stm32l0xx_hal_pwr_ex.c 0x00000000   Number         0  stm32l0xx_hal_pwr_ex.o ABSOLUTE
    ..\program\device\cpu\STM32L051\stm32l0xx_hal_rcc.c 0x00000000   Number         0  stm32l0xx_hal_rcc.o ABSOLUTE
    ..\program\device\cpu\STM32L051\stm32l0xx_hal_rcc_ex.c 0x00000000   Number         0  stm32l0xx_hal_rcc_ex.o ABSOLUTE
    ..\program\device\cpu\STM32L051\stm32l0xx_hal_rng.c 0x00000000   Number         0  stm32l0xx_hal_rng.o ABSOLUTE
    ..\program\device\cpu\STM32L051\stm32l0xx_hal_rtc.c 0x00000000   Number         0  stm32l0xx_hal_rtc.o ABSOLUTE
    ..\program\device\cpu\STM32L051\stm32l0xx_hal_rtc_ex.c 0x00000000   Number         0  stm32l0xx_hal_rtc_ex.o ABSOLUTE
    ..\program\device\cpu\STM32L051\stm32l0xx_hal_spi.c 0x00000000   Number         0  stm32l0xx_hal_spi.o ABSOLUTE
    ..\program\device\cpu\STM32L051\stm32l0xx_hal_tim.c 0x00000000   Number         0  stm32l0xx_hal_tim.o ABSOLUTE
    ..\program\device\cpu\STM32L051\stm32l0xx_hal_tim_ex.c 0x00000000   Number         0  stm32l0xx_hal_tim_ex.o ABSOLUTE
    ..\program\device\cpu\STM32L051\stm32l0xx_hal_tsc.c 0x00000000   Number         0  stm32l0xx_hal_tsc.o ABSOLUTE
    ..\program\device\cpu\STM32L051\stm32l0xx_hal_uart.c 0x00000000   Number         0  stm32l0xx_hal_uart.o ABSOLUTE
    ..\program\device\cpu\STM32L051\stm32l0xx_hal_uart_ex.c 0x00000000   Number         0  stm32l0xx_hal_uart_ex.o ABSOLUTE
    ..\program\device\cpu\STM32L051\stm32l0xx_hal_usart.c 0x00000000   Number         0  stm32l0xx_hal_usart.o ABSOLUTE
    ..\program\device\cpu\STM32L051\stm32l0xx_hal_wwdg.c 0x00000000   Number         0  stm32l0xx_hal_wwdg.o ABSOLUTE
    ..\program\device\cpu\STM32L051\stm32l0xx_it.c 0x00000000   Number         0  stm32l0xx_it.o ABSOLUTE
    ..\program\device\cpu\STM32L051\system_stm32l0xx.c 0x00000000   Number         0  system_stm32l0xx.o ABSOLUTE
    ..\program\os\os_timer.c                 0x00000000   Number         0  os_timer.o ABSOLUTE
    cdcmple.s                                0x00000000   Number         0  cdcmple.o ABSOLUTE
    cdrcmple.s                               0x00000000   Number         0  cdrcmple.o ABSOLUTE
    dc.s                                     0x00000000   Number         0  dc.o ABSOLUTE
    handlers.s                               0x00000000   Number         0  handlers.o ABSOLUTE
    init.s                                   0x00000000   Number         0  init.o ABSOLUTE
    RESET                                    0x08000000   Section      192  startup_stm32l051xx.o(RESET)
    .ARM.Collect$$$$00000000                 0x080000c0   Section        0  entry.o(.ARM.Collect$$$$00000000)
    .ARM.Collect$$$$00000001                 0x080000c0   Section        4  entry2.o(.ARM.Collect$$$$00000001)
    .ARM.Collect$$$$00000004                 0x080000c4   Section        4  entry5.o(.ARM.Collect$$$$00000004)
    .ARM.Collect$$$$00000008                 0x080000c8   Section        0  entry7b.o(.ARM.Collect$$$$00000008)
    .ARM.Collect$$$$0000000A                 0x080000c8   Section        0  entry8b.o(.ARM.Collect$$$$0000000A)
    .ARM.Collect$$$$0000000B                 0x080000c8   Section        8  entry9a.o(.ARM.Collect$$$$0000000B)
    .ARM.Collect$$$$0000000D                 0x080000d0   Section        0  entry10a.o(.ARM.Collect$$$$0000000D)
    .ARM.Collect$$$$0000000F                 0x080000d0   Section        0  entry11a.o(.ARM.Collect$$$$0000000F)
    .ARM.Collect$$$$00002712                 0x080000d0   Section        4  entry2.o(.ARM.Collect$$$$00002712)
    __lit__00000000                          0x080000d0   Data           4  entry2.o(.ARM.Collect$$$$00002712)
    .text                                    0x080000d4   Section       32  startup_stm32l051xx.o(.text)
    .text                                    0x080000f4   Section        0  uidiv.o(.text)
    .text                                    0x08000120   Section        0  idiv.o(.text)
    .text                                    0x08000148   Section        0  llmul.o(.text)
    .text                                    0x080001c2   Section        0  memcpya.o(.text)
    .text                                    0x080001e6   Section        0  uread4.o(.text)
    .text                                    0x080001fa   Section        0  uread8.o(.text)
    .text                                    0x08000216   Section        0  uwrite4.o(.text)
    .text                                    0x08000228   Section        0  uwrite8.o(.text)
    .text                                    0x08000248   Section        0  dadd.o(.text)
    .text                                    0x080003ac   Section        0  dmul.o(.text)
    .text                                    0x0800047c   Section        0  ddiv.o(.text)
    .text                                    0x0800056c   Section        0  dflti.o(.text)
    .text                                    0x08000594   Section        0  dfltui.o(.text)
    .text                                    0x080005b0   Section        0  dfixi.o(.text)
    .text                                    0x080005f8   Section        0  dfixui.o(.text)
    .text                                    0x08000634   Section        0  dfixul.o(.text)
    .text                                    0x08000674   Section       40  cdrcmple.o(.text)
    .text                                    0x0800069c   Section        0  llshl.o(.text)
    .text                                    0x080006bc   Section        0  llushr.o(.text)
    .text                                    0x080006de   Section        0  llsshr.o(.text)
    .text                                    0x08000704   Section        0  iusefp.o(.text)
    .text                                    0x08000704   Section        0  depilogue.o(.text)
    .text                                    0x080007c4   Section       36  init.o(.text)
    .text                                    0x080007e8   Section        0  __dczerorl2.o(.text)
    i.AES_CMAC_Final                         0x0800083e   Section        0  cmac.o(i.AES_CMAC_Final)
    i.AES_CMAC_Init                          0x08000a02   Section        0  cmac.o(i.AES_CMAC_Init)
    i.AES_CMAC_SetKey                        0x08000a24   Section        0  cmac.o(i.AES_CMAC_SetKey)
    i.AES_CMAC_Update                        0x08000a38   Section        0  cmac.o(i.AES_CMAC_Update)
    i.AddMacCommand                          0x08000b38   Section        0  loramac.o(i.AddMacCommand)
    AddMacCommand                            0x08000b39   Thumb Code   158  loramac.o(i.AddMacCommand)
    i.BoardMeasureBatterieLevel              0x08000be4   Section        0  loramac.o(i.BoardMeasureBatterieLevel)
    i.DebugMon_Handler                       0x08000bf4   Section        0  stm32l0xx_it.o(i.DebugMon_Handler)
    i.DelayMs                                0x08000bf6   Section        0  os_timer.o(i.DelayMs)
    i.EXTI0_1_IRQHandler                     0x08000c44   Section        0  stm32l051.o(i.EXTI0_1_IRQHandler)
    i.EXTI2_3_IRQHandler                     0x08000c78   Section        0  stm32l051.o(i.EXTI2_3_IRQHandler)
    i.EXTI4_15_IRQHandler                    0x08000c98   Section        0  stm32l051.o(i.EXTI4_15_IRQHandler)
    i.HAL_GPIO_EXTI_Callback                 0x08000cd8   Section        0  stm32l0xx_hal_gpio.o(i.HAL_GPIO_EXTI_Callback)
    i.HAL_GPIO_Init                          0x08000cdc   Section        0  stm32l0xx_hal_gpio.o(i.HAL_GPIO_Init)
    i.HAL_GPIO_WritePin                      0x08000ec8   Section        0  stm32l0xx_hal_gpio.o(i.HAL_GPIO_WritePin)
    i.HAL_GetTick                            0x08000ed4   Section        0  stm32l0xx_hal.o(i.HAL_GetTick)
    i.HAL_IncTick                            0x08000ee0   Section        0  stm32l0xx_hal.o(i.HAL_IncTick)
    i.HAL_InitTick                           0x08000ef0   Section        0  stm32l0xx_hal.o(i.HAL_InitTick)
    i.HAL_NVIC_EnableIRQ                     0x08000f18   Section        0  stm32l0xx_hal_cortex.o(i.HAL_NVIC_EnableIRQ)
    i.HAL_NVIC_SetPriority                   0x08000f30   Section        0  stm32l0xx_hal_cortex.o(i.HAL_NVIC_SetPriority)
    i.HAL_RCC_ClockConfig                    0x08000f44   Section        0  stm32l0xx_hal_rcc.o(i.HAL_RCC_ClockConfig)
    i.HAL_RCC_GetHCLKFreq                    0x0800123c   Section        0  stm32l0xx_hal_rcc.o(i.HAL_RCC_GetHCLKFreq)
    i.HAL_RCC_GetOscConfig                   0x08001268   Section        0  stm32l0xx_hal_rcc.o(i.HAL_RCC_GetOscConfig)
    i.HAL_RCC_GetPCLK1Freq                   0x08001390   Section        0  stm32l0xx_hal_rcc.o(i.HAL_RCC_GetPCLK1Freq)
    i.HAL_RCC_GetPCLK2Freq                   0x080013b4   Section        0  stm32l0xx_hal_rcc.o(i.HAL_RCC_GetPCLK2Freq)
    i.HAL_RCC_GetSysClockFreq                0x080013d8   Section        0  stm32l0xx_hal_rcc.o(i.HAL_RCC_GetSysClockFreq)
    i.HAL_RCC_OscConfig                      0x080014a4   Section        0  stm32l0xx_hal_rcc.o(i.HAL_RCC_OscConfig)
    i.HAL_RTCEx_AlarmBEventCallback          0x08001a78   Section        0  stm32l0xx_hal_rtc_ex.o(i.HAL_RTCEx_AlarmBEventCallback)
    i.HAL_RTC_AlarmAEventCallback            0x08001a7a   Section        0  bsp_rtc.o(i.HAL_RTC_AlarmAEventCallback)
    i.HAL_RTC_AlarmIRQHandler                0x08001a84   Section        0  stm32l0xx_hal_rtc.o(i.HAL_RTC_AlarmIRQHandler)
    i.HAL_SPI_GetState                       0x08001b08   Section        0  stm32l0xx_hal_spi.o(i.HAL_SPI_GetState)
    i.HAL_SPI_Init                           0x08001b10   Section        0  stm32l0xx_hal_spi.o(i.HAL_SPI_Init)
    i.HAL_SPI_MspInit                        0x08001b9a   Section        0  stm32l0xx_hal_spi.o(i.HAL_SPI_MspInit)
    i.HAL_SPI_Transmit                       0x08001b9c   Section        0  stm32l0xx_hal_spi.o(i.HAL_SPI_Transmit)
    i.HAL_SPI_TransmitReceive                0x08001d7a   Section        0  stm32l0xx_hal_spi.o(i.HAL_SPI_TransmitReceive)
    i.HAL_SYSTICK_Config                     0x08002114   Section        0  stm32l0xx_hal_cortex.o(i.HAL_SYSTICK_Config)
    i.HAL_TIM_Base_Init                      0x0800214c   Section        0  stm32l0xx_hal_tim.o(i.HAL_TIM_Base_Init)
    i.HAL_TIM_Base_MspInit                   0x08002180   Section        0  stm32l051.o(i.HAL_TIM_Base_MspInit)
    i.HAL_TIM_Base_Start_IT                  0x080021a8   Section        0  stm32l0xx_hal_tim.o(i.HAL_TIM_Base_Start_IT)
    i.HAL_TIM_IC_CaptureCallback             0x080021c6   Section        0  stm32l0xx_hal_tim.o(i.HAL_TIM_IC_CaptureCallback)
    i.HAL_TIM_IRQHandler                     0x080021c8   Section        0  stm32l0xx_hal_tim.o(i.HAL_TIM_IRQHandler)
    i.HAL_TIM_OC_DelayElapsedCallback        0x08002344   Section        0  stm32l0xx_hal_tim.o(i.HAL_TIM_OC_DelayElapsedCallback)
    i.HAL_TIM_PWM_PulseFinishedCallback      0x08002346   Section        0  stm32l0xx_hal_tim.o(i.HAL_TIM_PWM_PulseFinishedCallback)
    i.HAL_TIM_PeriodElapsedCallback          0x08002348   Section        0  stm32l0xx_hal_tim.o(i.HAL_TIM_PeriodElapsedCallback)
    i.HAL_TIM_TriggerCallback                0x0800234a   Section        0  stm32l0xx_hal_tim.o(i.HAL_TIM_TriggerCallback)
    i.HAL_UARTEx_WakeupCallback              0x0800234c   Section        0  stm32l0xx_hal_uart_ex.o(i.HAL_UARTEx_WakeupCallback)
    i.HAL_UART_ErrorCallback                 0x0800234e   Section        0  stm32l0xx_hal_uart.o(i.HAL_UART_ErrorCallback)
    i.HardFault_Handler                      0x08002350   Section        0  stm32l0xx_it.o(i.HardFault_Handler)
    i.LoRaMacInit                            0x08002354   Section        0  loramac.o(i.LoRaMacInit)
    i.LoRaMacSendFrameOnChannel              0x08002474   Section        0  loramac.o(i.LoRaMacSendFrameOnChannel)
    i.LoRaMacSetNextChannel                  0x08002630   Section        0  loramac.o(i.LoRaMacSetNextChannel)
    LoRaMacSetNextChannel                    0x08002631   Thumb Code   594  loramac.o(i.LoRaMacSetNextChannel)
    i.LoRaMac_Send                           0x080028ac   Section        0  loramac.o(i.LoRaMac_Send)
    i.NMI_Handler                            0x08002e90   Section        0  stm32l0xx_it.o(i.NMI_Handler)
    i.NVIC_SetPriority                       0x08002e94   Section        0  stm32l0xx_hal_cortex.o(i.NVIC_SetPriority)
    NVIC_SetPriority                         0x08002e95   Thumb Code   110  stm32l0xx_hal_cortex.o(i.NVIC_SetPriority)
    i.NVIC_SetPriority                       0x08002f0c   Section        0  stm32l051.o(i.NVIC_SetPriority)
    NVIC_SetPriority                         0x08002f0d   Thumb Code   110  stm32l051.o(i.NVIC_SetPriority)
    i.OnAckTimeoutTimerEvent                 0x08002f84   Section        0  loramac.o(i.OnAckTimeoutTimerEvent)
    OnAckTimeoutTimerEvent                   0x08002f85   Thumb Code    20  loramac.o(i.OnAckTimeoutTimerEvent)
    i.OnChannelCheckTimerEvent               0x08002fa0   Section        0  loramac.o(i.OnChannelCheckTimerEvent)
    OnChannelCheckTimerEvent                 0x08002fa1   Thumb Code    64  loramac.o(i.OnChannelCheckTimerEvent)
    i.OnMacStateCheckTimerEvent              0x08002fec   Section        0  loramac.o(i.OnMacStateCheckTimerEvent)
    OnMacStateCheckTimerEvent                0x08002fed   Thumb Code   464  loramac.o(i.OnMacStateCheckTimerEvent)
    i.OnRadioCadDone                         0x08003208   Section        0  loramac.o(i.OnRadioCadDone)
    i.OnRadioFhssChangeChannel               0x0800320a   Section        0  loramac.o(i.OnRadioFhssChangeChannel)
    i.OnRadioRxDone                          0x0800320c   Section        0  loramac.o(i.OnRadioRxDone)
    i.OnRadioRxError                         0x08004420   Section        0  loramac.o(i.OnRadioRxError)
    i.OnRadioRxTimeout                       0x08004448   Section        0  loramac.o(i.OnRadioRxTimeout)
    i.OnRadioTxDone                          0x08004470   Section        0  loramac.o(i.OnRadioTxDone)
    i.OnRadioTxTimeout                       0x08004608   Section        0  loramac.o(i.OnRadioTxTimeout)
    i.OnRxWindow1TimerEvent                  0x08004624   Section        0  loramac.o(i.OnRxWindow1TimerEvent)
    OnRxWindow1TimerEvent                    0x08004625   Thumb Code   128  loramac.o(i.OnRxWindow1TimerEvent)
    i.OnRxWindow2TimerEvent                  0x080046c4   Section        0  loramac.o(i.OnRxWindow2TimerEvent)
    OnRxWindow2TimerEvent                    0x080046c5   Thumb Code   112  loramac.o(i.OnRxWindow2TimerEvent)
    i.OnTxDelayedTimerEvent                  0x08004748   Section        0  loramac.o(i.OnTxDelayedTimerEvent)
    OnTxDelayedTimerEvent                    0x08004749   Thumb Code    14  loramac.o(i.OnTxDelayedTimerEvent)
    i.PendSV_Handler                         0x08004760   Section        0  stm32l0xx_it.o(i.PendSV_Handler)
    i.RFID_Init                              0x08004764   Section        0  rfid.o(i.RFID_Init)
    i.RFID_Task                              0x0800477c   Section        0  rfid.o(i.RFID_Task)
    i.RTC_IRQHandler                         0x080048c4   Section        0  bsp_rtc.o(i.RTC_IRQHandler)
    i.RtcRecoverMcuStatus                    0x080048d4   Section        0  bsp_rtc.o(i.RtcRecoverMcuStatus)
    i.SPI1_MspInit                           0x080048e8   Section        0  stm32l051.o(i.SPI1_MspInit)
    i.SPI_Read                               0x08004970   Section        0  spi.o(i.SPI_Read)
    i.SPI_Send                               0x080049d8   Section        0  spi.o(i.SPI_Send)
    i.SPI_WaitOnFlagUntilTimeout             0x08004a2c   Section        0  stm32l0xx_hal_spi.o(i.SPI_WaitOnFlagUntilTimeout)
    SPI_WaitOnFlagUntilTimeout               0x08004a2d   Thumb Code   280  stm32l0xx_hal_spi.o(i.SPI_WaitOnFlagUntilTimeout)
    i.SVC_Handler                            0x08004b44   Section        0  stm32l0xx_it.o(i.SVC_Handler)
    i.SX1276IsChannelFree                    0x08004b48   Section        0  sx1276.o(i.SX1276IsChannelFree)
    i.SX1276OnDio0Irq                        0x08004bc4   Section        0  sx1276.o(i.SX1276OnDio0Irq)
    i.SX1276OnDio1Irq                        0x08004e14   Section        0  sx1276.o(i.SX1276OnDio1Irq)
    i.SX1276OnDio2Irq                        0x08004e48   Section        0  sx1276.o(i.SX1276OnDio2Irq)
    i.SX1276OnDio3Irq                        0x08004eac   Section        0  sx1276.o(i.SX1276OnDio3Irq)
    i.SX1276OnTimeoutIrq                     0x08004edc   Section        0  sx1276.o(i.SX1276OnTimeoutIrq)
    i.SX1276Read                             0x08004f08   Section        0  sx1276.o(i.SX1276Read)
    i.SX1276ReadRssi                         0x08004f1c   Section        0  sx1276.o(i.SX1276ReadRssi)
    i.SX1276SetModem                         0x08004f84   Section        0  sx1276.o(i.SX1276SetModem)
    i.SX1276SetOpMode                        0x08005004   Section        0  sx1276.o(i.SX1276SetOpMode)
    i.SX1276SetSleep                         0x080050f4   Section        0  sx1276.o(i.SX1276SetSleep)
    i.SX1276SetStby                          0x0800511c   Section        0  sx1276.o(i.SX1276SetStby)
    i.SX1276Write                            0x08005144   Section        0  sx1276.o(i.SX1276Write)
    i.SX1276_Init                            0x08005154   Section        0  sx1276.o(i.SX1276_Init)
    i.SX1276_RxConfig                        0x0800534c   Section        0  sx1276.o(i.SX1276_RxConfig)
    i.SX1276_Send                            0x0800566c   Section        0  sx1276.o(i.SX1276_Send)
    i.SX1276_TxConfig                        0x08005778   Section        0  sx1276.o(i.SX1276_TxConfig)
    i.SysTick_Handler                        0x08005bd0   Section        0  stm32l051.o(i.SysTick_Handler)
    i.SystemClockConfig_STOP                 0x08005c0c   Section        0  bsp_rtc.o(i.SystemClockConfig_STOP)
    i.SystemInit                             0x08005c7c   Section        0  system_stm32l0xx.o(i.SystemInit)
    i.TIM2_IRQHandler                        0x08005ce4   Section        0  os_timer.o(i.TIM2_IRQHandler)
    i.TIM2_Tick_Present                      0x08005d78   Section        0  os_timer.o(i.TIM2_Tick_Present)
    i.TIM2_Time_Present                      0x08005d90   Section        0  os_timer.o(i.TIM2_Time_Present)
    i.TIM_Base_SetConfig                     0x08005da8   Section        0  stm32l0xx_hal_tim.o(i.TIM_Base_SetConfig)
    TIM_Base_SetConfig                       0x08005da9   Thumb Code    96  stm32l0xx_hal_tim.o(i.TIM_Base_SetConfig)
    i.TimerEvent_Start                       0x08005e10   Section        0  os_timer.o(i.TimerEvent_Start)
    i.TimerEvent_Stop                        0x08005fec   Section        0  os_timer.o(i.TimerEvent_Stop)
    i.TimerInit                              0x08006150   Section        0  os_timer.o(i.TimerInit)
    i.TimerSetValue                          0x08006160   Section        0  os_timer.o(i.TimerSetValue)
    i.TimerTask                              0x08006190   Section        0  os_timer.o(i.TimerTask)
    i.UART_AdvFeatureConfig                  0x080062ac   Section        0  stm32l0xx_hal_uart.o(i.UART_AdvFeatureConfig)
    i.UART_CheckIdleState                    0x0800639c   Section        0  stm32l0xx_hal_uart.o(i.UART_CheckIdleState)
    i.UART_Rx_IRQHandler                     0x080063fc   Section        0  uart.o(i.UART_Rx_IRQHandler)
    i.UART_Send                              0x080064a0   Section        0  uart.o(i.UART_Send)
    i.UART_SetConfig                         0x080064cc   Section        0  stm32l0xx_hal_uart.o(i.UART_SetConfig)
    i.UART_Start                             0x08006754   Section        0  uart.o(i.UART_Start)
    i.UART_WaitOnFlagUntilTimeout            0x0800676c   Section        0  stm32l0xx_hal_uart.o(i.UART_WaitOnFlagUntilTimeout)
    i.USART1_IRQHandler                      0x0800686c   Section        0  stm32l051.o(i.USART1_IRQHandler)
    i.__ARM_clz                              0x0800698c   Section        0  depilogue.o(i.__ARM_clz)
    i.__ARM_common_switch8                   0x080069ba   Section        0  stm32l0xx_hal_tim.o(i.__ARM_common_switch8)
    i.__scatterload_copy                     0x080069d6   Section       14  handlers.o(i.__scatterload_copy)
    i.__scatterload_null                     0x080069e4   Section        2  handlers.o(i.__scatterload_null)
    i.__scatterload_zeroinit                 0x080069e6   Section       14  handlers.o(i.__scatterload_zeroinit)
    i.add_round_key                          0x080069f4   Section        0  aes.o(i.add_round_key)
    add_round_key                            0x080069f5   Thumb Code    16  aes.o(i.add_round_key)
    i.aes_encrypt                            0x08006a04   Section        0  aes.o(i.aes_encrypt)
    i.aes_set_key                            0x08006a60   Section        0  aes.o(i.aes_set_key)
    i.ceil                                   0x08006b7c   Section        0  ceil.o(i.ceil)
    i.copy_and_key                           0x08006c44   Section        0  aes.o(i.copy_and_key)
    copy_and_key                             0x08006c45   Thumb Code   132  aes.o(i.copy_and_key)
    i.copy_block                             0x08006cc8   Section        0  aes.o(i.copy_block)
    copy_block                               0x08006cc9   Thumb Code    66  aes.o(i.copy_block)
    i.copy_block_nn                          0x08006d0a   Section        0  aes.o(i.copy_block_nn)
    copy_block_nn                            0x08006d0b   Thumb Code    24  aes.o(i.copy_block_nn)
    i.floor                                  0x08006d24   Section        0  floor.o(i.floor)
    i.main                                   0x08006dec   Section        0  main.o(i.main)
    i.memcpy1                                0x08006e2c   Section        0  data.o(i.memcpy1)
    i.memset1                                0x08006e44   Section        0  data.o(i.memset1)
    i.mix_sub_columns                        0x08006e58   Section        0  aes.o(i.mix_sub_columns)
    mix_sub_columns                          0x08006e59   Thumb Code   630  aes.o(i.mix_sub_columns)
    i.rand                                   0x080070dc   Section        0  data.o(i.rand)
    i.randr                                  0x0800710c   Section        0  data.o(i.randr)
    i.shift_sub_rows                         0x08007128   Section        0  aes.o(i.shift_sub_rows)
    shift_sub_rows                           0x08007129   Thumb Code   108  aes.o(i.shift_sub_rows)
    i.srand                                  0x08007198   Section        0  data.o(i.srand)
    i.stm32l051_Init                         0x080071a4   Section        0  stm32l051.o(i.stm32l051_Init)
    i.xor_block                              0x0800740c   Section        0  aes.o(i.xor_block)
    xor_block                                0x0800740d   Thumb Code   130  aes.o(i.xor_block)
    .constdata                               0x08007490   Section       28  stm32l0xx_hal_rcc.o(.constdata)
    .constdata                               0x080074ac   Section       14  loramac.o(.constdata)
    .constdata                               0x080074ba   Section       45  sx1276.o(.constdata)
    .constdata                               0x080074e7   Section      768  aes.o(.constdata)
    sbox                                     0x080074e7   Data         256  aes.o(.constdata)
    gfm2_sbox                                0x080075e7   Data         256  aes.o(.constdata)
    gfm3_sbox                                0x080076e7   Data         256  aes.o(.constdata)
    .data                                    0x20000000   Section        4  stm32l0xx_hal.o(.data)
    uwTick                                   0x20000000   Data           4  stm32l0xx_hal.o(.data)
    .data                                    0x20000004   Section       25  stm32l0xx_hal_rcc.o(.data)
    PLLMulTable                              0x20000004   Data           9  stm32l0xx_hal_rcc.o(.data)
    APBAHBPrescTable                         0x2000000d   Data          16  stm32l0xx_hal_rcc.o(.data)
    .data                                    0x20000020   Section       20  stm32l051.o(.data)
    .data                                    0x20000034   Section       29  system_stm32l0xx.o(.data)
    .data                                    0x20000052   Section        7  uart.o(.data)
    .data                                    0x20000060   Section      276  loramac.o(.data)
    ChannelsTxPower                          0x20000060   Data           1  loramac.o(.data)
    ChannelsDatarate                         0x20000061   Data           1  loramac.o(.data)
    ChannelsDefaultDatarate                  0x20000062   Data           1  loramac.o(.data)
    Rx2Channel                               0x200000d0   Data           5  loramac.o(.data)
    MulticastChannels                        0x200000e8   Data           4  loramac.o(.data)
    LoRaMacDevNonce                          0x200000f8   Data           2  loramac.o(.data)
    LoRaMacBufferPktLen                      0x200000fa   Data           2  loramac.o(.data)
    DownLinkCounter                          0x200000fc   Data           4  loramac.o(.data)
    IsUpLinkCounterFixed                     0x20000100   Data           1  loramac.o(.data)
    AdrCtrlOn                                0x20000101   Data           1  loramac.o(.data)
    NodeAckRequested                         0x20000102   Data           1  loramac.o(.data)
    SrvAckRequested                          0x20000103   Data           1  loramac.o(.data)
    AdrAckCounter                            0x20000104   Data           4  loramac.o(.data)
    Rx1DrOffset                              0x20000108   Data           1  loramac.o(.data)
    ChannelsMask                             0x2000010a   Data           2  loramac.o(.data)
    ChannelsNbRep                            0x2000010c   Data           1  loramac.o(.data)
    ChannelsNbRepCounter                     0x2000010d   Data           1  loramac.o(.data)
    Channel                                  0x2000010e   Data           1  loramac.o(.data)
    DutyCycleOn                              0x20000114   Data           1  loramac.o(.data)
    MaxDCycle                                0x20000115   Data           1  loramac.o(.data)
    AggregatedDCycle                         0x20000116   Data           2  loramac.o(.data)
    AggregatedLastTxDoneTime                 0x20000118   Data           8  loramac.o(.data)
    AggregatedTimeOff                        0x20000120   Data           8  loramac.o(.data)
    AckTimeoutRetries                        0x20000129   Data           1  loramac.o(.data)
    AckTimeoutRetriesCounter                 0x2000012a   Data           1  loramac.o(.data)
    AckTimeoutRetry                          0x2000012b   Data           1  loramac.o(.data)
    RxWindow1Delay                           0x20000134   Data           4  loramac.o(.data)
    RxWindow2Delay                           0x20000140   Data           4  loramac.o(.data)
    MicBlockB0                               0x2000014c   Data          16  loramac.o(.data)
    aBlock                                   0x2000015c   Data          16  loramac.o(.data)
    MacCommandsInNextTx                      0x2000016c   Data           1  loramac.o(.data)
    MacCommandsBufferIndex                   0x2000016d   Data           1  loramac.o(.data)
    TxDone                                   0x2000016e   Data           1  loramac.o(.data)
    Rxpacket_count                           0x20000170   Data           4  loramac.o(.data)
    .data                                    0x20000174   Section       49  sx1276.o(.data)
    RadioIsActive                            0x20000174   Data           1  sx1276.o(.data)
    opModePrev                               0x200001a4   Data           1  sx1276.o(.data)
    .data                                    0x200001a8   Section        4  cmac.o(.data)
    .data                                    0x200001ac   Section       58  rfid.o(.data)
    .data                                    0x200001e6   Section        3  communication.o(.data)
    lightStatus                              0x200001e8   Data           1  communication.o(.data)
    .data                                    0x200001ec   Section        4  data.o(.data)
    next                                     0x200001ec   Data           4  data.o(.data)
    .data                                    0x200001f0   Section       35  os_timer.o(.data)
    TimerListHead                            0x200001f0   Data           4  os_timer.o(.data)
    TIM2_Tick_EventStart                     0x20000200   Data           8  os_timer.o(.data)
    pwm_count                                0x20000211   Data           1  os_timer.o(.data)
    pwm_value                                0x20000212   Data           1  os_timer.o(.data)
    .bss                                     0x20000214   Section       36  bsp_rtc.o(.bss)
    .bss                                     0x20000238   Section      324  stm32l051.o(.bss)
    .bss                                     0x2000037c   Section     1025  uart.o(.bss)
    .bss                                     0x20000780   Section     1111  loramac.o(.bss)
    LoRaMacBuffer                            0x20000780   Data         128  loramac.o(.bss)
    LoRaMacPayload                           0x20000800   Data         128  loramac.o(.bss)
    LoRaMacRxPayload                         0x20000880   Data         128  loramac.o(.bss)
    ChannelCheckTimer                        0x20000900   Data          20  loramac.o(.bss)
    TxDelayedTimer                           0x20000928   Data          20  loramac.o(.bss)
    AckTimeoutTimer                          0x2000093c   Data          20  loramac.o(.bss)
    RxWindowTimer1                           0x20000950   Data          20  loramac.o(.bss)
    RxWindowTimer2                           0x20000964   Data          20  loramac.o(.bss)
    MacStateCheckTimer                       0x20000988   Data          20  loramac.o(.bss)
    Mic                                      0x2000099c   Data          16  loramac.o(.bss)
    sBlock                                   0x200009ac   Data          16  loramac.o(.bss)
    AesContext                               0x200009bc   Data         241  loramac.o(.bss)
    AesCmacCtx                               0x20000ab0   Data         280  loramac.o(.bss)
    MacCommandsBuffer                        0x20000bc8   Data          15  loramac.o(.bss)
    .bss                                     0x20000bd8   Section      340  sx1276.o(.bss)
    RxBuffer                                 0x20000bf0   Data         256  sx1276.o(.bss)
    STACK                                    0x20000d30   Section     1024  startup_stm32l051xx.o(STACK)

    Global Symbols

    Symbol Name                              Value     Ov Type        Size  Object(Section)

    BuildAttributes$$THM_ISAv3M$S$PE$A:L22$X:L11$S22$IEEE1$IW$USESV6$~STKCKD$USESV7$~SHL$OTIME$ROPI$IEEEJ$EBA8$MICROLIB$REQ8$PRES8$EABIv2 0x00000000   Number         0  anon$$obj.o ABSOLUTE
    __ARM_use_no_argv                        0x00000000   Number         0  main.o ABSOLUTE
    __cpp_initialize__aeabi_                  - Undefined Weak Reference
    __cxa_finalize                            - Undefined Weak Reference
    _clock_init                               - Undefined Weak Reference
    _microlib_exit                            - Undefined Weak Reference
    __Vectors_Size                           0x000000c0   Number         0  startup_stm32l051xx.o ABSOLUTE
    __Vectors                                0x08000000   Data           4  startup_stm32l051xx.o(RESET)
    __Vectors_End                            0x080000c0   Data           0  startup_stm32l051xx.o(RESET)
    __main                                   0x080000c1   Thumb Code     0  entry.o(.ARM.Collect$$$$00000000)
    _main_stk                                0x080000c1   Thumb Code     0  entry2.o(.ARM.Collect$$$$00000001)
    _main_scatterload                        0x080000c5   Thumb Code     0  entry5.o(.ARM.Collect$$$$00000004)
    __main_after_scatterload                 0x080000c9   Thumb Code     0  entry5.o(.ARM.Collect$$$$00000004)
    _main_clock                              0x080000c9   Thumb Code     0  entry7b.o(.ARM.Collect$$$$00000008)
    _main_cpp_init                           0x080000c9   Thumb Code     0  entry8b.o(.ARM.Collect$$$$0000000A)
    _main_init                               0x080000c9   Thumb Code     0  entry9a.o(.ARM.Collect$$$$0000000B)
    __rt_final_cpp                           0x080000d1   Thumb Code     0  entry10a.o(.ARM.Collect$$$$0000000D)
    __rt_final_exit                          0x080000d1   Thumb Code     0  entry11a.o(.ARM.Collect$$$$0000000F)
    Reset_Handler                            0x080000d5   Thumb Code     8  startup_stm32l051xx.o(.text)
    ADC1_COMP_IRQHandler                     0x080000e9   Thumb Code     0  startup_stm32l051xx.o(.text)
    DMA1_Channel1_IRQHandler                 0x080000e9   Thumb Code     0  startup_stm32l051xx.o(.text)
    DMA1_Channel2_3_IRQHandler               0x080000e9   Thumb Code     0  startup_stm32l051xx.o(.text)
    DMA1_Channel4_5_6_7_IRQHandler           0x080000e9   Thumb Code     0  startup_stm32l051xx.o(.text)
    FLASH_IRQHandler                         0x080000e9   Thumb Code     0  startup_stm32l051xx.o(.text)
    I2C1_IRQHandler                          0x080000e9   Thumb Code     0  startup_stm32l051xx.o(.text)
    I2C2_IRQHandler                          0x080000e9   Thumb Code     0  startup_stm32l051xx.o(.text)
    LPTIM1_IRQHandler                        0x080000e9   Thumb Code     0  startup_stm32l051xx.o(.text)
    LPUART1_IRQHandler                       0x080000e9   Thumb Code     0  startup_stm32l051xx.o(.text)
    PVD_IRQHandler                           0x080000e9   Thumb Code     0  startup_stm32l051xx.o(.text)
    RCC_IRQHandler                           0x080000e9   Thumb Code     0  startup_stm32l051xx.o(.text)
    SPI1_IRQHandler                          0x080000e9   Thumb Code     0  startup_stm32l051xx.o(.text)
    SPI2_IRQHandler                          0x080000e9   Thumb Code     0  startup_stm32l051xx.o(.text)
    TIM21_IRQHandler                         0x080000e9   Thumb Code     0  startup_stm32l051xx.o(.text)
    TIM22_IRQHandler                         0x080000e9   Thumb Code     0  startup_stm32l051xx.o(.text)
    TIM6_IRQHandler                          0x080000e9   Thumb Code     0  startup_stm32l051xx.o(.text)
    USART2_IRQHandler                        0x080000e9   Thumb Code     0  startup_stm32l051xx.o(.text)
    WWDG_IRQHandler                          0x080000e9   Thumb Code     0  startup_stm32l051xx.o(.text)
    __aeabi_uidiv                            0x080000f5   Thumb Code     0  uidiv.o(.text)
    __aeabi_uidivmod                         0x080000f5   Thumb Code    44  uidiv.o(.text)
    __aeabi_idiv                             0x08000121   Thumb Code     0  idiv.o(.text)
    __aeabi_idivmod                          0x08000121   Thumb Code    40  idiv.o(.text)
    __aeabi_lmul                             0x08000149   Thumb Code   122  llmul.o(.text)
    _ll_mul                                  0x08000149   Thumb Code     0  llmul.o(.text)
    __aeabi_memcpy                           0x080001c3   Thumb Code    36  memcpya.o(.text)
    __aeabi_memcpy4                          0x080001c3   Thumb Code     0  memcpya.o(.text)
    __aeabi_memcpy8                          0x080001c3   Thumb Code     0  memcpya.o(.text)
    __aeabi_uread4                           0x080001e7   Thumb Code    20  uread4.o(.text)
    __rt_uread4                              0x080001e7   Thumb Code     0  uread4.o(.text)
    _uread4                                  0x080001e7   Thumb Code     0  uread4.o(.text)
    __aeabi_uread8                           0x080001fb   Thumb Code    28  uread8.o(.text)
    __rt_uread8                              0x080001fb   Thumb Code     0  uread8.o(.text)
    _uread8                                  0x080001fb   Thumb Code     0  uread8.o(.text)
    __aeabi_uwrite4                          0x08000217   Thumb Code    18  uwrite4.o(.text)
    __rt_uwrite4                             0x08000217   Thumb Code     0  uwrite4.o(.text)
    _uwrite4                                 0x08000217   Thumb Code     0  uwrite4.o(.text)
    __aeabi_uwrite8                          0x08000229   Thumb Code    30  uwrite8.o(.text)
    __rt_uwrite8                             0x08000229   Thumb Code     0  uwrite8.o(.text)
    _uwrite8                                 0x08000229   Thumb Code     0  uwrite8.o(.text)
    __aeabi_dadd                             0x08000249   Thumb Code   328  dadd.o(.text)
    __aeabi_dsub                             0x08000391   Thumb Code    12  dadd.o(.text)
    __aeabi_drsub                            0x0800039d   Thumb Code    12  dadd.o(.text)
    __aeabi_dmul                             0x080003ad   Thumb Code   202  dmul.o(.text)
    __aeabi_ddiv                             0x0800047d   Thumb Code   234  ddiv.o(.text)
    __aeabi_i2d                              0x0800056d   Thumb Code    34  dflti.o(.text)
    __aeabi_ui2d                             0x08000595   Thumb Code    24  dfltui.o(.text)
    __aeabi_d2iz                             0x080005b1   Thumb Code    62  dfixi.o(.text)
    __aeabi_d2uiz                            0x080005f9   Thumb Code    50  dfixui.o(.text)
    __aeabi_d2ulz                            0x08000635   Thumb Code    54  dfixul.o(.text)
    __aeabi_cdrcmple                         0x08000675   Thumb Code    38  cdrcmple.o(.text)
    __aeabi_llsl                             0x0800069d   Thumb Code    32  llshl.o(.text)
    _ll_shift_l                              0x0800069d   Thumb Code     0  llshl.o(.text)
    __aeabi_llsr                             0x080006bd   Thumb Code    34  llushr.o(.text)
    _ll_ushift_r                             0x080006bd   Thumb Code     0  llushr.o(.text)
    __aeabi_lasr                             0x080006df   Thumb Code    38  llsshr.o(.text)
    _ll_sshift_r                             0x080006df   Thumb Code     0  llsshr.o(.text)
    __I$use$fp                               0x08000705   Thumb Code     0  iusefp.o(.text)
    _double_round                            0x08000705   Thumb Code    26  depilogue.o(.text)
    _double_epilogue                         0x0800071f   Thumb Code   164  depilogue.o(.text)
    __scatterload                            0x080007c5   Thumb Code    28  init.o(.text)
    __scatterload_rt2                        0x080007c5   Thumb Code     0  init.o(.text)
    __decompress                             0x080007e9   Thumb Code     0  __dczerorl2.o(.text)
    __decompress1                            0x080007e9   Thumb Code    86  __dczerorl2.o(.text)
    AES_CMAC_Final                           0x0800083f   Thumb Code   452  cmac.o(i.AES_CMAC_Final)
    AES_CMAC_Init                            0x08000a03   Thumb Code    34  cmac.o(i.AES_CMAC_Init)
    AES_CMAC_SetKey                          0x08000a25   Thumb Code    18  cmac.o(i.AES_CMAC_SetKey)
    AES_CMAC_Update                          0x08000a39   Thumb Code   252  cmac.o(i.AES_CMAC_Update)
    BoardMeasureBatterieLevel                0x08000be5   Thumb Code    16  loramac.o(i.BoardMeasureBatterieLevel)
    DebugMon_Handler                         0x08000bf5   Thumb Code     2  stm32l0xx_it.o(i.DebugMon_Handler)
    DelayMs                                  0x08000bf7   Thumb Code    76  os_timer.o(i.DelayMs)
    EXTI0_1_IRQHandler                       0x08000c45   Thumb Code    48  stm32l051.o(i.EXTI0_1_IRQHandler)
    EXTI2_3_IRQHandler                       0x08000c79   Thumb Code    26  stm32l051.o(i.EXTI2_3_IRQHandler)
    EXTI4_15_IRQHandler                      0x08000c99   Thumb Code    58  stm32l051.o(i.EXTI4_15_IRQHandler)
    HAL_GPIO_EXTI_Callback                   0x08000cd9   Thumb Code     2  stm32l0xx_hal_gpio.o(i.HAL_GPIO_EXTI_Callback)
    HAL_GPIO_Init                            0x08000cdd   Thumb Code   462  stm32l0xx_hal_gpio.o(i.HAL_GPIO_Init)
    HAL_GPIO_WritePin                        0x08000ec9   Thumb Code    12  stm32l0xx_hal_gpio.o(i.HAL_GPIO_WritePin)
    HAL_GetTick                              0x08000ed5   Thumb Code     6  stm32l0xx_hal.o(i.HAL_GetTick)
    HAL_IncTick                              0x08000ee1   Thumb Code    12  stm32l0xx_hal.o(i.HAL_IncTick)
    HAL_InitTick                             0x08000ef1   Thumb Code    38  stm32l0xx_hal.o(i.HAL_InitTick)
    HAL_NVIC_EnableIRQ                       0x08000f19   Thumb Code    18  stm32l0xx_hal_cortex.o(i.HAL_NVIC_EnableIRQ)
    HAL_NVIC_SetPriority                     0x08000f31   Thumb Code    18  stm32l0xx_hal_cortex.o(i.HAL_NVIC_SetPriority)
    HAL_RCC_ClockConfig                      0x08000f45   Thumb Code   748  stm32l0xx_hal_rcc.o(i.HAL_RCC_ClockConfig)
    HAL_RCC_GetHCLKFreq                      0x0800123d   Thumb Code    32  stm32l0xx_hal_rcc.o(i.HAL_RCC_GetHCLKFreq)
    HAL_RCC_GetOscConfig                     0x08001269   Thumb Code   290  stm32l0xx_hal_rcc.o(i.HAL_RCC_GetOscConfig)
    HAL_RCC_GetPCLK1Freq                     0x08001391   Thumb Code    26  stm32l0xx_hal_rcc.o(i.HAL_RCC_GetPCLK1Freq)
    HAL_RCC_GetPCLK2Freq                     0x080013b5   Thumb Code    26  stm32l0xx_hal_rcc.o(i.HAL_RCC_GetPCLK2Freq)
    HAL_RCC_GetSysClockFreq                  0x080013d9   Thumb Code   180  stm32l0xx_hal_rcc.o(i.HAL_RCC_GetSysClockFreq)
    HAL_RCC_OscConfig                        0x080014a5   Thumb Code  1478  stm32l0xx_hal_rcc.o(i.HAL_RCC_OscConfig)
    HAL_RTCEx_AlarmBEventCallback            0x08001a79   Thumb Code     2  stm32l0xx_hal_rtc_ex.o(i.HAL_RTCEx_AlarmBEventCallback)
    HAL_RTC_AlarmAEventCallback              0x08001a7b   Thumb Code    10  bsp_rtc.o(i.HAL_RTC_AlarmAEventCallback)
    HAL_RTC_AlarmIRQHandler                  0x08001a85   Thumb Code   120  stm32l0xx_hal_rtc.o(i.HAL_RTC_AlarmIRQHandler)
    HAL_SPI_GetState                         0x08001b09   Thumb Code     8  stm32l0xx_hal_spi.o(i.HAL_SPI_GetState)
    HAL_SPI_Init                             0x08001b11   Thumb Code   138  stm32l0xx_hal_spi.o(i.HAL_SPI_Init)
    HAL_SPI_MspInit                          0x08001b9b   Thumb Code     2  stm32l0xx_hal_spi.o(i.HAL_SPI_MspInit)
    HAL_SPI_Transmit                         0x08001b9d   Thumb Code   478  stm32l0xx_hal_spi.o(i.HAL_SPI_Transmit)
    HAL_SPI_TransmitReceive                  0x08001d7b   Thumb Code   922  stm32l0xx_hal_spi.o(i.HAL_SPI_TransmitReceive)
    HAL_SYSTICK_Config                       0x08002115   Thumb Code    46  stm32l0xx_hal_cortex.o(i.HAL_SYSTICK_Config)
    HAL_TIM_Base_Init                        0x0800214d   Thumb Code    50  stm32l0xx_hal_tim.o(i.HAL_TIM_Base_Init)
    HAL_TIM_Base_MspInit                     0x08002181   Thumb Code    34  stm32l051.o(i.HAL_TIM_Base_MspInit)
    HAL_TIM_Base_Start_IT                    0x080021a9   Thumb Code    30  stm32l0xx_hal_tim.o(i.HAL_TIM_Base_Start_IT)
    HAL_TIM_IC_CaptureCallback               0x080021c7   Thumb Code     2  stm32l0xx_hal_tim.o(i.HAL_TIM_IC_CaptureCallback)
    HAL_TIM_IRQHandler                       0x080021c9   Thumb Code   380  stm32l0xx_hal_tim.o(i.HAL_TIM_IRQHandler)
    HAL_TIM_OC_DelayElapsedCallback          0x08002345   Thumb Code     2  stm32l0xx_hal_tim.o(i.HAL_TIM_OC_DelayElapsedCallback)
    HAL_TIM_PWM_PulseFinishedCallback        0x08002347   Thumb Code     2  stm32l0xx_hal_tim.o(i.HAL_TIM_PWM_PulseFinishedCallback)
    HAL_TIM_PeriodElapsedCallback            0x08002349   Thumb Code     2  stm32l0xx_hal_tim.o(i.HAL_TIM_PeriodElapsedCallback)
    HAL_TIM_TriggerCallback                  0x0800234b   Thumb Code     2  stm32l0xx_hal_tim.o(i.HAL_TIM_TriggerCallback)
    HAL_UARTEx_WakeupCallback                0x0800234d   Thumb Code     2  stm32l0xx_hal_uart_ex.o(i.HAL_UARTEx_WakeupCallback)
    HAL_UART_ErrorCallback                   0x0800234f   Thumb Code     2  stm32l0xx_hal_uart.o(i.HAL_UART_ErrorCallback)
    HardFault_Handler                        0x08002351   Thumb Code     4  stm32l0xx_it.o(i.HardFault_Handler)
    LoRaMacInit                              0x08002355   Thumb Code   176  loramac.o(i.LoRaMacInit)
    LoRaMacSendFrameOnChannel                0x08002475   Thumb Code   380  loramac.o(i.LoRaMacSendFrameOnChannel)
    LoRaMac_Send                             0x080028ad   Thumb Code  1428  loramac.o(i.LoRaMac_Send)
    NMI_Handler                              0x08002e91   Thumb Code     2  stm32l0xx_it.o(i.NMI_Handler)
    OnRadioCadDone                           0x08003209   Thumb Code     2  loramac.o(i.OnRadioCadDone)
    OnRadioFhssChangeChannel                 0x0800320b   Thumb Code     2  loramac.o(i.OnRadioFhssChangeChannel)
    OnRadioRxDone                            0x0800320d   Thumb Code  4608  loramac.o(i.OnRadioRxDone)
    OnRadioRxError                           0x08004421   Thumb Code    34  loramac.o(i.OnRadioRxError)
    OnRadioRxTimeout                         0x08004449   Thumb Code    34  loramac.o(i.OnRadioRxTimeout)
    OnRadioTxDone                            0x08004471   Thumb Code   334  loramac.o(i.OnRadioTxDone)
    OnRadioTxTimeout                         0x08004609   Thumb Code    22  loramac.o(i.OnRadioTxTimeout)
    PendSV_Handler                           0x08004761   Thumb Code     2  stm32l0xx_it.o(i.PendSV_Handler)
    RFID_Init                                0x08004765   Thumb Code    20  rfid.o(i.RFID_Init)
    RFID_Task                                0x0800477d   Thumb Code   290  rfid.o(i.RFID_Task)
    RTC_IRQHandler                           0x080048c5   Thumb Code    10  bsp_rtc.o(i.RTC_IRQHandler)
    RtcRecoverMcuStatus                      0x080048d5   Thumb Code    20  bsp_rtc.o(i.RtcRecoverMcuStatus)
    SPI1_MspInit                             0x080048e9   Thumb Code   132  stm32l051.o(i.SPI1_MspInit)
    SPI_Read                                 0x08004971   Thumb Code   100  spi.o(i.SPI_Read)
    SPI_Send                                 0x080049d9   Thumb Code    80  spi.o(i.SPI_Send)
    SVC_Handler                              0x08004b45   Thumb Code     2  stm32l0xx_it.o(i.SVC_Handler)
    SX1276IsChannelFree                      0x08004b49   Thumb Code   116  sx1276.o(i.SX1276IsChannelFree)
    SX1276OnDio0Irq                          0x08004bc5   Thumb Code   540  sx1276.o(i.SX1276OnDio0Irq)
    SX1276OnDio1Irq                          0x08004e15   Thumb Code    42  sx1276.o(i.SX1276OnDio1Irq)
    SX1276OnDio2Irq                          0x08004e49   Thumb Code    90  sx1276.o(i.SX1276OnDio2Irq)
    SX1276OnDio3Irq                          0x08004ead   Thumb Code    48  sx1276.o(i.SX1276OnDio3Irq)
    SX1276OnTimeoutIrq                       0x08004edd   Thumb Code    40  sx1276.o(i.SX1276OnTimeoutIrq)
    SX1276Read                               0x08004f09   Thumb Code    20  sx1276.o(i.SX1276Read)
    SX1276ReadRssi                           0x08004f1d   Thumb Code    86  sx1276.o(i.SX1276ReadRssi)
    SX1276SetModem                           0x08004f85   Thumb Code   124  sx1276.o(i.SX1276SetModem)
    SX1276SetOpMode                          0x08005005   Thumb Code   224  sx1276.o(i.SX1276SetOpMode)
    SX1276SetSleep                           0x080050f5   Thumb Code    28  sx1276.o(i.SX1276SetSleep)
    SX1276SetStby                            0x0800511d   Thumb Code    28  sx1276.o(i.SX1276SetStby)
    SX1276Write                              0x08005145   Thumb Code    16  sx1276.o(i.SX1276Write)
    SX1276_Init                              0x08005155   Thumb Code   458  sx1276.o(i.SX1276_Init)
    SX1276_RxConfig                          0x0800534d   Thumb Code   734  sx1276.o(i.SX1276_RxConfig)
    SX1276_Send                              0x0800566d   Thumb Code   242  sx1276.o(i.SX1276_Send)
    SX1276_TxConfig                          0x08005779   Thumb Code  1112  sx1276.o(i.SX1276_TxConfig)
    SysTick_Handler                          0x08005bd1   Thumb Code    46  stm32l051.o(i.SysTick_Handler)
    SystemClockConfig_STOP                   0x08005c0d   Thumb Code   102  bsp_rtc.o(i.SystemClockConfig_STOP)
    SystemInit                               0x08005c7d   Thumb Code    88  system_stm32l0xx.o(i.SystemInit)
    TIM2_IRQHandler                          0x08005ce5   Thumb Code   124  os_timer.o(i.TIM2_IRQHandler)
    TIM2_Tick_Present                        0x08005d79   Thumb Code    18  os_timer.o(i.TIM2_Tick_Present)
    TIM2_Time_Present                        0x08005d91   Thumb Code    24  os_timer.o(i.TIM2_Time_Present)
    TimerEvent_Start                         0x08005e11   Thumb Code   462  os_timer.o(i.TimerEvent_Start)
    TimerEvent_Stop                          0x08005fed   Thumb Code   342  os_timer.o(i.TimerEvent_Stop)
    TimerInit                                0x08006151   Thumb Code    14  os_timer.o(i.TimerInit)
    TimerSetValue                            0x08006161   Thumb Code    44  os_timer.o(i.TimerSetValue)
    TimerTask                                0x08006191   Thumb Code   266  os_timer.o(i.TimerTask)
    UART_AdvFeatureConfig                    0x080062ad   Thumb Code   240  stm32l0xx_hal_uart.o(i.UART_AdvFeatureConfig)
    UART_CheckIdleState                      0x0800639d   Thumb Code    92  stm32l0xx_hal_uart.o(i.UART_CheckIdleState)
    UART_Rx_IRQHandler                       0x080063fd   Thumb Code   142  uart.o(i.UART_Rx_IRQHandler)
    UART_Send                                0x080064a1   Thumb Code    40  uart.o(i.UART_Send)
    UART_SetConfig                           0x080064cd   Thumb Code   610  stm32l0xx_hal_uart.o(i.UART_SetConfig)
    UART_Start                               0x08006755   Thumb Code    18  uart.o(i.UART_Start)
    UART_WaitOnFlagUntilTimeout              0x0800676d   Thumb Code   256  stm32l0xx_hal_uart.o(i.UART_WaitOnFlagUntilTimeout)
    USART1_IRQHandler                        0x0800686d   Thumb Code   284  stm32l051.o(i.USART1_IRQHandler)
    __ARM_clz                                0x0800698d   Thumb Code    46  depilogue.o(i.__ARM_clz)
    __ARM_common_switch8                     0x080069bb   Thumb Code    28  stm32l0xx_hal_tim.o(i.__ARM_common_switch8)
    __scatterload_copy                       0x080069d7   Thumb Code    14  handlers.o(i.__scatterload_copy)
    __scatterload_null                       0x080069e5   Thumb Code     2  handlers.o(i.__scatterload_null)
    __scatterload_zeroinit                   0x080069e7   Thumb Code    14  handlers.o(i.__scatterload_zeroinit)
    aes_encrypt                              0x08006a05   Thumb Code    90  aes.o(i.aes_encrypt)
    aes_set_key                              0x08006a61   Thumb Code   280  aes.o(i.aes_set_key)
    ceil                                     0x08006b7d   Thumb Code   180  ceil.o(i.ceil)
    floor                                    0x08006d25   Thumb Code   180  floor.o(i.floor)
    main                                     0x08006ded   Thumb Code    58  main.o(i.main)
    memcpy1                                  0x08006e2d   Thumb Code    24  data.o(i.memcpy1)
    memset1                                  0x08006e45   Thumb Code    20  data.o(i.memset1)
    rand                                     0x080070dd   Thumb Code    30  data.o(i.rand)
    randr                                    0x0800710d   Thumb Code    26  data.o(i.randr)
    srand                                    0x08007199   Thumb Code     6  data.o(i.srand)
    stm32l051_Init                           0x080071a5   Thumb Code   566  stm32l051.o(i.stm32l051_Init)
    MSIRangeTable                            0x08007490   Data          28  stm32l0xx_hal_rcc.o(.constdata)
    TxPowers                                 0x080074ac   Data           6  loramac.o(.constdata)
    Datarates                                0x080074b2   Data           8  loramac.o(.constdata)
    RadioRegsInit                            0x080074ba   Data          45  sx1276.o(.constdata)
    Region$$Table$$Base                      0x080077e8   Number         0  anon$$obj.o(Region$$Table)
    Region$$Table$$Limit                     0x08007808   Number         0  anon$$obj.o(Region$$Table)
    uwLsiFreq                                0x20000020   Data           4  stm32l051.o(.data)
    uwCaptureNumber                          0x20000024   Data           4  stm32l051.o(.data)
    uwPeriodValue                            0x20000028   Data           4  stm32l051.o(.data)
    uwPrescalerValue                         0x2000002c   Data           4  stm32l051.o(.data)
    SysTick_Delay_ms_value                   0x20000030   Data           4  stm32l051.o(.data)
    SystemCoreClock                          0x20000034   Data           4  system_stm32l0xx.o(.data)
    AHBPrescTable                            0x20000038   Data          16  system_stm32l0xx.o(.data)
    PLLMulTable                              0x20000048   Data           9  system_stm32l0xx.o(.data)
    UART_RxBuf_Top                           0x20000052   Data           2  uart.o(.data)
    UART_RxBuf_Rear                          0x20000054   Data           2  uart.o(.data)
    UART_RxBuf2_Top                          0x20000056   Data           2  uart.o(.data)
    UART_RxBuf2_Rear                         0x20000058   Data           1  uart.o(.data)
    LoRaMacDevAddr                           0x20000064   Data           4  loramac.o(.data)
    LoRaMacNwkSKey                           0x20000068   Data          16  loramac.o(.data)
    LoRaMacAppSKey                           0x20000078   Data          16  loramac.o(.data)
    LoRaMacDevEui                            0x20000088   Data           8  loramac.o(.data)
    LoRaMacAppEui                            0x20000090   Data           8  loramac.o(.data)
    LoRaMacAppKey                            0x20000098   Data          16  loramac.o(.data)
    LoRaMacNetID                             0x200000a8   Data           4  loramac.o(.data)
    Channels                                 0x200000ac   Data          18  loramac.o(.data)
    DnChannels                               0x200000be   Data          18  loramac.o(.data)
    Bands                                    0x200000d5   Data          19  loramac.o(.data)
    TxTimeOnAir                              0x200000f0   Data           8  loramac.o(.data)
    IsLoRaMacNetworkJoined                   0x2000010f   Data           1  loramac.o(.data)
    UpLinkCounter                            0x20000110   Data           4  loramac.o(.data)
    AckReceived                              0x20000128   Data           1  loramac.o(.data)
    JoinAcceptDelay1                         0x2000012c   Data           4  loramac.o(.data)
    ReceiveDelay1                            0x20000130   Data           4  loramac.o(.data)
    JoinAcceptDelay2                         0x20000138   Data           4  loramac.o(.data)
    ReceiveDelay2                            0x2000013c   Data           4  loramac.o(.data)
    LoRaMacEventFlags                        0x20000144   Data           1  loramac.o(.data)
    LoRaMacState                             0x20000148   Data           4  loramac.o(.data)
    SX1276_State                             0x20000175   Data           1  sx1276.o(.data)
    SX1276_Modem                             0x20000176   Data           1  sx1276.o(.data)
    SX1276_Channel                           0x20000178   Data           4  sx1276.o(.data)
    SX1276_Power                             0x2000017c   Data           1  sx1276.o(.data)
    SX1276_Bandwidth                         0x20000180   Data           4  sx1276.o(.data)
    SX1276_Datarate                          0x20000184   Data           4  sx1276.o(.data)
    SX1276_LowDatarateOptimize               0x20000188   Data           1  sx1276.o(.data)
    SX1276_Coderate                          0x20000189   Data           1  sx1276.o(.data)
    SX1276_PreambleLen                       0x2000018a   Data           2  sx1276.o(.data)
    SX1276_FixLen                            0x2000018c   Data           1  sx1276.o(.data)
    SX1276_PayloadLen                        0x2000018d   Data           1  sx1276.o(.data)
    SX1276_CrcOn                             0x2000018e   Data           1  sx1276.o(.data)
    SX1276_FreqHopOn                         0x2000018f   Data           1  sx1276.o(.data)
    SX1276_HopPeriod                         0x20000190   Data           1  sx1276.o(.data)
    SX1276_IqInverted                        0x20000191   Data           1  sx1276.o(.data)
    SX1276_RxContinuous                      0x20000192   Data           1  sx1276.o(.data)
    SX1276_TxTimeout                         0x20000194   Data           4  sx1276.o(.data)
    SX1276_Payload_SnrValue                  0x20000198   Data           1  sx1276.o(.data)
    SX1276_Payload_RssiValue                 0x20000199   Data           1  sx1276.o(.data)
    SX1276_Payload_Size                      0x2000019a   Data           1  sx1276.o(.data)
    SX1276_RxTx                              0x2000019b   Data           1  sx1276.o(.data)
    work_frequence                           0x2000019c   Data           1  sx1276.o(.data)
    CheckRfFrequency                         0x200001a0   Data           4  sx1276.o(.data)
    test                                     0x200001a8   Data           4  cmac.o(.data)
    tags                                     0x200001ac   Data          18  rfid.o(.data)
    top                                      0x200001be   Data           1  rfid.o(.data)
    rear                                     0x200001bf   Data           1  rfid.o(.data)
    rf_tick                                  0x200001c0   Data           2  rfid.o(.data)
    StopTime_tick                            0x200001c2   Data           2  rfid.o(.data)
    Multi_Inventory                          0x200001c4   Data          10  rfid.o(.data)
    Stop                                     0x200001ce   Data           7  rfid.o(.data)
    Single_Inventory                         0x200001d5   Data           7  rfid.o(.data)
    modem_frame                              0x200001dc   Data          10  rfid.o(.data)
    transmitStatus                           0x200001e6   Data           1  communication.o(.data)
    pwm_scale                                0x200001e7   Data           1  communication.o(.data)
    TIM2_Tick                                0x200001f8   Data           8  os_timer.o(.data)
    TIM2_Tick_EventEnd                       0x20000208   Data           8  os_timer.o(.data)
    HasLoopedThroughMain                     0x20000210   Data           1  os_timer.o(.data)
    RTCHandle                                0x20000214   Data          36  bsp_rtc.o(.bss)
    UartHandle                               0x20000238   Data         108  stm32l051.o(.bss)
    TimHandle                                0x200002a4   Data          56  stm32l051.o(.bss)
    IWDGHandle                               0x200002dc   Data          20  stm32l051.o(.bss)
    Input_Handle                             0x200002f0   Data          56  stm32l051.o(.bss)
    SpiHandle                                0x20000328   Data          84  stm32l051.o(.bss)
    UART_RxBuf                               0x2000037c   Data        1000  uart.o(.bss)
    UART_RxBuf2                              0x20000764   Data          25  uart.o(.bss)
    JoinReqTimer                             0x20000914   Data          20  loramac.o(.bss)
    LoRaMacEventInfo                         0x20000978   Data          15  loramac.o(.bss)
    AntSwitchLf                              0x20000bd8   Data          12  sx1276.o(.bss)
    AntSwitchHf                              0x20000be4   Data          12  sx1276.o(.bss)
    TxTimeoutTimer                           0x20000cf0   Data          20  sx1276.o(.bss)
    RxTimeoutTimer                           0x20000d04   Data          20  sx1276.o(.bss)
    RxTimeoutSyncWord                        0x20000d18   Data          20  sx1276.o(.bss)
    __initial_sp                             0x20001130   Data           0  startup_stm32l051xx.o(STACK)



==============================================================================

Memory Map of the image

  Image Entry point : 0x080000c1

  Load Region LR_IROM1 (Base: 0x08000000, Size: 0x00007a1c, Max: 0x00010000, ABSOLUTE, COMPRESSED[0x000078e8])

    Execution Region ER_IROM1 (Base: 0x08000000, Size: 0x00007808, Max: 0x00010000, ABSOLUTE)

    Base Addr    Size         Type   Attr      Idx    E Section Name        Object

    0x08000000   0x000000c0   Data   RO            3    RESET               startup_stm32l051xx.o
    0x080000c0   0x00000000   Code   RO         4550  * .ARM.Collect$$$$00000000  mc_p.l(entry.o)
    0x080000c0   0x00000004   Code   RO         4593    .ARM.Collect$$$$00000001  mc_p.l(entry2.o)
    0x080000c4   0x00000004   Code   RO         4596    .ARM.Collect$$$$00000004  mc_p.l(entry5.o)
    0x080000c8   0x00000000   Code   RO         4598    .ARM.Collect$$$$00000008  mc_p.l(entry7b.o)
    0x080000c8   0x00000000   Code   RO         4600    .ARM.Collect$$$$0000000A  mc_p.l(entry8b.o)
    0x080000c8   0x00000008   Code   RO         4601    .ARM.Collect$$$$0000000B  mc_p.l(entry9a.o)
    0x080000d0   0x00000000   Code   RO         4603    .ARM.Collect$$$$0000000D  mc_p.l(entry10a.o)
    0x080000d0   0x00000000   Code   RO         4605    .ARM.Collect$$$$0000000F  mc_p.l(entry11a.o)
    0x080000d0   0x00000004   Code   RO         4594    .ARM.Collect$$$$00002712  mc_p.l(entry2.o)
    0x080000d4   0x00000020   Code   RO            4    .text               startup_stm32l051xx.o
    0x080000f4   0x0000002c   Code   RO         4553    .text               mc_p.l(uidiv.o)
    0x08000120   0x00000028   Code   RO         4555    .text               mc_p.l(idiv.o)
    0x08000148   0x0000007a   Code   RO         4557    .text               mc_p.l(llmul.o)
    0x080001c2   0x00000024   Code   RO         4559    .text               mc_p.l(memcpya.o)
    0x080001e6   0x00000014   Code   RO         4563    .text               mc_p.l(uread4.o)
    0x080001fa   0x0000001c   Code   RO         4565    .text               mc_p.l(uread8.o)
    0x08000216   0x00000012   Code   RO         4567    .text               mc_p.l(uwrite4.o)
    0x08000228   0x0000001e   Code   RO         4569    .text               mc_p.l(uwrite8.o)
    0x08000246   0x00000002   PAD
    0x08000248   0x00000164   Code   RO         4571    .text               mf_p.l(dadd.o)
    0x080003ac   0x000000d0   Code   RO         4573    .text               mf_p.l(dmul.o)
    0x0800047c   0x000000f0   Code   RO         4575    .text               mf_p.l(ddiv.o)
    0x0800056c   0x00000028   Code   RO         4577    .text               mf_p.l(dflti.o)
    0x08000594   0x0000001c   Code   RO         4579    .text               mf_p.l(dfltui.o)
    0x080005b0   0x00000048   Code   RO         4583    .text               mf_p.l(dfixi.o)
    0x080005f8   0x0000003c   Code   RO         4585    .text               mf_p.l(dfixui.o)
    0x08000634   0x00000040   Code   RO         4587    .text               mf_p.l(dfixul.o)
    0x08000674   0x00000028   Code   RO         4591    .text               mf_p.l(cdrcmple.o)
    0x0800069c   0x00000020   Code   RO         4607    .text               mc_p.l(llshl.o)
    0x080006bc   0x00000022   Code   RO         4609    .text               mc_p.l(llushr.o)
    0x080006de   0x00000026   Code   RO         4611    .text               mc_p.l(llsshr.o)
    0x08000704   0x00000000   Code   RO         4613    .text               mc_p.l(iusefp.o)
    0x08000704   0x000000be   Code   RO         4614    .text               mf_p.l(depilogue.o)
    0x080007c2   0x00000002   PAD
    0x080007c4   0x00000024   Code   RO         4618    .text               mc_p.l(init.o)
    0x080007e8   0x00000056   Code   RO         4628    .text               mc_p.l(__dczerorl2.o)
    0x0800083e   0x000001c4   Code   RO         4242    i.AES_CMAC_Final    cmac.o
    0x08000a02   0x00000022   Code   RO         4243    i.AES_CMAC_Init     cmac.o
    0x08000a24   0x00000012   Code   RO         4244    i.AES_CMAC_SetKey   cmac.o
    0x08000a36   0x00000002   PAD
    0x08000a38   0x00000100   Code   RO         4245    i.AES_CMAC_Update   cmac.o
    0x08000b38   0x000000ac   Code   RO         3852    i.AddMacCommand     loramac.o
    0x08000be4   0x00000010   Code   RO         3854    i.BoardMeasureBatterieLevel  loramac.o
    0x08000bf4   0x00000002   Code   RO         3557    i.DebugMon_Handler  stm32l0xx_it.o
    0x08000bf6   0x0000004c   Code   RO         4440    i.DelayMs           os_timer.o
    0x08000c42   0x00000002   PAD
    0x08000c44   0x00000034   Code   RO         3604    i.EXTI0_1_IRQHandler  stm32l051.o
    0x08000c78   0x00000020   Code   RO         3605    i.EXTI2_3_IRQHandler  stm32l051.o
    0x08000c98   0x00000040   Code   RO         3606    i.EXTI4_15_IRQHandler  stm32l051.o
    0x08000cd8   0x00000002   Code   RO         1004    i.HAL_GPIO_EXTI_Callback  stm32l0xx_hal_gpio.o
    0x08000cda   0x00000002   PAD
    0x08000cdc   0x000001ec   Code   RO         1006    i.HAL_GPIO_Init     stm32l0xx_hal_gpio.o
    0x08000ec8   0x0000000c   Code   RO         1010    i.HAL_GPIO_WritePin  stm32l0xx_hal_gpio.o
    0x08000ed4   0x0000000c   Code   RO          323    i.HAL_GetTick       stm32l0xx_hal.o
    0x08000ee0   0x00000010   Code   RO          325    i.HAL_IncTick       stm32l0xx_hal.o
    0x08000ef0   0x00000026   Code   RO          327    i.HAL_InitTick      stm32l0xx_hal.o
    0x08000f16   0x00000002   PAD
    0x08000f18   0x00000018   Code   RO          760    i.HAL_NVIC_EnableIRQ  stm32l0xx_hal_cortex.o
    0x08000f30   0x00000012   Code   RO          763    i.HAL_NVIC_SetPriority  stm32l0xx_hal_cortex.o
    0x08000f42   0x00000002   PAD
    0x08000f44   0x000002f8   Code   RO         1548    i.HAL_RCC_ClockConfig  stm32l0xx_hal_rcc.o
    0x0800123c   0x0000002c   Code   RO         1552    i.HAL_RCC_GetHCLKFreq  stm32l0xx_hal_rcc.o
    0x08001268   0x00000128   Code   RO         1553    i.HAL_RCC_GetOscConfig  stm32l0xx_hal_rcc.o
    0x08001390   0x00000024   Code   RO         1554    i.HAL_RCC_GetPCLK1Freq  stm32l0xx_hal_rcc.o
    0x080013b4   0x00000024   Code   RO         1555    i.HAL_RCC_GetPCLK2Freq  stm32l0xx_hal_rcc.o
    0x080013d8   0x000000cc   Code   RO         1556    i.HAL_RCC_GetSysClockFreq  stm32l0xx_hal_rcc.o
    0x080014a4   0x000005d4   Code   RO         1559    i.HAL_RCC_OscConfig  stm32l0xx_hal_rcc.o
    0x08001a78   0x00000002   Code   RO         1829    i.HAL_RTCEx_AlarmBEventCallback  stm32l0xx_hal_rtc_ex.o
    0x08001a7a   0x0000000a   Code   RO           14    i.HAL_RTC_AlarmAEventCallback  bsp_rtc.o
    0x08001a84   0x00000084   Code   RO         1696    i.HAL_RTC_AlarmIRQHandler  stm32l0xx_hal_rtc.o
    0x08001b08   0x00000008   Code   RO         2047    i.HAL_SPI_GetState  stm32l0xx_hal_spi.o
    0x08001b10   0x0000008a   Code   RO         2049    i.HAL_SPI_Init      stm32l0xx_hal_spi.o
    0x08001b9a   0x00000002   Code   RO         2051    i.HAL_SPI_MspInit   stm32l0xx_hal_spi.o
    0x08001b9c   0x000001de   Code   RO         2057    i.HAL_SPI_Transmit  stm32l0xx_hal_spi.o
    0x08001d7a   0x0000039a   Code   RO         2058    i.HAL_SPI_TransmitReceive  stm32l0xx_hal_spi.o
    0x08002114   0x00000038   Code   RO          767    i.HAL_SYSTICK_Config  stm32l0xx_hal_cortex.o
    0x0800214c   0x00000032   Code   RO         2282    i.HAL_TIM_Base_Init  stm32l0xx_hal_tim.o
    0x0800217e   0x00000002   PAD
    0x08002180   0x00000028   Code   RO         3607    i.HAL_TIM_Base_MspInit  stm32l051.o
    0x080021a8   0x0000001e   Code   RO         2287    i.HAL_TIM_Base_Start_IT  stm32l0xx_hal_tim.o
    0x080021c6   0x00000002   Code   RO         2314    i.HAL_TIM_IC_CaptureCallback  stm32l0xx_hal_tim.o
    0x080021c8   0x0000017c   Code   RO         2327    i.HAL_TIM_IRQHandler  stm32l0xx_hal_tim.o
    0x08002344   0x00000002   Code   RO         2330    i.HAL_TIM_OC_DelayElapsedCallback  stm32l0xx_hal_tim.o
    0x08002346   0x00000002   Code   RO         2357    i.HAL_TIM_PWM_PulseFinishedCallback  stm32l0xx_hal_tim.o
    0x08002348   0x00000002   Code   RO         2364    i.HAL_TIM_PeriodElapsedCallback  stm32l0xx_hal_tim.o
    0x0800234a   0x00000002   Code   RO         2367    i.HAL_TIM_TriggerCallback  stm32l0xx_hal_tim.o
    0x0800234c   0x00000002   Code   RO         3204    i.HAL_UARTEx_WakeupCallback  stm32l0xx_hal_uart_ex.o
    0x0800234e   0x00000002   Code   RO         2957    i.HAL_UART_ErrorCallback  stm32l0xx_hal_uart.o
    0x08002350   0x00000004   Code   RO         3558    i.HardFault_Handler  stm32l0xx_it.o
    0x08002354   0x00000120   Code   RO         3855    i.LoRaMacInit       loramac.o
    0x08002474   0x000001bc   Code   RO         3857    i.LoRaMacSendFrameOnChannel  loramac.o
    0x08002630   0x0000027c   Code   RO         3858    i.LoRaMacSetNextChannel  loramac.o
    0x080028ac   0x000005e4   Code   RO         3859    i.LoRaMac_Send      loramac.o
    0x08002e90   0x00000002   Code   RO         3559    i.NMI_Handler       stm32l0xx_it.o
    0x08002e92   0x00000002   PAD
    0x08002e94   0x00000078   Code   RO          769    i.NVIC_SetPriority  stm32l0xx_hal_cortex.o
    0x08002f0c   0x00000078   Code   RO         3609    i.NVIC_SetPriority  stm32l051.o
    0x08002f84   0x0000001c   Code   RO         3860    i.OnAckTimeoutTimerEvent  loramac.o
    0x08002fa0   0x0000004c   Code   RO         3861    i.OnChannelCheckTimerEvent  loramac.o
    0x08002fec   0x0000021c   Code   RO         3862    i.OnMacStateCheckTimerEvent  loramac.o
    0x08003208   0x00000002   Code   RO         3863    i.OnRadioCadDone    loramac.o
    0x0800320a   0x00000002   Code   RO         3864    i.OnRadioFhssChangeChannel  loramac.o
    0x0800320c   0x00001214   Code   RO         3865    i.OnRadioRxDone     loramac.o
    0x08004420   0x00000028   Code   RO         3866    i.OnRadioRxError    loramac.o
    0x08004448   0x00000028   Code   RO         3867    i.OnRadioRxTimeout  loramac.o
    0x08004470   0x00000198   Code   RO         3868    i.OnRadioTxDone     loramac.o
    0x08004608   0x0000001c   Code   RO         3869    i.OnRadioTxTimeout  loramac.o
    0x08004624   0x000000a0   Code   RO         3870    i.OnRxWindow1TimerEvent  loramac.o
    0x080046c4   0x00000084   Code   RO         3871    i.OnRxWindow2TimerEvent  loramac.o
    0x08004748   0x00000018   Code   RO         3872    i.OnTxDelayedTimerEvent  loramac.o
    0x08004760   0x00000002   Code   RO         3560    i.PendSV_Handler    stm32l0xx_it.o
    0x08004762   0x00000002   PAD
    0x08004764   0x00000018   Code   RO         4325    i.RFID_Init         rfid.o
    0x0800477c   0x00000148   Code   RO         4326    i.RFID_Task         rfid.o
    0x080048c4   0x00000010   Code   RO           18    i.RTC_IRQHandler    bsp_rtc.o
    0x080048d4   0x00000014   Code   RO           27    i.RtcRecoverMcuStatus  bsp_rtc.o
    0x080048e8   0x00000088   Code   RO         3612    i.SPI1_MspInit      stm32l051.o
    0x08004970   0x00000068   Code   RO         3762    i.SPI_Read          spi.o
    0x080049d8   0x00000054   Code   RO         3763    i.SPI_Send          spi.o
    0x08004a2c   0x00000118   Code   RO         2079    i.SPI_WaitOnFlagUntilTimeout  stm32l0xx_hal_spi.o
    0x08004b44   0x00000002   Code   RO         3561    i.SVC_Handler       stm32l0xx_it.o
    0x08004b46   0x00000002   PAD
    0x08004b48   0x0000007c   Code   RO         4023    i.SX1276IsChannelFree  sx1276.o
    0x08004bc4   0x00000250   Code   RO         4024    i.SX1276OnDio0Irq   sx1276.o
    0x08004e14   0x00000034   Code   RO         4025    i.SX1276OnDio1Irq   sx1276.o
    0x08004e48   0x00000064   Code   RO         4026    i.SX1276OnDio2Irq   sx1276.o
    0x08004eac   0x00000030   Code   RO         4027    i.SX1276OnDio3Irq   sx1276.o
    0x08004edc   0x0000002c   Code   RO         4030    i.SX1276OnTimeoutIrq  sx1276.o
    0x08004f08   0x00000014   Code   RO         4032    i.SX1276Read        sx1276.o
    0x08004f1c   0x00000068   Code   RO         4033    i.SX1276ReadRssi    sx1276.o
    0x08004f84   0x00000080   Code   RO         4034    i.SX1276SetModem    sx1276.o
    0x08005004   0x000000f0   Code   RO         4035    i.SX1276SetOpMode   sx1276.o
    0x080050f4   0x00000028   Code   RO         4036    i.SX1276SetSleep    sx1276.o
    0x0800511c   0x00000028   Code   RO         4037    i.SX1276SetStby     sx1276.o
    0x08005144   0x00000010   Code   RO         4039    i.SX1276Write       sx1276.o
    0x08005154   0x000001f8   Code   RO         4040    i.SX1276_Init       sx1276.o
    0x0800534c   0x00000320   Code   RO         4041    i.SX1276_RxConfig   sx1276.o
    0x0800566c   0x0000010c   Code   RO         4042    i.SX1276_Send       sx1276.o
    0x08005778   0x00000458   Code   RO         4043    i.SX1276_TxConfig   sx1276.o
    0x08005bd0   0x0000003c   Code   RO         3614    i.SysTick_Handler   stm32l051.o
    0x08005c0c   0x00000070   Code   RO           32    i.SystemClockConfig_STOP  bsp_rtc.o
    0x08005c7c   0x00000068   Code   RO         3731    i.SystemInit        system_stm32l0xx.o
    0x08005ce4   0x00000094   Code   RO         4441    i.TIM2_IRQHandler   os_timer.o
    0x08005d78   0x00000018   Code   RO         4442    i.TIM2_Tick_Present  os_timer.o
    0x08005d90   0x00000018   Code   RO         4443    i.TIM2_Time_Present  os_timer.o
    0x08005da8   0x00000068   Code   RO         2368    i.TIM_Base_SetConfig  stm32l0xx_hal_tim.o
    0x08005e10   0x000001dc   Code   RO         4444    i.TimerEvent_Start  os_timer.o
    0x08005fec   0x00000164   Code   RO         4445    i.TimerEvent_Stop   os_timer.o
    0x08006150   0x0000000e   Code   RO         4446    i.TimerInit         os_timer.o
    0x0800615e   0x00000002   PAD
    0x08006160   0x00000030   Code   RO         4448    i.TimerSetValue     os_timer.o
    0x08006190   0x0000011c   Code   RO         4449    i.TimerTask         os_timer.o
    0x080062ac   0x000000f0   Code   RO         2974    i.UART_AdvFeatureConfig  stm32l0xx_hal_uart.o
    0x0800639c   0x00000060   Code   RO         2975    i.UART_CheckIdleState  stm32l0xx_hal_uart.o
    0x080063fc   0x000000a4   Code   RO         3811    i.UART_Rx_IRQHandler  uart.o
    0x080064a0   0x0000002c   Code   RO         3812    i.UART_Send         uart.o
    0x080064cc   0x00000288   Code   RO         2982    i.UART_SetConfig    stm32l0xx_hal_uart.o
    0x08006754   0x00000018   Code   RO         3813    i.UART_Start        uart.o
    0x0800676c   0x00000100   Code   RO         2984    i.UART_WaitOnFlagUntilTimeout  stm32l0xx_hal_uart.o
    0x0800686c   0x00000120   Code   RO         3615    i.USART1_IRQHandler  stm32l051.o
    0x0800698c   0x0000002e   Code   RO         4616    i.__ARM_clz         mf_p.l(depilogue.o)
    0x080069ba   0x0000001c   Code   RO         2897    i.__ARM_common_switch8  stm32l0xx_hal_tim.o
    0x080069d6   0x0000000e   Code   RO         4622    i.__scatterload_copy  mc_p.l(handlers.o)
    0x080069e4   0x00000002   Code   RO         4623    i.__scatterload_null  mc_p.l(handlers.o)
    0x080069e6   0x0000000e   Code   RO         4624    i.__scatterload_zeroinit  mc_p.l(handlers.o)
    0x080069f4   0x00000010   Code   RO         4178    i.add_round_key     aes.o
    0x08006a04   0x0000005a   Code   RO         4180    i.aes_encrypt       aes.o
    0x08006a5e   0x00000002   PAD
    0x08006a60   0x0000011c   Code   RO         4181    i.aes_set_key       aes.o
    0x08006b7c   0x000000c8   Code   RO         4543    i.ceil              m_ps.l(ceil.o)
    0x08006c44   0x00000084   Code   RO         4182    i.copy_and_key      aes.o
    0x08006cc8   0x00000042   Code   RO         4183    i.copy_block        aes.o
    0x08006d0a   0x00000018   Code   RO         4184    i.copy_block_nn     aes.o
    0x08006d22   0x00000002   PAD
    0x08006d24   0x000000c8   Code   RO         4547    i.floor             m_ps.l(floor.o)
    0x08006dec   0x00000040   Code   RO         4283    i.main              main.o
    0x08006e2c   0x00000018   Code   RO         4392    i.memcpy1           data.o
    0x08006e44   0x00000014   Code   RO         4393    i.memset1           data.o
    0x08006e58   0x00000284   Code   RO         4185    i.mix_sub_columns   aes.o
    0x080070dc   0x00000030   Code   RO         4394    i.rand              data.o
    0x0800710c   0x0000001a   Code   RO         4395    i.randr             data.o
    0x08007126   0x00000002   PAD
    0x08007128   0x00000070   Code   RO         4186    i.shift_sub_rows    aes.o
    0x08007198   0x0000000c   Code   RO         4396    i.srand             data.o
    0x080071a4   0x00000268   Code   RO         3616    i.stm32l051_Init    stm32l051.o
    0x0800740c   0x00000082   Code   RO         4187    i.xor_block         aes.o
    0x0800748e   0x00000002   PAD
    0x08007490   0x0000001c   Data   RO         1560    .constdata          stm32l0xx_hal_rcc.o
    0x080074ac   0x0000000e   Data   RO         3874    .constdata          loramac.o
    0x080074ba   0x0000002d   Data   RO         4045    .constdata          sx1276.o
    0x080074e7   0x00000300   Data   RO         4188    .constdata          aes.o
    0x080077e7   0x00000001   PAD
    0x080077e8   0x00000020   Data   RO         4620    Region$$Table       anon$$obj.o


    Execution Region RW_IRAM1 (Base: 0x20000000, Size: 0x00001130, Max: 0x00002000, ABSOLUTE, COMPRESSED[0x000000e0])

    Base Addr    Size         Type   Attr      Idx    E Section Name        Object

    0x20000000   0x00000004   Data   RW          337    .data               stm32l0xx_hal.o
    0x20000004   0x00000019   Data   RW         1561    .data               stm32l0xx_hal_rcc.o
    0x2000001d   0x00000003   PAD
    0x20000020   0x00000014   Data   RW         3618    .data               stm32l051.o
    0x20000034   0x0000001d   Data   RW         3732    .data               system_stm32l0xx.o
    0x20000051   0x00000001   PAD
    0x20000052   0x00000007   Data   RW         3815    .data               uart.o
    0x20000059   0x00000007   PAD
    0x20000060   0x00000114   Data   RW         3875    .data               loramac.o
    0x20000174   0x00000031   Data   RW         4046    .data               sx1276.o
    0x200001a5   0x00000003   PAD
    0x200001a8   0x00000004   Data   RW         4246    .data               cmac.o
    0x200001ac   0x0000003a   Data   RW         4328    .data               rfid.o
    0x200001e6   0x00000003   Data   RW         4362    .data               communication.o
    0x200001e9   0x00000003   PAD
    0x200001ec   0x00000004   Data   RW         4397    .data               data.o
    0x200001f0   0x00000023   Data   RW         4450    .data               os_timer.o
    0x20000213   0x00000001   PAD
    0x20000214   0x00000024   Zero   RW           35    .bss                bsp_rtc.o
    0x20000238   0x00000144   Zero   RW         3617    .bss                stm32l051.o
    0x2000037c   0x00000401   Zero   RW         3814    .bss                uart.o
    0x2000077d   0x00000003   PAD
    0x20000780   0x00000457   Zero   RW         3873    .bss                loramac.o
    0x20000bd7   0x00000001   PAD
    0x20000bd8   0x00000154   Zero   RW         4044    .bss                sx1276.o
    0x20000d2c   0x00000004   PAD
    0x20000d30   0x00000400   Zero   RW            1    STACK               startup_stm32l051xx.o


==============================================================================

Image component sizes


      Code (inc. data)   RO Data    RW Data    ZI Data      Debug   Object Name

      1498         22        768          0          0      14236   aes.o
       158         16          0          0         36     203508   bsp_rtc.o
       760          4          0          4          0       4348   cmac.o
         0          0          0          3          0       1606   communication.o
       130         24          0          4          0       3007   data.o
      9172       1014         14        276       1111      25231   loramac.o
        64          6          0          0          0        459   main.o
      1450         80          0         35          0       7145   os_timer.o
       352         42          0         58          0       2228   rfid.o
       188          8          0          0          0       1926   spi.o
        32         10        192          0       1024        728   startup_stm32l051xx.o
      1408        104          0         20        324      13998   stm32l051.o
        66         10          0          4          0      71944   stm32l0xx_hal.o
       218         26          0          0          0       9913   stm32l0xx_hal_cortex.o
       506         30          0          0          0       3161   stm32l0xx_hal_gpio.o
      2868        108         28         25          0       6843   stm32l0xx_hal_rcc.o
       132         12          0          0          0       1458   stm32l0xx_hal_rtc.o
         2          0          0          0          0       1364   stm32l0xx_hal_rtc_ex.o
      1828          0          0          0          0       5569   stm32l0xx_hal_spi.o
       602          8          0          0          0       5698   stm32l0xx_hal_tim.o
      1242         66          0          0          0       4210   stm32l0xx_hal_uart.o
         2          0          0          0          0        932   stm32l0xx_hal_uart_ex.o
        12          0          0          0          0       2260   stm32l0xx_it.o
      4232        380         45         49        340      16399   sx1276.o
       104         16          0         29          0       1229   system_stm32l0xx.o
       232         32          0          7       1025       2348   uart.o

    ----------------------------------------------------------------------
     27286       2018       1080        532       3868     411748   Object Totals
         0          0         32          0          0          0   (incl. Generated)
        28          0          1         18          8          0   (incl. Padding)

    ----------------------------------------------------------------------

      Code (inc. data)   RO Data    RW Data    ZI Data      Debug   Library Member Name

       200         20          0          0          0         76   ceil.o
       200         20          0          0          0         76   floor.o
        86          0          0          0          0          0   __dczerorl2.o
         0          0          0          0          0          0   entry.o
         0          0          0          0          0          0   entry10a.o
         0          0          0          0          0          0   entry11a.o
         8          4          0          0          0          0   entry2.o
         4          0          0          0          0          0   entry5.o
         0          0          0          0          0          0   entry7b.o
         0          0          0          0          0          0   entry8b.o
         8          4          0          0          0          0   entry9a.o
        30          0          0          0          0          0   handlers.o
        40          0          0          0          0         72   idiv.o
        36          8          0          0          0         68   init.o
         0          0          0          0          0          0   iusefp.o
       122          0          0          0          0         84   llmul.o
        32          0          0          0          0         68   llshl.o
        38          0          0          0          0         68   llsshr.o
        34          0          0          0          0         68   llushr.o
        36          0          0          0          0         60   memcpya.o
        44          0          0          0          0         72   uidiv.o
        20          0          0          0          0         60   uread4.o
        28          0          0          0          0         68   uread8.o
        18          0          0          0          0         60   uwrite4.o
        30          0          0          0          0         72   uwrite8.o
        40          2          0          0          0         68   cdrcmple.o
       356          4          0          0          0        140   dadd.o
       240          6          0          0          0         84   ddiv.o
       236          0          0          0          0        216   depilogue.o
        72         10          0          0          0         72   dfixi.o
        60         10          0          0          0         68   dfixui.o
        64         10          0          0          0         68   dfixul.o
        40          6          0          0          0         68   dflti.o
        28          4          0          0          0         68   dfltui.o
       208          6          0          0          0         88   dmul.o

    ----------------------------------------------------------------------
      2362        114          0          0          0       1912   Library Totals
         4          0          0          0          0          0   (incl. Padding)

    ----------------------------------------------------------------------

      Code (inc. data)   RO Data    RW Data    ZI Data      Debug   Library Name

       400         40          0          0          0        152   m_ps.l
       614         16          0          0          0        820   mc_p.l
      1344         58          0          0          0        940   mf_p.l

    ----------------------------------------------------------------------
      2362        114          0          0          0       1912   Library Totals

    ----------------------------------------------------------------------

==============================================================================


      Code (inc. data)   RO Data    RW Data    ZI Data      Debug   

     29648       2132       1080        532       3868     407276   Grand Totals
     29648       2132       1080        224       3868     407276   ELF Image Totals (compressed)
     29648       2132       1080        224          0          0   ROM Totals

==============================================================================

    Total RO  Size (Code + RO Data)                30728 (  30.01kB)
    Total RW  Size (RW Data + ZI Data)              4400 (   4.30kB)
    Total ROM Size (Code + RO Data + RW Data)      30952 (  30.23kB)

==============================================================================

