Component: ARM Compiler 5.06 update 1 (build 61) Tool: armlink [4d35a8]

==============================================================================

Section Cross References

    stm32l0xx_hal.o(i.HAL_DeInit) refers to stm32l0xx_hal_msp_template.o(i.HAL_MspDeInit) for HAL_MspDeInit
    stm32l0xx_hal.o(i.HAL_Delay) refers to stm32l0xx_hal.o(i.HAL_GetTick) for HAL_GetTick
    stm32l0xx_hal.o(i.HAL_GetTick) refers to stm32l0xx_hal.o(.data) for uwTick
    stm32l0xx_hal.o(i.HAL_IncTick) refers to stm32l0xx_hal.o(.data) for uwTick
    stm32l0xx_hal.o(i.HAL_Init) refers to stm32l0xx_hal.o(i.HAL_InitTick) for HAL_InitTick
    stm32l0xx_hal.o(i.HAL_Init) refers to stm32l0xx_hal_msp_template.o(i.HAL_MspInit) for HAL_MspInit
    stm32l0xx_hal.o(i.HAL_InitTick) refers to uidiv.o(.text) for __aeabi_uidivmod
    stm32l0xx_hal.o(i.HAL_InitTick) refers to stm32l0xx_hal_cortex.o(i.HAL_SYSTICK_Config) for HAL_SYSTICK_Config
    stm32l0xx_hal.o(i.HAL_InitTick) refers to stm32l0xx_hal_cortex.o(i.HAL_NVIC_SetPriority) for HAL_NVIC_SetPriority
    stm32l0xx_hal.o(i.HAL_InitTick) refers to system_stm32l0xx.o(.data) for SystemCoreClock
    stm32l0xx_hal_adc.o(i.ADC_ConversionStop) refers to stm32l0xx_hal.o(i.HAL_GetTick) for HAL_GetTick
    stm32l0xx_hal_adc.o(i.ADC_DMAConvCplt) refers to stm32l0xx_hal_adc.o(i.HAL_ADC_ConvCpltCallback) for HAL_ADC_ConvCpltCallback
    stm32l0xx_hal_adc.o(i.ADC_DMAError) refers to stm32l0xx_hal_adc.o(i.HAL_ADC_ErrorCallback) for HAL_ADC_ErrorCallback
    stm32l0xx_hal_adc.o(i.ADC_DMAHalfConvCplt) refers to stm32l0xx_hal_adc.o(i.HAL_ADC_ConvHalfCpltCallback) for HAL_ADC_ConvHalfCpltCallback
    stm32l0xx_hal_adc.o(i.ADC_DelayMicroSecond) refers to uidiv.o(.text) for __aeabi_uidivmod
    stm32l0xx_hal_adc.o(i.ADC_DelayMicroSecond) refers to system_stm32l0xx.o(.data) for SystemCoreClock
    stm32l0xx_hal_adc.o(i.ADC_Disable) refers to stm32l0xx_hal.o(i.HAL_GetTick) for HAL_GetTick
    stm32l0xx_hal_adc.o(i.ADC_Enable) refers to stm32l0xx_hal_adc.o(i.ADC_DelayMicroSecond) for ADC_DelayMicroSecond
    stm32l0xx_hal_adc.o(i.ADC_Enable) refers to stm32l0xx_hal.o(i.HAL_GetTick) for HAL_GetTick
    stm32l0xx_hal_adc.o(i.HAL_ADC_ConfigChannel) refers to stm32l0xx_hal_adc.o(i.ADC_DelayMicroSecond) for ADC_DelayMicroSecond
    stm32l0xx_hal_adc.o(i.HAL_ADC_DeInit) refers to stm32l0xx_hal_adc.o(i.ADC_ConversionStop) for ADC_ConversionStop
    stm32l0xx_hal_adc.o(i.HAL_ADC_DeInit) refers to stm32l0xx_hal_adc.o(i.ADC_Disable) for ADC_Disable
    stm32l0xx_hal_adc.o(i.HAL_ADC_DeInit) refers to stm32l0xx_hal_adc.o(i.HAL_ADC_MspDeInit) for HAL_ADC_MspDeInit
    stm32l0xx_hal_adc.o(i.HAL_ADC_IRQHandler) refers to stm32l0xx_hal_adc.o(i.HAL_ADC_ConvCpltCallback) for HAL_ADC_ConvCpltCallback
    stm32l0xx_hal_adc.o(i.HAL_ADC_IRQHandler) refers to stm32l0xx_hal_adc.o(i.HAL_ADC_LevelOutOfWindowCallback) for HAL_ADC_LevelOutOfWindowCallback
    stm32l0xx_hal_adc.o(i.HAL_ADC_IRQHandler) refers to stm32l0xx_hal_adc.o(i.HAL_ADC_ErrorCallback) for HAL_ADC_ErrorCallback
    stm32l0xx_hal_adc.o(i.HAL_ADC_Init) refers to stm32l0xx_hal_adc.o(i.HAL_ADC_MspInit) for HAL_ADC_MspInit
    stm32l0xx_hal_adc.o(i.HAL_ADC_PollForConversion) refers to stm32l0xx_hal.o(i.HAL_GetTick) for HAL_GetTick
    stm32l0xx_hal_adc.o(i.HAL_ADC_PollForEvent) refers to stm32l0xx_hal.o(i.HAL_GetTick) for HAL_GetTick
    stm32l0xx_hal_adc.o(i.HAL_ADC_Start) refers to stm32l0xx_hal_adc.o(i.ADC_Enable) for ADC_Enable
    stm32l0xx_hal_adc.o(i.HAL_ADC_Start_DMA) refers to stm32l0xx_hal_adc.o(i.ADC_Enable) for ADC_Enable
    stm32l0xx_hal_adc.o(i.HAL_ADC_Start_DMA) refers to stm32l0xx_hal_dma.o(i.HAL_DMA_Start_IT) for HAL_DMA_Start_IT
    stm32l0xx_hal_adc.o(i.HAL_ADC_Start_DMA) refers to stm32l0xx_hal_adc.o(i.ADC_DMAConvCplt) for ADC_DMAConvCplt
    stm32l0xx_hal_adc.o(i.HAL_ADC_Start_DMA) refers to stm32l0xx_hal_adc.o(i.ADC_DMAHalfConvCplt) for ADC_DMAHalfConvCplt
    stm32l0xx_hal_adc.o(i.HAL_ADC_Start_DMA) refers to stm32l0xx_hal_adc.o(i.ADC_DMAError) for ADC_DMAError
    stm32l0xx_hal_adc.o(i.HAL_ADC_Start_IT) refers to stm32l0xx_hal_adc.o(i.ADC_Enable) for ADC_Enable
    stm32l0xx_hal_adc.o(i.HAL_ADC_Stop) refers to stm32l0xx_hal_adc.o(i.ADC_ConversionStop) for ADC_ConversionStop
    stm32l0xx_hal_adc.o(i.HAL_ADC_Stop) refers to stm32l0xx_hal_adc.o(i.ADC_Disable) for ADC_Disable
    stm32l0xx_hal_adc.o(i.HAL_ADC_Stop_DMA) refers to stm32l0xx_hal_adc.o(i.ADC_ConversionStop) for ADC_ConversionStop
    stm32l0xx_hal_adc.o(i.HAL_ADC_Stop_DMA) refers to stm32l0xx_hal_dma.o(i.HAL_DMA_Abort) for HAL_DMA_Abort
    stm32l0xx_hal_adc.o(i.HAL_ADC_Stop_DMA) refers to stm32l0xx_hal_adc.o(i.ADC_Disable) for ADC_Disable
    stm32l0xx_hal_adc.o(i.HAL_ADC_Stop_IT) refers to stm32l0xx_hal_adc.o(i.ADC_ConversionStop) for ADC_ConversionStop
    stm32l0xx_hal_adc.o(i.HAL_ADC_Stop_IT) refers to stm32l0xx_hal_adc.o(i.ADC_Disable) for ADC_Disable
    stm32l0xx_hal_adc_ex.o(i.HAL_ADCEx_Calibration_Start) refers to stm32l0xx_hal.o(i.HAL_GetTick) for HAL_GetTick
[...]
    ..\\cpu\\STM32L0xx_HAL_Driver\\Src\\stm32l0xx_hal_rtc.c 0x00000000   Number         0  stm32l0xx_hal_rtc.o ABSOLUTE
    ..\\cpu\\STM32L0xx_HAL_Driver\\Src\\stm32l0xx_hal_rtc_ex.c 0x00000000   Number         0  stm32l0xx_hal_rtc_ex.o ABSOLUTE
    ..\\cpu\\STM32L0xx_HAL_Driver\\Src\\stm32l0xx_hal_smartcard.c 0x00000000   Number         0  stm32l0xx_hal_smartcard.o ABSOLUTE
    ..\\cpu\\STM32L0xx_HAL_Driver\\Src\\stm32l0xx_hal_smartcard_ex.c 0x00000000   Number         0  stm32l0xx_hal_smartcard_ex.o ABSOLUTE
    ..\\cpu\\STM32L0xx_HAL_Driver\\Src\\stm32l0xx_hal_smbus.c 0x00000000   Number         0  stm32l0xx_hal_smbus.o ABSOLUTE
    ..\\cpu\\STM32L0xx_HAL_Driver\\Src\\stm32l0xx_hal_spi.c 0x00000000   Number         0  stm32l0xx_hal_spi.o ABSOLUTE
    ..\\cpu\\STM32L0xx_HAL_Driver\\Src\\stm32l0xx_hal_tim.c 0x00000000   Number         0  stm32l0xx_hal_tim.o ABSOLUTE
    ..\\cpu\\STM32L0xx_HAL_Driver\\Src\\stm32l0xx_hal_tim_ex.c 0x00000000   Number         0  stm32l0xx_hal_tim_ex.o ABSOLUTE
    ..\\cpu\\STM32L0xx_HAL_Driver\\Src\\stm32l0xx_hal_uart.c 0x00000000   Number         0  stm32l0xx_hal_uart.o ABSOLUTE
    ..\\cpu\\STM32L0xx_HAL_Driver\\Src\\stm32l0xx_hal_uart_ex.c 0x00000000   Number         0  stm32l0xx_hal_uart_ex.o ABSOLUTE
    ..\\cpu\\STM32L0xx_HAL_Driver\\Src\\stm32l0xx_hal_usart.c 0x00000000   Number         0  stm32l0xx_hal_usart.o ABSOLUTE
    ..\\cpu\\STM32L0xx_HAL_Driver\\Src\\stm32l0xx_hal_wwdg.c 0x00000000   Number         0  stm32l0xx_hal_wwdg.o ABSOLUTE
    ..\\cpu\\bsp_rtc.c                       0x00000000   Number         0  bsp_rtc.o ABSOLUTE
    ..\\cpu\\cmsis\\system_stm32l0xx.c       0x00000000   Number         0  system_stm32l0xx.o ABSOLUTE
    ..\\cpu\\cpu.c                           0x00000000   Number         0  cpu.o ABSOLUTE
    ..\\cpu\\stm32l0xx_it.c                  0x00000000   Number         0  stm32l0xx_it.o ABSOLUTE
    ..\\os\\os_timer.c                       0x00000000   Number         0  os_timer.o ABSOLUTE
    ..\algorithm\data.c                      0x00000000   Number         0  data.o ABSOLUTE
    ..\app\communication.c                   0x00000000   Number         0  communication.o ABSOLUTE
    ..\app\main.c                            0x00000000   Number         0  main.o ABSOLUTE
    ..\app\rfid.c                            0x00000000   Number         0  rfid.o ABSOLUTE
    ..\com\lora\LoRaMac.c                    0x00000000   Number         0  loramac.o ABSOLUTE
    ..\com\lora\aes.c                        0x00000000   Number         0  aes.o ABSOLUTE
    ..\com\lora\sx1276.c                     0x00000000   Number         0  sx1276.o ABSOLUTE
    ..\cpu\CMSIS\startup_stm32l051xx.s       0x00000000   Number         0  startup_stm32l051xx.o ABSOLUTE
    ..\cpu\STM32L0xx_HAL_Driver\Src\stm32l0xx_hal.c 0x00000000   Number         0  stm32l0xx_hal.o ABSOLUTE
    ..\cpu\STM32L0xx_HAL_Driver\Src\stm32l0xx_hal_adc.c 0x00000000   Number         0  stm32l0xx_hal_adc.o ABSOLUTE
    ..\cpu\STM32L0xx_HAL_Driver\Src\stm32l0xx_hal_adc_ex.c 0x00000000   Number         0  stm32l0xx_hal_adc_ex.o ABSOLUTE
    ..\cpu\STM32L0xx_HAL_Driver\Src\stm32l0xx_hal_comp.c 0x00000000   Number         0  stm32l0xx_hal_comp.o ABSOLUTE
    ..\cpu\STM32L0xx_HAL_Driver\Src\stm32l0xx_hal_comp_ex.c 0x00000000   Number         0  stm32l0xx_hal_comp_ex.o ABSOLUTE
    ..\cpu\STM32L0xx_HAL_Driver\Src\stm32l0xx_hal_cortex.c 0x00000000   Number         0  stm32l0xx_hal_cortex.o ABSOLUTE
    ..\cpu\STM32L0xx_HAL_Driver\Src\stm32l0xx_hal_crc.c 0x00000000   Number         0  stm32l0xx_hal_crc.o ABSOLUTE
    ..\cpu\STM32L0xx_HAL_Driver\Src\stm32l0xx_hal_crc_ex.c 0x00000000   Number         0  stm32l0xx_hal_crc_ex.o ABSOLUTE
    ..\cpu\STM32L0xx_HAL_Driver\Src\stm32l0xx_hal_cryp.c 0x00000000   Number         0  stm32l0xx_hal_cryp.o ABSOLUTE
    ..\cpu\STM32L0xx_HAL_Driver\Src\stm32l0xx_hal_cryp_ex.c 0x00000000   Number         0  stm32l0xx_hal_cryp_ex.o ABSOLUTE
    ..\cpu\STM32L0xx_HAL_Driver\Src\stm32l0xx_hal_dac.c 0x00000000   Number         0  stm32l0xx_hal_dac.o ABSOLUTE
    ..\cpu\STM32L0xx_HAL_Driver\Src\stm32l0xx_hal_dac_ex.c 0x00000000   Number         0  stm32l0xx_hal_dac_ex.o ABSOLUTE
    ..\cpu\STM32L0xx_HAL_Driver\Src\stm32l0xx_hal_dma.c 0x00000000   Number         0  stm32l0xx_hal_dma.o ABSOLUTE
    ..\cpu\STM32L0xx_HAL_Driver\Src\stm32l0xx_hal_firewall.c 0x00000000   Number         0  stm32l0xx_hal_firewall.o ABSOLUTE
    ..\cpu\STM32L0xx_HAL_Driver\Src\stm32l0xx_hal_flash.c 0x00000000   Number         0  stm32l0xx_hal_flash.o ABSOLUTE
    ..\cpu\STM32L0xx_HAL_Driver\Src\stm32l0xx_hal_flash_ex.c 0x00000000   Number         0  stm32l0xx_hal_flash_ex.o ABSOLUTE
    ..\cpu\STM32L0xx_HAL_Driver\Src\stm32l0xx_hal_flash_ramfunc.c 0x00000000   Number         0  stm32l0xx_hal_flash_ramfunc.o ABSOLUTE
    ..\cpu\STM32L0xx_HAL_Driver\Src\stm32l0xx_hal_gpio.c 0x00000000   Number         0  stm32l0xx_hal_gpio.o ABSOLUTE
    ..\cpu\STM32L0xx_HAL_Driver\Src\stm32l0xx_hal_i2c.c 0x00000000   Number         0  stm32l0xx_hal_i2c.o ABSOLUTE
    ..\cpu\STM32L0xx_HAL_Driver\Src\stm32l0xx_hal_i2c_ex.c 0x00000000   Number         0  stm32l0xx_hal_i2c_ex.o ABSOLUTE
    ..\cpu\STM32L0xx_HAL_Driver\Src\stm32l0xx_hal_i2s.c 0x00000000   Number         0  stm32l0xx_hal_i2s.o ABSOLUTE
    ..\cpu\STM32L0xx_HAL_Driver\Src\stm32l0xx_hal_irda.c 0x00000000   Number         0  stm32l0xx_hal_irda.o ABSOLUTE
    ..\cpu\STM32L0xx_HAL_Driver\Src\stm32l0xx_hal_iwdg.c 0x00000000   Number         0  stm32l0xx_hal_iwdg.o ABSOLUTE
    ..\cpu\STM32L0xx_HAL_Driver\Src\stm32l0xx_hal_lcd.c 0x00000000   Number         0  stm32l0xx_hal_lcd.o ABSOLUTE
    ..\cpu\STM32L0xx_HAL_Driver\Src\stm32l0xx_hal_lptim.c 0x00000000   Number         0  stm32l0xx_hal_lptim.o ABSOLUTE
    ..\cpu\STM32L0xx_HAL_Driver\Src\stm32l0xx_hal_msp_template.c 0x00000000   Number         0  stm32l0xx_hal_msp_template.o ABSOLUTE
    ..\cpu\STM32L0xx_HAL_Driver\Src\stm32l0xx_hal_pcd.c 0x00000000   Number         0  stm32l0xx_hal_pcd.o ABSOLUTE
    ..\cpu\STM32L0xx_HAL_Driver\Src\stm32l0xx_hal_pcd_ex.c 0x00000000   Number         0  stm32l0xx_hal_pcd_ex.o ABSOLUTE
    ..\cpu\STM32L0xx_HAL_Driver\Src\stm32l0xx_hal_pwr.c 0x00000000   Number         0  stm32l0xx_hal_pwr.o ABSOLUTE
    ..\cpu\STM32L0xx_HAL_Driver\Src\stm32l0xx_hal_pwr_ex.c 0x00000000   Number         0  stm32l0xx_hal_pwr_ex.o ABSOLUTE
    ..\cpu\STM32L0xx_HAL_Driver\Src\stm32l0xx_hal_rcc.c 0x00000000   Number         0  stm32l0xx_hal_rcc.o ABSOLUTE
    ..\cpu\STM32L0xx_HAL_Driver\Src\stm32l0xx_hal_rcc_ex.c 0x00000000   Number         0  stm32l0xx_hal_rcc_ex.o ABSOLUTE
    ..\cpu\STM32L0xx_HAL_Driver\Src\stm32l0xx_hal_rng.c 0x00000000   Number         0  stm32l0xx_hal_rng.o ABSOLUTE
    ..\cpu\STM32L0xx_HAL_Driver\Src\stm32l0xx_hal_rtc.c 0x00000000   Number         0  stm32l0xx_hal_rtc.o ABSOLUTE
    ..\cpu\STM32L0xx_HAL_Driver\Src\stm32l0xx_hal_rtc_ex.c 0x00000000   Number         0  stm32l0xx_hal_rtc_ex.o ABSOLUTE
    ..\cpu\STM32L0xx_HAL_Driver\Src\stm32l0xx_hal_smartcard.c 0x00000000   Number         0  stm32l0xx_hal_smartcard.o ABSOLUTE
    ..\cpu\STM32L0xx_HAL_Driver\Src\stm32l0xx_hal_smartcard_ex.c 0x00000000   Number         0  stm32l0xx_hal_smartcard_ex.o ABSOLUTE
    ..\cpu\STM32L0xx_HAL_Driver\Src\stm32l0xx_hal_smbus.c 0x00000000   Number         0  stm32l0xx_hal_smbus.o ABSOLUTE
    ..\cpu\STM32L0xx_HAL_Driver\Src\stm32l0xx_hal_spi.c 0x00000000   Number         0  stm32l0xx_hal_spi.o ABSOLUTE
    ..\cpu\STM32L0xx_HAL_Driver\Src\stm32l0xx_hal_tim.c 0x00000000   Number         0  stm32l0xx_hal_tim.o ABSOLUTE
    ..\cpu\STM32L0xx_HAL_Driver\Src\stm32l0xx_hal_tim_ex.c 0x00000000   Number         0  stm32l0xx_hal_tim_ex.o ABSOLUTE
    ..\cpu\STM32L0xx_HAL_Driver\Src\stm32l0xx_hal_tsc.c 0x00000000   Number         0  stm32l0xx_hal_tsc.o ABSOLUTE
    ..\cpu\STM32L0xx_HAL_Driver\Src\stm32l0xx_hal_uart.c 0x00000000   Number         0  stm32l0xx_hal_uart.o ABSOLUTE
    ..\cpu\STM32L0xx_HAL_Driver\Src\stm32l0xx_hal_uart_ex.c 0x00000000   Number         0  stm32l0xx_hal_uart_ex.o ABSOLUTE
    ..\cpu\STM32L0xx_HAL_Driver\Src\stm32l0xx_hal_usart.c 0x00000000   Number         0  stm32l0xx_hal_usart.o ABSOLUTE
    ..\cpu\STM32L0xx_HAL_Driver\Src\stm32l0xx_hal_wwdg.c 0x00000000   Number         0  stm32l0xx_hal_wwdg.o ABSOLUTE
    ..\cpu\bsp_rtc.c                         0x00000000   Number         0  bsp_rtc.o ABSOLUTE
    ..\cpu\cmsis\system_stm32l0xx.c          0x00000000   Number         0  system_stm32l0xx.o ABSOLUTE
    ..\cpu\cpu.c                             0x00000000   Number         0  cpu.o ABSOLUTE
    ..\cpu\stm32l0xx_it.c                    0x00000000   Number         0  stm32l0xx_it.o ABSOLUTE
    ..\os\os_timer.c                         0x00000000   Number         0  os_timer.o ABSOLUTE
    cdcmple.s                                0x00000000   Number         0  cdcmple.o ABSOLUTE
    cdrcmple.s                               0x00000000   Number         0  cdrcmple.o ABSOLUTE
    dc.s                                     0x00000000   Number         0  dc.o ABSOLUTE
    handlers.s                               0x00000000   Number         0  handlers.o ABSOLUTE
    init.s                                   0x00000000   Number         0  init.o ABSOLUTE
    RESET                                    0x08000000   Section      192  startup_stm32l051xx.o(RESET)
    .ARM.Collect$$$$00000000                 0x080000c0   Section        0  entry.o(.ARM.Collect$$$$00000000)
    .ARM.Collect$$$$00000001                 0x080000c0   Section        4  entry2.o(.ARM.Collect$$$$00000001)
    .ARM.Collect$$$$00000004                 0x080000c4   Section        4  entry5.o(.ARM.Collect$$$$00000004)
    .ARM.Collect$$$$00000008                 0x080000c8   Section        0  entry7b.o(.ARM.Collect$$$$00000008)
    .ARM.Collect$$$$0000000A                 0x080000c8   Section        0  entry8b.o(.ARM.Collect$$$$0000000A)
    .ARM.Collect$$$$0000000B                 0x080000c8   Section        8  entry9a.o(.ARM.Collect$$$$0000000B)
    .ARM.Collect$$$$0000000D                 0x080000d0   Section        0  entry10a.o(.ARM.Collect$$$$0000000D)
    .ARM.Collect$$$$0000000F                 0x080000d0   Section        0  entry11a.o(.ARM.Collect$$$$0000000F)
    .ARM.Collect$$$$00002712                 0x080000d0   Section        4  entry2.o(.ARM.Collect$$$$00002712)
    __lit__00000000                          0x080000d0   Data           4  entry2.o(.ARM.Collect$$$$00002712)
    .text                                    0x080000d4   Section       28  startup_stm32l051xx.o(.text)
    .text                                    0x080000f0   Section        0  uidiv.o(.text)
    .text                                    0x0800011c   Section        0  idiv.o(.text)
    .text                                    0x08000144   Section        0  uldiv.o(.text)
    .text                                    0x080001a4   Section        0  llmul.o(.text)
    .text                                    0x0800021e   Section        0  memcpya.o(.text)
    .text                                    0x08000242   Section        0  uread4.o(.text)
    .text                                    0x08000256   Section        0  uread8.o(.text)
    .text                                    0x08000272   Section        0  uwrite4.o(.text)
    .text                                    0x08000284   Section        0  uwrite8.o(.text)
    .text                                    0x080002a4   Section        0  dadd.o(.text)
    .text                                    0x08000408   Section        0  dmul.o(.text)
    .text                                    0x080004d8   Section        0  ddiv.o(.text)
    .text                                    0x080005c8   Section        0  dflti.o(.text)
    .text                                    0x080005f0   Section        0  dfltui.o(.text)
    .text                                    0x0800060c   Section        0  dfixi.o(.text)
    .text                                    0x08000654   Section        0  dfixui.o(.text)
    .text                                    0x08000690   Section        0  dfixul.o(.text)
    .text                                    0x080006d0   Section       40  cdrcmple.o(.text)
    .text                                    0x080006f8   Section        0  llshl.o(.text)
    .text                                    0x08000718   Section        0  llushr.o(.text)
    .text                                    0x0800073a   Section        0  llsshr.o(.text)
    .text                                    0x08000760   Section        0  iusefp.o(.text)
    .text                                    0x08000760   Section        0  depilogue.o(.text)
    .text                                    0x08000820   Section       36  init.o(.text)
    .text                                    0x08000844   Section        0  __dczerorl2.o(.text)
    i.AES_CMAC2                              0x0800089a   Section        0  aes.o(i.AES_CMAC2)
    i.AES_CMAC_Join                          0x08000b3a   Section        0  aes.o(i.AES_CMAC_Join)
    i.AddMacCommand                          0x08000d38   Section        0  loramac.o(i.AddMacCommand)
    AddMacCommand                            0x08000d39   Thumb Code   158  loramac.o(i.AddMacCommand)
    i.BoardMeasureBatterieLevel              0x08000de4   Section        0  loramac.o(i.BoardMeasureBatterieLevel)
    i.CPU_Init                               0x08000df4   Section        0  cpu.o(i.CPU_Init)
    i.Decrypt_Join                           0x08000e24   Section        0  aes.o(i.Decrypt_Join)
    i.DelayMs                                0x08000e64   Section        0  os_timer.o(i.DelayMs)
    i.EXTI0_1_IRQHandler                     0x08000eb0   Section        0  cpu.o(i.EXTI0_1_IRQHandler)
    i.EXTI2_3_IRQHandler                     0x08000ee4   Section        0  cpu.o(i.EXTI2_3_IRQHandler)
    i.EXTI4_15_IRQHandler                    0x08000f04   Section        0  cpu.o(i.EXTI4_15_IRQHandler)
    i.EXTI_Init                              0x08000f68   Section        0  cpu.o(i.EXTI_Init)
    i.GPIO_Init                              0x08000f9c   Section        0  cpu.o(i.GPIO_Init)
    i.HAL_GPIO_EXTI_Callback                 0x080010ac   Section        0  stm32l0xx_hal_gpio.o(i.HAL_GPIO_EXTI_Callback)
    i.HAL_GPIO_Init                          0x080010b0   Section        0  stm32l0xx_hal_gpio.o(i.HAL_GPIO_Init)
    i.HAL_GPIO_WritePin                      0x0800129c   Section        0  stm32l0xx_hal_gpio.o(i.HAL_GPIO_WritePin)
    i.HAL_GetTick                            0x080012a8   Section        0  stm32l0xx_hal.o(i.HAL_GetTick)
    i.HAL_IncTick                            0x080012b4   Section        0  stm32l0xx_hal.o(i.HAL_IncTick)
    i.HAL_InitTick                           0x080012c4   Section        0  stm32l0xx_hal.o(i.HAL_InitTick)
    i.HAL_NVIC_EnableIRQ                     0x080012ec   Section        0  stm32l0xx_hal_cortex.o(i.HAL_NVIC_EnableIRQ)
    i.HAL_NVIC_SetPriority                   0x08001304   Section        0  stm32l0xx_hal_cortex.o(i.HAL_NVIC_SetPriority)
    i.HAL_RCCEx_GetPeriphCLKFreq             0x08001318   Section        0  stm32l0xx_hal_rcc_ex.o(i.HAL_RCCEx_GetPeriphCLKFreq)
    i.HAL_RCC_ClockConfig                    0x0800157c   Section        0  stm32l0xx_hal_rcc.o(i.HAL_RCC_ClockConfig)
    i.HAL_RCC_GetHCLKFreq                    0x08001774   Section        0  stm32l0xx_hal_rcc.o(i.HAL_RCC_GetHCLKFreq)
    i.HAL_RCC_GetOscConfig                   0x08001780   Section        0  stm32l0xx_hal_rcc.o(i.HAL_RCC_GetOscConfig)
    i.HAL_RCC_GetPCLK1Freq                   0x0800188c   Section        0  stm32l0xx_hal_rcc.o(i.HAL_RCC_GetPCLK1Freq)
    i.HAL_RCC_GetPCLK2Freq                   0x080018b0   Section        0  stm32l0xx_hal_rcc.o(i.HAL_RCC_GetPCLK2Freq)
    i.HAL_RCC_GetSysClockFreq                0x080018d4   Section        0  stm32l0xx_hal_rcc.o(i.HAL_RCC_GetSysClockFreq)
    i.HAL_RCC_OscConfig                      0x080019b8   Section        0  stm32l0xx_hal_rcc.o(i.HAL_RCC_OscConfig)
    i.HAL_RTCEx_AlarmBEventCallback          0x08001fd8   Section        0  stm32l0xx_hal_rtc_ex.o(i.HAL_RTCEx_AlarmBEventCallback)
    i.HAL_RTC_AlarmAEventCallback            0x08001fda   Section        0  bsp_rtc.o(i.HAL_RTC_AlarmAEventCallback)
    i.HAL_RTC_AlarmIRQHandler                0x08001fe4   Section        0  stm32l0xx_hal_rtc.o(i.HAL_RTC_AlarmIRQHandler)
    i.HAL_SPI_GetState                       0x0800206c   Section        0  stm32l0xx_hal_spi.o(i.HAL_SPI_GetState)
    i.HAL_SPI_Init                           0x08002074   Section        0  stm32l0xx_hal_spi.o(i.HAL_SPI_Init)
    i.HAL_SPI_MspInit                        0x08002102   Section        0  stm32l0xx_hal_spi.o(i.HAL_SPI_MspInit)
    i.HAL_SPI_Transmit                       0x08002104   Section        0  stm32l0xx_hal_spi.o(i.HAL_SPI_Transmit)
    i.HAL_SPI_TransmitReceive                0x080022de   Section        0  stm32l0xx_hal_spi.o(i.HAL_SPI_TransmitReceive)
    i.HAL_SYSTICK_Config                     0x0800265c   Section        0  stm32l0xx_hal_cortex.o(i.HAL_SYSTICK_Config)
    i.HAL_TIM_Base_Init                      0x08002694   Section        0  stm32l0xx_hal_tim.o(i.HAL_TIM_Base_Init)
    i.HAL_TIM_Base_MspInit                   0x080026cc   Section        0  cpu.o(i.HAL_TIM_Base_MspInit)
    i.HAL_TIM_Base_Start_IT                  0x080026f4   Section        0  stm32l0xx_hal_tim.o(i.HAL_TIM_Base_Start_IT)
    i.HAL_TIM_IC_CaptureCallback             0x08002712   Section        0  stm32l0xx_hal_tim.o(i.HAL_TIM_IC_CaptureCallback)
    i.HAL_TIM_IRQHandler                     0x08002714   Section        0  stm32l0xx_hal_tim.o(i.HAL_TIM_IRQHandler)
    i.HAL_TIM_OC_DelayElapsedCallback        0x08002890   Section        0  stm32l0xx_hal_tim.o(i.HAL_TIM_OC_DelayElapsedCallback)
    i.HAL_TIM_PWM_PulseFinishedCallback      0x08002892   Section        0  stm32l0xx_hal_tim.o(i.HAL_TIM_PWM_PulseFinishedCallback)
    i.HAL_TIM_PeriodElapsedCallback          0x08002894   Section        0  stm32l0xx_hal_tim.o(i.HAL_TIM_PeriodElapsedCallback)
    i.HAL_TIM_TriggerCallback                0x08002896   Section        0  stm32l0xx_hal_tim.o(i.HAL_TIM_TriggerCallback)
    i.HAL_UARTEx_WakeupCallback              0x08002898   Section        0  stm32l0xx_hal_uart_ex.o(i.HAL_UARTEx_WakeupCallback)
    i.HAL_UART_ErrorCallback                 0x0800289a   Section        0  stm32l0xx_hal_uart.o(i.HAL_UART_ErrorCallback)
    i.HAL_UART_Init                          0x0800289c   Section        0  stm32l0xx_hal_uart.o(i.HAL_UART_Init)
    i.HAL_UART_MspInit                       0x0800291e   Section        0  stm32l0xx_hal_uart.o(i.HAL_UART_MspInit)
    i.HardFault_Handler                      0x08002920   Section        0  stm32l0xx_it.o(i.HardFault_Handler)
    i.LoRaMacInit                            0x08002924   Section        0  loramac.o(i.LoRaMacInit)
    i.LoRaMacSendFrameOnChannel              0x08002a44   Section        0  loramac.o(i.LoRaMacSendFrameOnChannel)
    i.LoRaMacSetNextChannel                  0x08002bf0   Section        0  loramac.o(i.LoRaMacSetNextChannel)
    LoRaMacSetNextChannel                    0x08002bf1   Thumb Code   590  loramac.o(i.LoRaMacSetNextChannel)
    i.LoRaMac_Send                           0x08002e68   Section        0  loramac.o(i.LoRaMac_Send)
    i.NMI_Handler                            0x080033e4   Section        0  stm32l0xx_it.o(i.NMI_Handler)
    i.NVIC_SetPriority                       0x080033e8   Section        0  stm32l0xx_hal_cortex.o(i.NVIC_SetPriority)
    NVIC_SetPriority                         0x080033e9   Thumb Code   110  stm32l0xx_hal_cortex.o(i.NVIC_SetPriority)
    i.NVIC_SetPriority                       0x08003460   Section        0  cpu.o(i.NVIC_SetPriority)
    NVIC_SetPriority                         0x08003461   Thumb Code   110  cpu.o(i.NVIC_SetPriority)
    i.OnAckTimeoutTimerEvent                 0x080034d8   Section        0  loramac.o(i.OnAckTimeoutTimerEvent)
    OnAckTimeoutTimerEvent                   0x080034d9   Thumb Code    20  loramac.o(i.OnAckTimeoutTimerEvent)
    i.OnChannelCheckTimerEvent               0x080034f4   Section        0  loramac.o(i.OnChannelCheckTimerEvent)
    OnChannelCheckTimerEvent                 0x080034f5   Thumb Code    64  loramac.o(i.OnChannelCheckTimerEvent)
    i.OnMacStateCheckTimerEvent              0x08003540   Section        0  loramac.o(i.OnMacStateCheckTimerEvent)
    OnMacStateCheckTimerEvent                0x08003541   Thumb Code   448  loramac.o(i.OnMacStateCheckTimerEvent)
    i.OnRadioCadDone                         0x08003748   Section        0  loramac.o(i.OnRadioCadDone)
    i.OnRadioFhssChangeChannel               0x0800374a   Section        0  loramac.o(i.OnRadioFhssChangeChannel)
    i.OnRadioRxDone                          0x0800374c   Section        0  loramac.o(i.OnRadioRxDone)
    i.OnRadioRxError                         0x08004348   Section        0  loramac.o(i.OnRadioRxError)
    i.OnRadioRxTimeout                       0x08004370   Section        0  loramac.o(i.OnRadioRxTimeout)
    i.OnRadioTxDone                          0x08004398   Section        0  loramac.o(i.OnRadioTxDone)
    i.OnRadioTxTimeout                       0x08004530   Section        0  loramac.o(i.OnRadioTxTimeout)
    i.OnRxWindow1TimerEvent                  0x0800454c   Section        0  loramac.o(i.OnRxWindow1TimerEvent)
    OnRxWindow1TimerEvent                    0x0800454d   Thumb Code   128  loramac.o(i.OnRxWindow1TimerEvent)
    i.OnRxWindow2TimerEvent                  0x080045ec   Section        0  loramac.o(i.OnRxWindow2TimerEvent)
    OnRxWindow2TimerEvent                    0x080045ed   Thumb Code   112  loramac.o(i.OnRxWindow2TimerEvent)
    i.OnTxDelayedTimerEvent                  0x08004670   Section        0  loramac.o(i.OnTxDelayedTimerEvent)
    OnTxDelayedTimerEvent                    0x08004671   Thumb Code    14  loramac.o(i.OnTxDelayedTimerEvent)
    i.PendSV_Handler                         0x08004688   Section        0  stm32l0xx_it.o(i.PendSV_Handler)
    i.RCC_Init                               0x0800468c   Section        0  cpu.o(i.RCC_Init)
    i.RCC_SetFlashLatencyFromMSIRange        0x080046fc   Section        0  stm32l0xx_hal_rcc.o(i.RCC_SetFlashLatencyFromMSIRange)
    RCC_SetFlashLatencyFromMSIRange          0x080046fd   Thumb Code   138  stm32l0xx_hal_rcc.o(i.RCC_SetFlashLatencyFromMSIRange)
    i.RFID_Init                              0x08004794   Section        0  rfid.o(i.RFID_Init)
    i.RFID_Task                              0x080047ac   Section        0  rfid.o(i.RFID_Task)
    i.RTC_IRQHandler                         0x080048f4   Section        0  bsp_rtc.o(i.RTC_IRQHandler)
    i.RtcRecoverMcuStatus                    0x08004904   Section        0  bsp_rtc.o(i.RtcRecoverMcuStatus)
    i.SPI_Init                               0x08004918   Section        0  cpu.o(i.SPI_Init)
    i.SPI_Read                               0x08004978   Section        0  cpu.o(i.SPI_Read)
    i.SPI_Send                               0x080049e0   Section        0  cpu.o(i.SPI_Send)
    i.SPI_WaitOnFlagUntilTimeout             0x08004a34   Section        0  stm32l0xx_hal_spi.o(i.SPI_WaitOnFlagUntilTimeout)
    SPI_WaitOnFlagUntilTimeout               0x08004a35   Thumb Code   280  stm32l0xx_hal_spi.o(i.SPI_WaitOnFlagUntilTimeout)
    i.SVC_Handler                            0x08004b4c   Section        0  stm32l0xx_it.o(i.SVC_Handler)
    i.SX1276IsChannelFree                    0x08004b50   Section        0  sx1276.o(i.SX1276IsChannelFree)
    i.SX1276OnDio0Irq                        0x08004bcc   Section        0  sx1276.o(i.SX1276OnDio0Irq)
    i.SX1276OnDio1Irq                        0x08004e1c   Section        0  sx1276.o(i.SX1276OnDio1Irq)
    i.SX1276OnDio2Irq                        0x08004e50   Section        0  sx1276.o(i.SX1276OnDio2Irq)
    i.SX1276OnDio3Irq                        0x08004eb4   Section        0  sx1276.o(i.SX1276OnDio3Irq)
    i.SX1276OnTimeoutIrq                     0x08004ee4   Section        0  sx1276.o(i.SX1276OnTimeoutIrq)
    i.SX1276Read                             0x08004f10   Section        0  sx1276.o(i.SX1276Read)
    i.SX1276ReadRssi                         0x08004f24   Section        0  sx1276.o(i.SX1276ReadRssi)
    i.SX1276SetModem                         0x08004f8c   Section        0  sx1276.o(i.SX1276SetModem)
    i.SX1276SetOpMode                        0x0800500c   Section        0  sx1276.o(i.SX1276SetOpMode)
    i.SX1276SetSleep                         0x0800510c   Section        0  sx1276.o(i.SX1276SetSleep)
    i.SX1276SetStby                          0x08005134   Section        0  sx1276.o(i.SX1276SetStby)
    i.SX1276Write                            0x0800515c   Section        0  sx1276.o(i.SX1276Write)
    i.SX1276_Init                            0x0800516c   Section        0  sx1276.o(i.SX1276_Init)
    i.SX1276_RxConfig                        0x080052a0   Section        0  sx1276.o(i.SX1276_RxConfig)
    i.SX1276_Send                            0x080055c0   Section        0  sx1276.o(i.SX1276_Send)
    i.SX1276_TxConfig                        0x080056cc   Section        0  sx1276.o(i.SX1276_TxConfig)
    i.SysTick_Handler                        0x08005b24   Section        0  cpu.o(i.SysTick_Handler)
    i.SysTick_Init                           0x08005b60   Section        0  cpu.o(i.SysTick_Init)
    i.SystemClockConfig_STOP                 0x08005bbc   Section        0  bsp_rtc.o(i.SystemClockConfig_STOP)
    i.SystemInit                             0x08005c2c   Section        0  system_stm32l0xx.o(i.SystemInit)
    i.TIM2_IRQHandler                        0x08005c94   Section        0  os_timer.o(i.TIM2_IRQHandler)
    i.TIM2_Tick_Present                      0x08005d28   Section        0  os_timer.o(i.TIM2_Tick_Present)
    i.TIM2_Time_Present                      0x08005d40   Section        0  os_timer.o(i.TIM2_Time_Present)
    i.TIM_Base_SetConfig                     0x08005d58   Section        0  stm32l0xx_hal_tim.o(i.TIM_Base_SetConfig)
    TIM_Base_SetConfig                       0x08005d59   Thumb Code   108  stm32l0xx_hal_tim.o(i.TIM_Base_SetConfig)
    i.Tim_Init                               0x08005dcc   Section        0  cpu.o(i.Tim_Init)
    i.TimerEvent_Start                       0x08005e00   Section        0  os_timer.o(i.TimerEvent_Start)
    i.TimerEvent_Stop                        0x08005fdc   Section        0  os_timer.o(i.TimerEvent_Stop)
    i.TimerInit                              0x08006140   Section        0  os_timer.o(i.TimerInit)
    i.TimerSetValue                          0x08006150   Section        0  os_timer.o(i.TimerSetValue)
    i.TimerTask                              0x08006180   Section        0  os_timer.o(i.TimerTask)
    i.UART_AdvFeatureConfig                  0x0800629c   Section        0  stm32l0xx_hal_uart.o(i.UART_AdvFeatureConfig)
    i.UART_CheckIdleState                    0x0800638c   Section        0  stm32l0xx_hal_uart.o(i.UART_CheckIdleState)
    i.UART_Init                              0x08006400   Section        0  cpu.o(i.UART_Init)
    i.UART_Send                              0x08006460   Section        0  cpu.o(i.UART_Send)
    i.UART_SetConfig                         0x0800648c   Section        0  stm32l0xx_hal_uart.o(i.UART_SetConfig)
    i.UART_Start                             0x0800685c   Section        0  cpu.o(i.UART_Start)
    i.UART_WaitOnFlagUntilTimeout            0x08006874   Section        0  stm32l0xx_hal_uart.o(i.UART_WaitOnFlagUntilTimeout)
    i.USART1_IRQHandler                      0x080068e4   Section        0  cpu.o(i.USART1_IRQHandler)
    i.__ARM_clz                              0x08006aa4   Section        0  depilogue.o(i.__ARM_clz)
    i.__ARM_common_ll_muluu                  0x08006ad2   Section        0  stm32l0xx_hal_uart.o(i.__ARM_common_ll_muluu)
    i.__ARM_common_switch8                   0x08006b02   Section        0  stm32l0xx_hal_tim.o(i.__ARM_common_switch8)
    i.__scatterload_copy                     0x08006b1e   Section       14  handlers.o(i.__scatterload_copy)
    i.__scatterload_null                     0x08006b2c   Section        2  handlers.o(i.__scatterload_null)
    i.__scatterload_zeroinit                 0x08006b2e   Section       14  handlers.o(i.__scatterload_zeroinit)
    i.add_round_key                          0x08006b3c   Section        0  aes.o(i.add_round_key)
    add_round_key                            0x08006b3d   Thumb Code    16  aes.o(i.add_round_key)
    i.aes_encrypt                            0x08006b4c   Section        0  aes.o(i.aes_encrypt)
    i.aes_set_key                            0x08006ba8   Section        0  aes.o(i.aes_set_key)
    i.ceil                                   0x08006cc4   Section        0  ceil.o(i.ceil)
    i.copy_and_key                           0x08006d8c   Section        0  aes.o(i.copy_and_key)
    copy_and_key                             0x08006d8d   Thumb Code   132  aes.o(i.copy_and_key)
    i.copy_block                             0x08006e10   Section        0  aes.o(i.copy_block)
    copy_block                               0x08006e11   Thumb Code    66  aes.o(i.copy_block)
    i.copy_block_nn                          0x08006e52   Section        0  aes.o(i.copy_block_nn)
    copy_block_nn                            0x08006e53   Thumb Code    24  aes.o(i.copy_block_nn)
    i.floor                                  0x08006e6c   Section        0  floor.o(i.floor)
    i.main                                   0x08006f34   Section        0  main.o(i.main)
    i.mem_Copy                               0x08006f50   Section        0  data.o(i.mem_Copy)
    i.mem_Init                               0x08006f68   Section        0  data.o(i.mem_Init)
    i.mix_sub_columns                        0x08006f7c   Section        0  aes.o(i.mix_sub_columns)
    mix_sub_columns                          0x08006f7d   Thumb Code   630  aes.o(i.mix_sub_columns)
    i.rand                                   0x08007200   Section        0  data.o(i.rand)
    i.randr                                  0x08007230   Section        0  data.o(i.randr)
    i.shift_sub_rows                         0x0800724c   Section        0  aes.o(i.shift_sub_rows)
    shift_sub_rows                           0x0800724d   Thumb Code   108  aes.o(i.shift_sub_rows)
    i.srand                                  0x080072bc   Section        0  data.o(i.srand)
    i.xor_block                              0x080072c8   Section        0  aes.o(i.xor_block)
    xor_block                                0x080072c9   Thumb Code   130  aes.o(i.xor_block)
    .constdata                               0x0800734a   Section       33  system_stm32l0xx.o(.constdata)
    .constdata                               0x0800736b   Section      768  aes.o(.constdata)
    sbox                                     0x0800736b   Data         256  aes.o(.constdata)
    gfm2_sbox                                0x0800746b   Data         256  aes.o(.constdata)
    gfm3_sbox                                0x0800756b   Data         256  aes.o(.constdata)
    .constdata                               0x0800766b   Section       14  loramac.o(.constdata)
    .constdata                               0x08007679   Section       45  sx1276.o(.constdata)
    .data                                    0x20000000   Section        4  stm32l0xx_hal.o(.data)
    .data                                    0x20000004   Section        4  system_stm32l0xx.o(.data)
    .data                                    0x20000008   Section       31  cpu.o(.data)
    .data                                    0x20000028   Section      296  loramac.o(.data)
    ChannelsTxPower                          0x20000070   Data           1  loramac.o(.data)
    ChannelsDatarate                         0x20000071   Data           1  loramac.o(.data)
    ChannelsDefaultDatarate                  0x20000072   Data           1  loramac.o(.data)
    Rx2Channel                               0x20000097   Data           5  loramac.o(.data)
    MulticastChannels                        0x200000b0   Data           4  loramac.o(.data)
    ChannelsMask                             0x200000b4   Data           2  loramac.o(.data)
    ChannelsNbRep                            0x200000b6   Data           1  loramac.o(.data)
    ChannelsNbRepCounter                     0x200000b7   Data           1  loramac.o(.data)
    Channel                                  0x200000b8   Data           1  loramac.o(.data)
    AdrCtrlOn                                0x200000b9   Data           1  loramac.o(.data)
    AdrAckCounter                            0x200000bc   Data           4  loramac.o(.data)
    LoRaMacDevNonce                          0x200000ca   Data           2  loramac.o(.data)
    LoRa_TxBuf_PktLen                        0x200000cc   Data           2  loramac.o(.data)
    IsUpLinkCounterFixed                     0x200000d4   Data           1  loramac.o(.data)
    DutyCycleOn                              0x200000e0   Data           1  loramac.o(.data)
    MaxDCycle                                0x200000e1   Data           1  loramac.o(.data)
    AggregatedDCycle                         0x200000e2   Data           2  loramac.o(.data)
    AggregatedLastTxDoneTime                 0x200000e8   Data           8  loramac.o(.data)
    AggregatedTimeOff                        0x200000f0   Data           8  loramac.o(.data)
    NodeAckRequested                         0x200000f9   Data           1  loramac.o(.data)
    AckTimeoutRetries                        0x200000fa   Data           1  loramac.o(.data)
    AckTimeoutRetriesCounter                 0x200000fb   Data           1  loramac.o(.data)
    AckTimeoutRetry                          0x200000fc   Data           1  loramac.o(.data)
    DownLinkCounter                          0x20000100   Data           4  loramac.o(.data)
    SrvAckRequested                          0x20000104   Data           1  loramac.o(.data)
    Rx1DrOffset                              0x20000110   Data           1  loramac.o(.data)
    RxWindow1Delay                           0x20000114   Data           4  loramac.o(.data)
    RxWindow2Delay                           0x20000118   Data           4  loramac.o(.data)
    MicBlockB0                               0x20000124   Data          16  loramac.o(.data)
    aBlock                                   0x20000134   Data          16  loramac.o(.data)
    MacCommandsInNextTx                      0x20000144   Data           1  loramac.o(.data)
    MacCommandsBufferIndex                   0x20000145   Data           1  loramac.o(.data)
    TxDone                                   0x20000146   Data           1  loramac.o(.data)
    Rxpacket_count                           0x2000014c   Data           4  loramac.o(.data)
    .data                                    0x20000150   Section       49  sx1276.o(.data)
    RadioIsActive                            0x20000150   Data           1  sx1276.o(.data)
    opModePrev                               0x20000180   Data           1  sx1276.o(.data)
    .data                                    0x20000188   Section       35  os_timer.o(.data)
    TimerListHead                            0x20000188   Data           4  os_timer.o(.data)
    TIM2_Tick_EventStart                     0x20000198   Data           8  os_timer.o(.data)
    pwm_count                                0x200001a9   Data           1  os_timer.o(.data)
    pwm_value                                0x200001aa   Data           1  os_timer.o(.data)
    .data                                    0x200001ab   Section        3  communication.o(.data)
    lightStatus                              0x200001ad   Data           1  communication.o(.data)
    .data                                    0x200001b0   Section       64  rfid.o(.data)
    .data                                    0x200001f0   Section        4  data.o(.data)
    next                                     0x200001f0   Data           4  data.o(.data)
    .bss                                     0x200001f4   Section       36  bsp_rtc.o(.bss)
    .bss                                     0x20000218   Section     2353  cpu.o(.bss)
    .bss                                     0x20000b4c   Section      688  loramac.o(.bss)
    ChannelCheckTimer                        0x20000b4c   Data          20  loramac.o(.bss)
    LoRa_TxBuf                               0x20000b74   Data         128  loramac.o(.bss)
    TxDelayedTimer                           0x20000bf4   Data          20  loramac.o(.bss)
    AckTimeoutTimer                          0x20000c08   Data          20  loramac.o(.bss)
    LoRa_RxBuf                               0x20000c1c   Data         128  loramac.o(.bss)
    RxWindowTimer1                           0x20000c9c   Data          20  loramac.o(.bss)
    RxWindowTimer2                           0x20000cb0   Data          20  loramac.o(.bss)
    MacStateCheckTimer                       0x20000cc4   Data          20  loramac.o(.bss)
    sBlock                                   0x20000cd8   Data          16  loramac.o(.bss)
    AesContext                               0x20000ce8   Data         241  loramac.o(.bss)
    MacCommandsBuffer                        0x20000dd9   Data          15  loramac.o(.bss)
    TxNextPacketTimer                        0x20000de8   Data          20  loramac.o(.bss)
    .bss                                     0x20000dfc   Section      316  sx1276.o(.bss)
    SX1276_RxBuf                             0x20000dfc   Data         256  sx1276.o(.bss)
    STACK                                    0x20000f38   Section     1024  startup_stm32l051xx.o(STACK)

    Global Symbols

    Symbol Name                              Value     Ov Type        Size  Object(Section)

    BuildAttributes$$THM_ISAv3M$S$PE$A:L22$X:L11$S22$IEEE1$IW$USESV6$~STKCKD$USESV7$~SHL$OTIME$ROPI$IEEEJ$EBA8$MICROLIB$REQ8$PRES8$EABIv2 0x00000000   Number         0  anon$$obj.o ABSOLUTE
    __ARM_use_no_argv                        0x00000000   Number         0  main.o ABSOLUTE
    __cpp_initialize__aeabi_                  - Undefined Weak Reference
    __cxa_finalize                            - Undefined Weak Reference
    _clock_init                               - Undefined Weak Reference
    _microlib_exit                            - Undefined Weak Reference
    __Vectors_Size                           0x000000c0   Number         0  startup_stm32l051xx.o ABSOLUTE
    __Vectors                                0x08000000   Data           4  startup_stm32l051xx.o(RESET)
    __Vectors_End                            0x080000c0   Data           0  startup_stm32l051xx.o(RESET)
    __main                                   0x080000c1   Thumb Code     0  entry.o(.ARM.Collect$$$$00000000)
    _main_stk                                0x080000c1   Thumb Code     0  entry2.o(.ARM.Collect$$$$00000001)
    _main_scatterload                        0x080000c5   Thumb Code     0  entry5.o(.ARM.Collect$$$$00000004)
    __main_after_scatterload                 0x080000c9   Thumb Code     0  entry5.o(.ARM.Collect$$$$00000004)
    _main_clock                              0x080000c9   Thumb Code     0  entry7b.o(.ARM.Collect$$$$00000008)
    _main_cpp_init                           0x080000c9   Thumb Code     0  entry8b.o(.ARM.Collect$$$$0000000A)
    _main_init                               0x080000c9   Thumb Code     0  entry9a.o(.ARM.Collect$$$$0000000B)
    __rt_final_cpp                           0x080000d1   Thumb Code     0  entry10a.o(.ARM.Collect$$$$0000000D)
    __rt_final_exit                          0x080000d1   Thumb Code     0  entry11a.o(.ARM.Collect$$$$0000000F)
    Reset_Handler                            0x080000d5   Thumb Code     8  startup_stm32l051xx.o(.text)
    ADC1_COMP_IRQHandler                     0x080000e7   Thumb Code     0  startup_stm32l051xx.o(.text)
    DMA1_Channel1_IRQHandler                 0x080000e7   Thumb Code     0  startup_stm32l051xx.o(.text)
    DMA1_Channel2_3_IRQHandler               0x080000e7   Thumb Code     0  startup_stm32l051xx.o(.text)
    DMA1_Channel4_5_6_7_IRQHandler           0x080000e7   Thumb Code     0  startup_stm32l051xx.o(.text)
    FLASH_IRQHandler                         0x080000e7   Thumb Code     0  startup_stm32l051xx.o(.text)
    I2C1_IRQHandler                          0x080000e7   Thumb Code     0  startup_stm32l051xx.o(.text)
    I2C2_IRQHandler                          0x080000e7   Thumb Code     0  startup_stm32l051xx.o(.text)
    LPTIM1_IRQHandler                        0x080000e7   Thumb Code     0  startup_stm32l051xx.o(.text)
    LPUART1_IRQHandler                       0x080000e7   Thumb Code     0  startup_stm32l051xx.o(.text)
    PVD_IRQHandler                           0x080000e7   Thumb Code     0  startup_stm32l051xx.o(.text)
    RCC_IRQHandler                           0x080000e7   Thumb Code     0  startup_stm32l051xx.o(.text)
    SPI1_IRQHandler                          0x080000e7   Thumb Code     0  startup_stm32l051xx.o(.text)
    SPI2_IRQHandler                          0x080000e7   Thumb Code     0  startup_stm32l051xx.o(.text)
    TIM21_IRQHandler                         0x080000e7   Thumb Code     0  startup_stm32l051xx.o(.text)
    TIM22_IRQHandler                         0x080000e7   Thumb Code     0  startup_stm32l051xx.o(.text)
    TIM6_IRQHandler                          0x080000e7   Thumb Code     0  startup_stm32l051xx.o(.text)
    USART2_IRQHandler                        0x080000e7   Thumb Code     0  startup_stm32l051xx.o(.text)
    WWDG_IRQHandler                          0x080000e7   Thumb Code     0  startup_stm32l051xx.o(.text)
    __aeabi_uidiv                            0x080000f1   Thumb Code     0  uidiv.o(.text)
    __aeabi_uidivmod                         0x080000f1   Thumb Code    44  uidiv.o(.text)
    __aeabi_idiv                             0x0800011d   Thumb Code     0  idiv.o(.text)
    __aeabi_idivmod                          0x0800011d   Thumb Code    40  idiv.o(.text)
    __aeabi_uldivmod                         0x08000145   Thumb Code    96  uldiv.o(.text)
    __aeabi_lmul                             0x080001a5   Thumb Code   122  llmul.o(.text)
    _ll_mul                                  0x080001a5   Thumb Code     0  llmul.o(.text)
    __aeabi_memcpy                           0x0800021f   Thumb Code    36  memcpya.o(.text)
    __aeabi_memcpy4                          0x0800021f   Thumb Code     0  memcpya.o(.text)
    __aeabi_memcpy8                          0x0800021f   Thumb Code     0  memcpya.o(.text)
    __aeabi_uread4                           0x08000243   Thumb Code    20  uread4.o(.text)
    __rt_uread4                              0x08000243   Thumb Code     0  uread4.o(.text)
    _uread4                                  0x08000243   Thumb Code     0  uread4.o(.text)
    __aeabi_uread8                           0x08000257   Thumb Code    28  uread8.o(.text)
    __rt_uread8                              0x08000257   Thumb Code     0  uread8.o(.text)
    _uread8                                  0x08000257   Thumb Code     0  uread8.o(.text)
    __aeabi_uwrite4                          0x08000273   Thumb Code    18  uwrite4.o(.text)
    __rt_uwrite4                             0x08000273   Thumb Code     0  uwrite4.o(.text)
    _uwrite4                                 0x08000273   Thumb Code     0  uwrite4.o(.text)
    __aeabi_uwrite8                          0x08000285   Thumb Code    30  uwrite8.o(.text)
    __rt_uwrite8                             0x08000285   Thumb Code     0  uwrite8.o(.text)
    _uwrite8                                 0x08000285   Thumb Code     0  uwrite8.o(.text)
    __aeabi_dadd                             0x080002a5   Thumb Code   328  dadd.o(.text)
    __aeabi_dsub                             0x080003ed   Thumb Code    12  dadd.o(.text)
    __aeabi_drsub                            0x080003f9   Thumb Code    12  dadd.o(.text)
    __aeabi_dmul                             0x08000409   Thumb Code   202  dmul.o(.text)
    __aeabi_ddiv                             0x080004d9   Thumb Code   234  ddiv.o(.text)
    __aeabi_i2d                              0x080005c9   Thumb Code    34  dflti.o(.text)
    __aeabi_ui2d                             0x080005f1   Thumb Code    24  dfltui.o(.text)
    __aeabi_d2iz                             0x0800060d   Thumb Code    62  dfixi.o(.text)
    __aeabi_d2uiz                            0x08000655   Thumb Code    50  dfixui.o(.text)
    __aeabi_d2ulz                            0x08000691   Thumb Code    54  dfixul.o(.text)
    __aeabi_cdrcmple                         0x080006d1   Thumb Code    38  cdrcmple.o(.text)
    __aeabi_llsl                             0x080006f9   Thumb Code    32  llshl.o(.text)
    _ll_shift_l                              0x080006f9   Thumb Code     0  llshl.o(.text)
    __aeabi_llsr                             0x08000719   Thumb Code    34  llushr.o(.text)
    _ll_ushift_r                             0x08000719   Thumb Code     0  llushr.o(.text)
    __aeabi_lasr                             0x0800073b   Thumb Code    38  llsshr.o(.text)
    _ll_sshift_r                             0x0800073b   Thumb Code     0  llsshr.o(.text)
    __I$use$fp                               0x08000761   Thumb Code     0  iusefp.o(.text)
    _double_round                            0x08000761   Thumb Code    26  depilogue.o(.text)
    _double_epilogue                         0x0800077b   Thumb Code   164  depilogue.o(.text)
    __scatterload                            0x08000821   Thumb Code    28  init.o(.text)
    __scatterload_rt2                        0x08000821   Thumb Code     0  init.o(.text)
    __decompress                             0x08000845   Thumb Code     0  __dczerorl2.o(.text)
    __decompress1                            0x08000845   Thumb Code    86  __dczerorl2.o(.text)
    AES_CMAC2                                0x0800089b   Thumb Code   672  aes.o(i.AES_CMAC2)
    AES_CMAC_Join                            0x08000b3b   Thumb Code   510  aes.o(i.AES_CMAC_Join)
    BoardMeasureBatterieLevel                0x08000de5   Thumb Code    16  loramac.o(i.BoardMeasureBatterieLevel)
    CPU_Init                                 0x08000df5   Thumb Code    44  cpu.o(i.CPU_Init)
    Decrypt_Join                             0x08000e25   Thumb Code    64  aes.o(i.Decrypt_Join)
    DelayMs                                  0x08000e65   Thumb Code    76  os_timer.o(i.DelayMs)
    EXTI0_1_IRQHandler                       0x08000eb1   Thumb Code    48  cpu.o(i.EXTI0_1_IRQHandler)
    EXTI2_3_IRQHandler                       0x08000ee5   Thumb Code    26  cpu.o(i.EXTI2_3_IRQHandler)
    EXTI4_15_IRQHandler                      0x08000f05   Thumb Code    90  cpu.o(i.EXTI4_15_IRQHandler)
    EXTI_Init                                0x08000f69   Thumb Code    52  cpu.o(i.EXTI_Init)
    GPIO_Init                                0x08000f9d   Thumb Code   256  cpu.o(i.GPIO_Init)
    HAL_GPIO_EXTI_Callback                   0x080010ad   Thumb Code     2  stm32l0xx_hal_gpio.o(i.HAL_GPIO_EXTI_Callback)
    HAL_GPIO_Init                            0x080010b1   Thumb Code   462  stm32l0xx_hal_gpio.o(i.HAL_GPIO_Init)
    HAL_GPIO_WritePin                        0x0800129d   Thumb Code    12  stm32l0xx_hal_gpio.o(i.HAL_GPIO_WritePin)
    HAL_GetTick                              0x080012a9   Thumb Code     6  stm32l0xx_hal.o(i.HAL_GetTick)
    HAL_IncTick                              0x080012b5   Thumb Code    12  stm32l0xx_hal.o(i.HAL_IncTick)
    HAL_InitTick                             0x080012c5   Thumb Code    36  stm32l0xx_hal.o(i.HAL_InitTick)
    HAL_NVIC_EnableIRQ                       0x080012ed   Thumb Code    18  stm32l0xx_hal_cortex.o(i.HAL_NVIC_EnableIRQ)
    HAL_NVIC_SetPriority                     0x08001305   Thumb Code    18  stm32l0xx_hal_cortex.o(i.HAL_NVIC_SetPriority)
    HAL_RCCEx_GetPeriphCLKFreq               0x08001319   Thumb Code   582  stm32l0xx_hal_rcc_ex.o(i.HAL_RCCEx_GetPeriphCLKFreq)
    HAL_RCC_ClockConfig                      0x0800157d   Thumb Code   482  stm32l0xx_hal_rcc.o(i.HAL_RCC_ClockConfig)
    HAL_RCC_GetHCLKFreq                      0x08001775   Thumb Code     6  stm32l0xx_hal_rcc.o(i.HAL_RCC_GetHCLKFreq)
    HAL_RCC_GetOscConfig                     0x08001781   Thumb Code   262  stm32l0xx_hal_rcc.o(i.HAL_RCC_GetOscConfig)
    HAL_RCC_GetPCLK1Freq                     0x0800188d   Thumb Code    26  stm32l0xx_hal_rcc.o(i.HAL_RCC_GetPCLK1Freq)
    HAL_RCC_GetPCLK2Freq                     0x080018b1   Thumb Code    26  stm32l0xx_hal_rcc.o(i.HAL_RCC_GetPCLK2Freq)
    HAL_RCC_GetSysClockFreq                  0x080018d5   Thumb Code   206  stm32l0xx_hal_rcc.o(i.HAL_RCC_GetSysClockFreq)
    HAL_RCC_OscConfig                        0x080019b9   Thumb Code  1556  stm32l0xx_hal_rcc.o(i.HAL_RCC_OscConfig)
    HAL_RTCEx_AlarmBEventCallback            0x08001fd9   Thumb Code     2  stm32l0xx_hal_rtc_ex.o(i.HAL_RTCEx_AlarmBEventCallback)
    HAL_RTC_AlarmAEventCallback              0x08001fdb   Thumb Code    10  bsp_rtc.o(i.HAL_RTC_AlarmAEventCallback)
    HAL_RTC_AlarmIRQHandler                  0x08001fe5   Thumb Code   124  stm32l0xx_hal_rtc.o(i.HAL_RTC_AlarmIRQHandler)
    HAL_SPI_GetState                         0x0800206d   Thumb Code     8  stm32l0xx_hal_spi.o(i.HAL_SPI_GetState)
    HAL_SPI_Init                             0x08002075   Thumb Code   142  stm32l0xx_hal_spi.o(i.HAL_SPI_Init)
    HAL_SPI_MspInit                          0x08002103   Thumb Code     2  stm32l0xx_hal_spi.o(i.HAL_SPI_MspInit)
    HAL_SPI_Transmit                         0x08002105   Thumb Code   474  stm32l0xx_hal_spi.o(i.HAL_SPI_Transmit)
    HAL_SPI_TransmitReceive                  0x080022df   Thumb Code   894  stm32l0xx_hal_spi.o(i.HAL_SPI_TransmitReceive)
    HAL_SYSTICK_Config                       0x0800265d   Thumb Code    46  stm32l0xx_hal_cortex.o(i.HAL_SYSTICK_Config)
    HAL_TIM_Base_Init                        0x08002695   Thumb Code    56  stm32l0xx_hal_tim.o(i.HAL_TIM_Base_Init)
    HAL_TIM_Base_MspInit                     0x080026cd   Thumb Code    34  cpu.o(i.HAL_TIM_Base_MspInit)
    HAL_TIM_Base_Start_IT                    0x080026f5   Thumb Code    30  stm32l0xx_hal_tim.o(i.HAL_TIM_Base_Start_IT)
    HAL_TIM_IC_CaptureCallback               0x08002713   Thumb Code     2  stm32l0xx_hal_tim.o(i.HAL_TIM_IC_CaptureCallback)
    HAL_TIM_IRQHandler                       0x08002715   Thumb Code   380  stm32l0xx_hal_tim.o(i.HAL_TIM_IRQHandler)
    HAL_TIM_OC_DelayElapsedCallback          0x08002891   Thumb Code     2  stm32l0xx_hal_tim.o(i.HAL_TIM_OC_DelayElapsedCallback)
    HAL_TIM_PWM_PulseFinishedCallback        0x08002893   Thumb Code     2  stm32l0xx_hal_tim.o(i.HAL_TIM_PWM_PulseFinishedCallback)
    HAL_TIM_PeriodElapsedCallback            0x08002895   Thumb Code     2  stm32l0xx_hal_tim.o(i.HAL_TIM_PeriodElapsedCallback)
    HAL_TIM_TriggerCallback                  0x08002897   Thumb Code     2  stm32l0xx_hal_tim.o(i.HAL_TIM_TriggerCallback)
    HAL_UARTEx_WakeupCallback                0x08002899   Thumb Code     2  stm32l0xx_hal_uart_ex.o(i.HAL_UARTEx_WakeupCallback)
    HAL_UART_ErrorCallback                   0x0800289b   Thumb Code     2  stm32l0xx_hal_uart.o(i.HAL_UART_ErrorCallback)
    HAL_UART_Init                            0x0800289d   Thumb Code   130  stm32l0xx_hal_uart.o(i.HAL_UART_Init)
    HAL_UART_MspInit                         0x0800291f   Thumb Code     2  stm32l0xx_hal_uart.o(i.HAL_UART_MspInit)
    HardFault_Handler                        0x08002921   Thumb Code     4  stm32l0xx_it.o(i.HardFault_Handler)
    LoRaMacInit                              0x08002925   Thumb Code   174  loramac.o(i.LoRaMacInit)
    LoRaMacSendFrameOnChannel                0x08002a45   Thumb Code   366  loramac.o(i.LoRaMacSendFrameOnChannel)
    LoRaMac_Send                             0x08002e69   Thumb Code  1332  loramac.o(i.LoRaMac_Send)
    NMI_Handler                              0x080033e5   Thumb Code     2  stm32l0xx_it.o(i.NMI_Handler)
    OnRadioCadDone                           0x08003749   Thumb Code     2  loramac.o(i.OnRadioCadDone)
    OnRadioFhssChangeChannel                 0x0800374b   Thumb Code     2  loramac.o(i.OnRadioFhssChangeChannel)
    OnRadioRxDone                            0x0800374d   Thumb Code  3010  loramac.o(i.OnRadioRxDone)
    OnRadioRxError                           0x08004349   Thumb Code    34  loramac.o(i.OnRadioRxError)
    OnRadioRxTimeout                         0x08004371   Thumb Code    34  loramac.o(i.OnRadioRxTimeout)
    OnRadioTxDone                            0x08004399   Thumb Code   334  loramac.o(i.OnRadioTxDone)
    OnRadioTxTimeout                         0x08004531   Thumb Code    22  loramac.o(i.OnRadioTxTimeout)
    PendSV_Handler                           0x08004689   Thumb Code     2  stm32l0xx_it.o(i.PendSV_Handler)
    RCC_Init                                 0x0800468d   Thumb Code   104  cpu.o(i.RCC_Init)
    RFID_Init                                0x08004795   Thumb Code    20  rfid.o(i.RFID_Init)
    RFID_Task                                0x080047ad   Thumb Code   290  rfid.o(i.RFID_Task)
    RTC_IRQHandler                           0x080048f5   Thumb Code    10  bsp_rtc.o(i.RTC_IRQHandler)
    RtcRecoverMcuStatus                      0x08004905   Thumb Code    20  bsp_rtc.o(i.RtcRecoverMcuStatus)
    SPI_Init                                 0x08004919   Thumb Code    84  cpu.o(i.SPI_Init)
    SPI_Read                                 0x08004979   Thumb Code   100  cpu.o(i.SPI_Read)
    SPI_Send                                 0x080049e1   Thumb Code    80  cpu.o(i.SPI_Send)
    SVC_Handler                              0x08004b4d   Thumb Code     2  stm32l0xx_it.o(i.SVC_Handler)
    SX1276IsChannelFree                      0x08004b51   Thumb Code   114  sx1276.o(i.SX1276IsChannelFree)
    SX1276OnDio0Irq                          0x08004bcd   Thumb Code   540  sx1276.o(i.SX1276OnDio0Irq)
    SX1276OnDio1Irq                          0x08004e1d   Thumb Code    42  sx1276.o(i.SX1276OnDio1Irq)
    SX1276OnDio2Irq                          0x08004e51   Thumb Code    90  sx1276.o(i.SX1276OnDio2Irq)
    SX1276OnDio3Irq                          0x08004eb5   Thumb Code    48  sx1276.o(i.SX1276OnDio3Irq)
    SX1276OnTimeoutIrq                       0x08004ee5   Thumb Code    40  sx1276.o(i.SX1276OnTimeoutIrq)
    SX1276Read                               0x08004f11   Thumb Code    20  sx1276.o(i.SX1276Read)
    SX1276ReadRssi                           0x08004f25   Thumb Code    86  sx1276.o(i.SX1276ReadRssi)
    SX1276SetModem                           0x08004f8d   Thumb Code   124  sx1276.o(i.SX1276SetModem)
    SX1276SetOpMode                          0x0800500d   Thumb Code   240  sx1276.o(i.SX1276SetOpMode)
    SX1276SetSleep                           0x0800510d   Thumb Code    28  sx1276.o(i.SX1276SetSleep)
    SX1276SetStby                            0x08005135   Thumb Code    28  sx1276.o(i.SX1276SetStby)
    SX1276Write                              0x0800515d   Thumb Code    16  sx1276.o(i.SX1276Write)
    SX1276_Init                              0x0800516d   Thumb Code   276  sx1276.o(i.SX1276_Init)
    SX1276_RxConfig                          0x080052a1   Thumb Code   734  sx1276.o(i.SX1276_RxConfig)
    SX1276_Send                              0x080055c1   Thumb Code   242  sx1276.o(i.SX1276_Send)
    SX1276_TxConfig                          0x080056cd   Thumb Code  1112  sx1276.o(i.SX1276_TxConfig)
    SysTick_Handler                          0x08005b25   Thumb Code    46  cpu.o(i.SysTick_Handler)
    SysTick_Init                             0x08005b61   Thumb Code    78  cpu.o(i.SysTick_Init)
    SystemClockConfig_STOP                   0x08005bbd   Thumb Code   102  bsp_rtc.o(i.SystemClockConfig_STOP)
    SystemInit                               0x08005c2d   Thumb Code    88  system_stm32l0xx.o(i.SystemInit)
    TIM2_IRQHandler                          0x08005c95   Thumb Code   124  os_timer.o(i.TIM2_IRQHandler)
    TIM2_Tick_Present                        0x08005d29   Thumb Code    18  os_timer.o(i.TIM2_Tick_Present)
    TIM2_Time_Present                        0x08005d41   Thumb Code    24  os_timer.o(i.TIM2_Time_Present)
    Tim_Init                                 0x08005dcd   Thumb Code    42  cpu.o(i.Tim_Init)
    TimerEvent_Start                         0x08005e01   Thumb Code   462  os_timer.o(i.TimerEvent_Start)
    TimerEvent_Stop                          0x08005fdd   Thumb Code   342  os_timer.o(i.TimerEvent_Stop)
    TimerInit                                0x08006141   Thumb Code    14  os_timer.o(i.TimerInit)
    TimerSetValue                            0x08006151   Thumb Code    44  os_timer.o(i.TimerSetValue)
    TimerTask                                0x08006181   Thumb Code   266  os_timer.o(i.TimerTask)
    UART_AdvFeatureConfig                    0x0800629d   Thumb Code   240  stm32l0xx_hal_uart.o(i.UART_AdvFeatureConfig)
    UART_CheckIdleState                      0x0800638d   Thumb Code   112  stm32l0xx_hal_uart.o(i.UART_CheckIdleState)
    UART_Init                                0x08006401   Thumb Code    86  cpu.o(i.UART_Init)
    UART_Send                                0x08006461   Thumb Code    38  cpu.o(i.UART_Send)
    UART_SetConfig                           0x0800648d   Thumb Code   930  stm32l0xx_hal_uart.o(i.UART_SetConfig)
    UART_Start                               0x0800685d   Thumb Code    18  cpu.o(i.UART_Start)
    UART_WaitOnFlagUntilTimeout              0x08006875   Thumb Code   112  stm32l0xx_hal_uart.o(i.UART_WaitOnFlagUntilTimeout)
    USART1_IRQHandler                        0x080068e5   Thumb Code   422  cpu.o(i.USART1_IRQHandler)
    __ARM_clz                                0x08006aa5   Thumb Code    46  depilogue.o(i.__ARM_clz)
    __ARM_common_ll_muluu                    0x08006ad3   Thumb Code    48  stm32l0xx_hal_uart.o(i.__ARM_common_ll_muluu)
    __ARM_common_switch8                     0x08006b03   Thumb Code    28  stm32l0xx_hal_tim.o(i.__ARM_common_switch8)
    __scatterload_copy                       0x08006b1f   Thumb Code    14  handlers.o(i.__scatterload_copy)
    __scatterload_null                       0x08006b2d   Thumb Code     2  handlers.o(i.__scatterload_null)
    __scatterload_zeroinit                   0x08006b2f   Thumb Code    14  handlers.o(i.__scatterload_zeroinit)
    aes_encrypt                              0x08006b4d   Thumb Code    90  aes.o(i.aes_encrypt)
    aes_set_key                              0x08006ba9   Thumb Code   280  aes.o(i.aes_set_key)
    ceil                                     0x08006cc5   Thumb Code   180  ceil.o(i.ceil)
    floor                                    0x08006e6d   Thumb Code   180  floor.o(i.floor)
    main                                     0x08006f35   Thumb Code    28  main.o(i.main)
    mem_Copy                                 0x08006f51   Thumb Code    24  data.o(i.mem_Copy)
    mem_Init                                 0x08006f69   Thumb Code    20  data.o(i.mem_Init)
    rand                                     0x08007201   Thumb Code    30  data.o(i.rand)
    randr                                    0x08007231   Thumb Code    26  data.o(i.randr)
    srand                                    0x080072bd   Thumb Code     6  data.o(i.srand)
    AHBPrescTable                            0x0800734a   Data          16  system_stm32l0xx.o(.constdata)
    APBPrescTable                            0x0800735a   Data           8  system_stm32l0xx.o(.constdata)
    PLLMulTable                              0x08007362   Data           9  system_stm32l0xx.o(.constdata)
    TxPowers                                 0x0800766b   Data           6  loramac.o(.constdata)
    Datarates                                0x08007671   Data           8  loramac.o(.constdata)
    RadioRegsInit                            0x08007679   Data          45  sx1276.o(.constdata)
    Region$$Table$$Base                      0x080076a8   Number         0  anon$$obj.o(Region$$Table)
    Region$$Table$$Limit                     0x080076c8   Number         0  anon$$obj.o(Region$$Table)
    uwTick                                   0x20000000   Data           4  stm32l0xx_hal.o(.data)
    SystemCoreClock                          0x20000004   Data           4  system_stm32l0xx.o(.data)
    uwLsiFreq                                0x20000008   Data           4  cpu.o(.data)
    uwCaptureNumber                          0x2000000c   Data           4  cpu.o(.data)
    uwPeriodValue                            0x20000010   Data           4  cpu.o(.data)
    SysTick_Delay_ms_value                   0x20000014   Data           4  cpu.o(.data)
    uwPrescalerValue                         0x20000018   Data           4  cpu.o(.data)
    UART_TxBuf_Top                           0x2000001c   Data           2  cpu.o(.data)
    UART_TxBuf_Rear                          0x2000001e   Data           2  cpu.o(.data)
    UART_RxBuf_Top                           0x20000020   Data           2  cpu.o(.data)
    UART_RxBuf_Rear                          0x20000022   Data           2  cpu.o(.data)
    UART_RxBuf2_Top                          0x20000024   Data           2  cpu.o(.data)
    UART_RxBuf2_Rear                         0x20000026   Data           1  cpu.o(.data)
    LoRaMacDevAddr                           0x20000028   Data           4  loramac.o(.data)
    LoRaMacNwkSKey                           0x2000002c   Data          16  loramac.o(.data)
    LoRaMacAppSKey                           0x2000003c   Data          16  loramac.o(.data)
    LoRaMacDevEui                            0x2000004c   Data           8  loramac.o(.data)
    LoRaMacAppEui                            0x20000054   Data           8  loramac.o(.data)
    LoRaMacAppKey                            0x2000005c   Data          16  loramac.o(.data)
    LoRaMacNetID                             0x2000006c   Data           4  loramac.o(.data)
    LoRaMac_Channel_UpLink                   0x20000073   Data          18  loramac.o(.data)
    LoRaMac_Channel_DownLink                 0x20000085   Data          18  loramac.o(.data)
    Bands                                    0x2000009c   Data          19  loramac.o(.data)
    JoinAcceptDelay1                         0x200000c0   Data           4  loramac.o(.data)
    JoinAcceptDelay2                         0x200000c4   Data           4  loramac.o(.data)
    IsLoRaMacNetworkJoined                   0x200000c8   Data           1  loramac.o(.data)
    UpLinkCounter                            0x200000d0   Data           4  loramac.o(.data)
    TxTimeOnAir                              0x200000d8   Data           8  loramac.o(.data)
    AckReceived                              0x200000f8   Data           1  loramac.o(.data)
    ReceiveDelay1                            0x20000108   Data           4  loramac.o(.data)
    ReceiveDelay2                            0x2000010c   Data           4  loramac.o(.data)
    LoRaMacEventFlags                        0x2000011c   Data           1  loramac.o(.data)
    LoRaMacEventInfo_RxSnr                   0x2000011d   Data           1  loramac.o(.data)
    LoRaMacState                             0x20000120   Data           4  loramac.o(.data)
    MoteIDAddr                               0x20000148   Data           4  loramac.o(.data)
    SX1276_State                             0x20000151   Data           1  sx1276.o(.data)
    SX1276_Modem                             0x20000152   Data           1  sx1276.o(.data)
    SX1276_Channel                           0x20000154   Data           4  sx1276.o(.data)
    SX1276_Power                             0x20000158   Data           1  sx1276.o(.data)
    SX1276_Bandwidth                         0x2000015c   Data           4  sx1276.o(.data)
    SX1276_Datarate                          0x20000160   Data           4  sx1276.o(.data)
    SX1276_LowDatarateOptimize               0x20000164   Data           1  sx1276.o(.data)
    SX1276_Coderate                          0x20000165   Data           1  sx1276.o(.data)
    SX1276_PreambleLen                       0x20000166   Data           2  sx1276.o(.data)
    SX1276_FixLen                            0x20000168   Data           1  sx1276.o(.data)
    SX1276_PayloadLen                        0x20000169   Data           1  sx1276.o(.data)
    SX1276_CrcOn                             0x2000016a   Data           1  sx1276.o(.data)
    SX1276_FreqHopOn                         0x2000016b   Data           1  sx1276.o(.data)
    SX1276_HopPeriod                         0x2000016c   Data           1  sx1276.o(.data)
    SX1276_IqInverted                        0x2000016d   Data           1  sx1276.o(.data)
    SX1276_RxContinuous                      0x2000016e   Data           1  sx1276.o(.data)
    SX1276_TxTimeout                         0x20000170   Data           4  sx1276.o(.data)
    SX1276_Payload_SnrValue                  0x20000174   Data           1  sx1276.o(.data)
    SX1276_Payload_RssiValue                 0x20000175   Data           1  sx1276.o(.data)
    SX1276_Payload_Size                      0x20000176   Data           1  sx1276.o(.data)
    SX1276_RxTx                              0x20000177   Data           1  sx1276.o(.data)
    work_frequence                           0x20000178   Data           1  sx1276.o(.data)
    CheckRfFrequency                         0x2000017c   Data           4  sx1276.o(.data)
    TIM2_Tick                                0x20000190   Data           8  os_timer.o(.data)
    TIM2_Tick_EventEnd                       0x200001a0   Data           8  os_timer.o(.data)
    HasLoopedThroughMain                     0x200001a8   Data           1  os_timer.o(.data)
    transmitStatus                           0x200001ab   Data           1  communication.o(.data)
    pwm_scale                                0x200001ac   Data           1  communication.o(.data)
    tags                                     0x200001b0   Data          18  rfid.o(.data)
    tag_head                                 0x200001c4   Data           4  rfid.o(.data)
    top                                      0x200001c8   Data           1  rfid.o(.data)
    rear                                     0x200001c9   Data           1  rfid.o(.data)
    rf_tick                                  0x200001ca   Data           2  rfid.o(.data)
    StopTime_tick                            0x200001cc   Data           2  rfid.o(.data)
    Multi_Inventory                          0x200001ce   Data          10  rfid.o(.data)
    Stop                                     0x200001d8   Data           7  rfid.o(.data)
    Single_Inventory                         0x200001df   Data           7  rfid.o(.data)
    modem_frame                              0x200001e6   Data          10  rfid.o(.data)
    RTCHandle                                0x200001f4   Data          36  bsp_rtc.o(.bss)
    UartHandle                               0x20000218   Data         112  cpu.o(.bss)
    SpiHandle                                0x20000288   Data          88  cpu.o(.bss)
    TimHandle                                0x200002e0   Data          56  cpu.o(.bss)
    Input_Handle                             0x20000318   Data          56  cpu.o(.bss)
    IWDGHandle                               0x20000350   Data          16  cpu.o(.bss)
    UART_TxBuf                               0x20000360   Data        1000  cpu.o(.bss)
    UART_RxBuf                               0x20000748   Data        1000  cpu.o(.bss)
    UART_RxBuf2                              0x20000b30   Data          25  cpu.o(.bss)
    JoinReqTimer                             0x20000b60   Data          20  loramac.o(.bss)
    TxTimeoutTimer                           0x20000efc   Data          20  sx1276.o(.bss)
    RxTimeoutTimer                           0x20000f10   Data          20  sx1276.o(.bss)
    RxTimeoutSyncWord                        0x20000f24   Data          20  sx1276.o(.bss)
    __initial_sp                             0x20001338   Data           0  startup_stm32l051xx.o(STACK)



==============================================================================

Memory Map of the image

  Image Entry point : 0x080000c1

  Load Region LR_IROM1 (Base: 0x08000000, Size: 0x000078bc, Max: 0x00010000, ABSOLUTE, COMPRESSED[0x00007790])

    Execution Region ER_IROM1 (Base: 0x08000000, Size: 0x000076c8, Max: 0x00010000, ABSOLUTE)

    Base Addr    Size         Type   Attr      Idx    E Section Name        Object

    0x08000000   0x000000c0   Data   RO         5999    RESET               startup_stm32l051xx.o
    0x080000c0   0x00000000   Code   RO         6727  * .ARM.Collect$$$$00000000  mc_p.l(entry.o)
    0x080000c0   0x00000004   Code   RO         6774    .ARM.Collect$$$$00000001  mc_p.l(entry2.o)
    0x080000c4   0x00000004   Code   RO         6777    .ARM.Collect$$$$00000004  mc_p.l(entry5.o)
    0x080000c8   0x00000000   Code   RO         6779    .ARM.Collect$$$$00000008  mc_p.l(entry7b.o)
    0x080000c8   0x00000000   Code   RO         6781    .ARM.Collect$$$$0000000A  mc_p.l(entry8b.o)
    0x080000c8   0x00000008   Code   RO         6782    .ARM.Collect$$$$0000000B  mc_p.l(entry9a.o)
    0x080000d0   0x00000000   Code   RO         6784    .ARM.Collect$$$$0000000D  mc_p.l(entry10a.o)
    0x080000d0   0x00000000   Code   RO         6786    .ARM.Collect$$$$0000000F  mc_p.l(entry11a.o)
    0x080000d0   0x00000004   Code   RO         6775    .ARM.Collect$$$$00002712  mc_p.l(entry2.o)
    0x080000d4   0x0000001c   Code   RO         6000    .text               startup_stm32l051xx.o
    0x080000f0   0x0000002c   Code   RO         6730    .text               mc_p.l(uidiv.o)
    0x0800011c   0x00000028   Code   RO         6732    .text               mc_p.l(idiv.o)
    0x08000144   0x00000060   Code   RO         6734    .text               mc_p.l(uldiv.o)
    0x080001a4   0x0000007a   Code   RO         6736    .text               mc_p.l(llmul.o)
    0x0800021e   0x00000024   Code   RO         6738    .text               mc_p.l(memcpya.o)
    0x08000242   0x00000014   Code   RO         6744    .text               mc_p.l(uread4.o)
    0x08000256   0x0000001c   Code   RO         6746    .text               mc_p.l(uread8.o)
    0x08000272   0x00000012   Code   RO         6748    .text               mc_p.l(uwrite4.o)
    0x08000284   0x0000001e   Code   RO         6750    .text               mc_p.l(uwrite8.o)
    0x080002a2   0x00000002   PAD
    0x080002a4   0x00000164   Code   RO         6752    .text               mf_p.l(dadd.o)
    0x08000408   0x000000d0   Code   RO         6754    .text               mf_p.l(dmul.o)
    0x080004d8   0x000000f0   Code   RO         6756    .text               mf_p.l(ddiv.o)
    0x080005c8   0x00000028   Code   RO         6758    .text               mf_p.l(dflti.o)
    0x080005f0   0x0000001c   Code   RO         6760    .text               mf_p.l(dfltui.o)
    0x0800060c   0x00000048   Code   RO         6764    .text               mf_p.l(dfixi.o)
    0x08000654   0x0000003c   Code   RO         6766    .text               mf_p.l(dfixui.o)
    0x08000690   0x00000040   Code   RO         6768    .text               mf_p.l(dfixul.o)
    0x080006d0   0x00000028   Code   RO         6772    .text               mf_p.l(cdrcmple.o)
    0x080006f8   0x00000020   Code   RO         6788    .text               mc_p.l(llshl.o)
    0x08000718   0x00000022   Code   RO         6790    .text               mc_p.l(llushr.o)
    0x0800073a   0x00000026   Code   RO         6792    .text               mc_p.l(llsshr.o)
    0x08000760   0x00000000   Code   RO         6794    .text               mc_p.l(iusefp.o)
    0x08000760   0x000000be   Code   RO         6795    .text               mf_p.l(depilogue.o)
    0x0800081e   0x00000002   PAD
    0x08000820   0x00000024   Code   RO         6799    .text               mc_p.l(init.o)
    0x08000844   0x00000056   Code   RO         6809    .text               mc_p.l(__dczerorl2.o)
    0x0800089a   0x000002a0   Code   RO         6004    i.AES_CMAC2         aes.o
    0x08000b3a   0x000001fe   Code   RO         6005    i.AES_CMAC_Join     aes.o
    0x08000d38   0x000000ac   Code   RO         6088    i.AddMacCommand     loramac.o
    0x08000de4   0x00000010   Code   RO         6090    i.BoardMeasureBatterieLevel  loramac.o
    0x08000df4   0x00000030   Code   RO         5455    i.CPU_Init          cpu.o
    0x08000e24   0x00000040   Code   RO         6006    i.Decrypt_Join      aes.o
    0x08000e64   0x0000004c   Code   RO         6393    i.DelayMs           os_timer.o
    0x08000eb0   0x00000034   Code   RO         5456    i.EXTI0_1_IRQHandler  cpu.o
    0x08000ee4   0x00000020   Code   RO         5457    i.EXTI2_3_IRQHandler  cpu.o
    0x08000f04   0x00000064   Code   RO         5458    i.EXTI4_15_IRQHandler  cpu.o
    0x08000f68   0x00000034   Code   RO         5459    i.EXTI_Init         cpu.o
    0x08000f9c   0x00000110   Code   RO         5460    i.GPIO_Init         cpu.o
    0x080010ac   0x00000002   Code   RO          956    i.HAL_GPIO_EXTI_Callback  stm32l0xx_hal_gpio.o
    0x080010ae   0x00000002   PAD
    0x080010b0   0x000001ec   Code   RO          958    i.HAL_GPIO_Init     stm32l0xx_hal_gpio.o
    0x0800129c   0x0000000c   Code   RO          962    i.HAL_GPIO_WritePin  stm32l0xx_hal_gpio.o
    0x080012a8   0x0000000c   Code   RO           16    i.HAL_GetTick       stm32l0xx_hal.o
    0x080012b4   0x00000010   Code   RO           17    i.HAL_IncTick       stm32l0xx_hal.o
    0x080012c4   0x00000028   Code   RO           19    i.HAL_InitTick      stm32l0xx_hal.o
    0x080012ec   0x00000018   Code   RO          669    i.HAL_NVIC_EnableIRQ  stm32l0xx_hal_cortex.o
    0x08001304   0x00000012   Code   RO          673    i.HAL_NVIC_SetPriority  stm32l0xx_hal_cortex.o
    0x08001316   0x00000002   PAD
    0x08001318   0x00000264   Code   RO         2577    i.HAL_RCCEx_GetPeriphCLKFreq  stm32l0xx_hal_rcc_ex.o
    0x0800157c   0x000001f8   Code   RO         2477    i.HAL_RCC_ClockConfig  stm32l0xx_hal_rcc.o
    0x08001774   0x0000000c   Code   RO         2481    i.HAL_RCC_GetHCLKFreq  stm32l0xx_hal_rcc.o
    0x08001780   0x0000010c   Code   RO         2482    i.HAL_RCC_GetOscConfig  stm32l0xx_hal_rcc.o
    0x0800188c   0x00000024   Code   RO         2483    i.HAL_RCC_GetPCLK1Freq  stm32l0xx_hal_rcc.o
    0x080018b0   0x00000024   Code   RO         2484    i.HAL_RCC_GetPCLK2Freq  stm32l0xx_hal_rcc.o
    0x080018d4   0x000000e4   Code   RO         2485    i.HAL_RCC_GetSysClockFreq  stm32l0xx_hal_rcc.o
    0x080019b8   0x00000620   Code   RO         2488    i.HAL_RCC_OscConfig  stm32l0xx_hal_rcc.o
    0x08001fd8   0x00000002   Code   RO         2783    i.HAL_RTCEx_AlarmBEventCallback  stm32l0xx_hal_rtc_ex.o
    0x08001fda   0x0000000a   Code   RO         5223    i.HAL_RTC_AlarmAEventCallback  bsp_rtc.o
    0x08001fe4   0x00000088   Code   RO         2650    i.HAL_RTC_AlarmIRQHandler  stm32l0xx_hal_rtc.o
    0x0800206c   0x00000008   Code   RO         3504    i.HAL_SPI_GetState  stm32l0xx_hal_spi.o
    0x08002074   0x0000008e   Code   RO         3506    i.HAL_SPI_Init      stm32l0xx_hal_spi.o
    0x08002102   0x00000002   Code   RO         3508    i.HAL_SPI_MspInit   stm32l0xx_hal_spi.o
    0x08002104   0x000001da   Code   RO         3514    i.HAL_SPI_Transmit  stm32l0xx_hal_spi.o
    0x080022de   0x0000037e   Code   RO         3515    i.HAL_SPI_TransmitReceive  stm32l0xx_hal_spi.o
    0x0800265c   0x00000038   Code   RO          677    i.HAL_SYSTICK_Config  stm32l0xx_hal_cortex.o
    0x08002694   0x00000038   Code   RO         3735    i.HAL_TIM_Base_Init  stm32l0xx_hal_tim.o
    0x080026cc   0x00000028   Code   RO         5461    i.HAL_TIM_Base_MspInit  cpu.o
    0x080026f4   0x0000001e   Code   RO         3740    i.HAL_TIM_Base_Start_IT  stm32l0xx_hal_tim.o
    0x08002712   0x00000002   Code   RO         3764    i.HAL_TIM_IC_CaptureCallback  stm32l0xx_hal_tim.o
    0x08002714   0x0000017c   Code   RO         3777    i.HAL_TIM_IRQHandler  stm32l0xx_hal_tim.o
    0x08002890   0x00000002   Code   RO         3780    i.HAL_TIM_OC_DelayElapsedCallback  stm32l0xx_hal_tim.o
    0x08002892   0x00000002   Code   RO         3807    i.HAL_TIM_PWM_PulseFinishedCallback  stm32l0xx_hal_tim.o
    0x08002894   0x00000002   Code   RO         3814    i.HAL_TIM_PeriodElapsedCallback  stm32l0xx_hal_tim.o
    0x08002896   0x00000002   Code   RO         3818    i.HAL_TIM_TriggerCallback  stm32l0xx_hal_tim.o
    0x08002898   0x00000002   Code   RO         4753    i.HAL_UARTEx_WakeupCallback  stm32l0xx_hal_uart_ex.o
    0x0800289a   0x00000002   Code   RO         4419    i.HAL_UART_ErrorCallback  stm32l0xx_hal_uart.o
    0x0800289c   0x00000082   Code   RO         4423    i.HAL_UART_Init     stm32l0xx_hal_uart.o
    0x0800291e   0x00000002   Code   RO         4425    i.HAL_UART_MspInit  stm32l0xx_hal_uart.o
    0x08002920   0x00000004   Code   RO         5409    i.HardFault_Handler  stm32l0xx_it.o
    0x08002924   0x00000120   Code   RO         6091    i.LoRaMacInit       loramac.o
    0x08002a44   0x000001ac   Code   RO         6093    i.LoRaMacSendFrameOnChannel  loramac.o
    0x08002bf0   0x00000278   Code   RO         6094    i.LoRaMacSetNextChannel  loramac.o
    0x08002e68   0x0000057c   Code   RO         6095    i.LoRaMac_Send      loramac.o
    0x080033e4   0x00000002   Code   RO         5410    i.NMI_Handler       stm32l0xx_it.o
    0x080033e6   0x00000002   PAD
    0x080033e8   0x00000078   Code   RO          679    i.NVIC_SetPriority  stm32l0xx_hal_cortex.o
    0x08003460   0x00000078   Code   RO         5464    i.NVIC_SetPriority  cpu.o
    0x080034d8   0x0000001c   Code   RO         6096    i.OnAckTimeoutTimerEvent  loramac.o
    0x080034f4   0x0000004c   Code   RO         6097    i.OnChannelCheckTimerEvent  loramac.o
    0x08003540   0x00000208   Code   RO         6098    i.OnMacStateCheckTimerEvent  loramac.o
    0x08003748   0x00000002   Code   RO         6099    i.OnRadioCadDone    loramac.o
    0x0800374a   0x00000002   Code   RO         6100    i.OnRadioFhssChangeChannel  loramac.o
    0x0800374c   0x00000bfc   Code   RO         6101    i.OnRadioRxDone     loramac.o
    0x08004348   0x00000028   Code   RO         6102    i.OnRadioRxError    loramac.o
    0x08004370   0x00000028   Code   RO         6103    i.OnRadioRxTimeout  loramac.o
    0x08004398   0x00000198   Code   RO         6104    i.OnRadioTxDone     loramac.o
    0x08004530   0x0000001c   Code   RO         6105    i.OnRadioTxTimeout  loramac.o
    0x0800454c   0x000000a0   Code   RO         6106    i.OnRxWindow1TimerEvent  loramac.o
    0x080045ec   0x00000084   Code   RO         6107    i.OnRxWindow2TimerEvent  loramac.o
    0x08004670   0x00000018   Code   RO         6108    i.OnTxDelayedTimerEvent  loramac.o
    0x08004688   0x00000002   Code   RO         5411    i.PendSV_Handler    stm32l0xx_it.o
    0x0800468a   0x00000002   PAD
    0x0800468c   0x00000070   Code   RO         5466    i.RCC_Init          cpu.o
    0x080046fc   0x00000098   Code   RO         2489    i.RCC_SetFlashLatencyFromMSIRange  stm32l0xx_hal_rcc.o
    0x08004794   0x00000018   Code   RO         6647    i.RFID_Init         rfid.o
    0x080047ac   0x00000148   Code   RO         6648    i.RFID_Task         rfid.o
    0x080048f4   0x00000010   Code   RO         5227    i.RTC_IRQHandler    bsp_rtc.o
    0x08004904   0x00000014   Code   RO         5236    i.RtcRecoverMcuStatus  bsp_rtc.o
    0x08004918   0x00000060   Code   RO         5467    i.SPI_Init          cpu.o
    0x08004978   0x00000068   Code   RO         5468    i.SPI_Read          cpu.o
    0x080049e0   0x00000054   Code   RO         5469    i.SPI_Send          cpu.o
    0x08004a34   0x00000118   Code   RO         3536    i.SPI_WaitOnFlagUntilTimeout  stm32l0xx_hal_spi.o
    0x08004b4c   0x00000002   Code   RO         5412    i.SVC_Handler       stm32l0xx_it.o
    0x08004b4e   0x00000002   PAD
    0x08004b50   0x0000007c   Code   RO         6236    i.SX1276IsChannelFree  sx1276.o
    0x08004bcc   0x00000250   Code   RO         6237    i.SX1276OnDio0Irq   sx1276.o
    0x08004e1c   0x00000034   Code   RO         6238    i.SX1276OnDio1Irq   sx1276.o
    0x08004e50   0x00000064   Code   RO         6239    i.SX1276OnDio2Irq   sx1276.o
    0x08004eb4   0x00000030   Code   RO         6240    i.SX1276OnDio3Irq   sx1276.o
    0x08004ee4   0x0000002c   Code   RO         6243    i.SX1276OnTimeoutIrq  sx1276.o
    0x08004f10   0x00000014   Code   RO         6245    i.SX1276Read        sx1276.o
    0x08004f24   0x00000068   Code   RO         6246    i.SX1276ReadRssi    sx1276.o
    0x08004f8c   0x00000080   Code   RO         6247    i.SX1276SetModem    sx1276.o
    0x0800500c   0x00000100   Code   RO         6248    i.SX1276SetOpMode   sx1276.o
    0x0800510c   0x00000028   Code   RO         6249    i.SX1276SetSleep    sx1276.o
    0x08005134   0x00000028   Code   RO         6250    i.SX1276SetStby     sx1276.o
    0x0800515c   0x00000010   Code   RO         6252    i.SX1276Write       sx1276.o
    0x0800516c   0x00000134   Code   RO         6253    i.SX1276_Init       sx1276.o
    0x080052a0   0x00000320   Code   RO         6254    i.SX1276_RxConfig   sx1276.o
    0x080055c0   0x0000010c   Code   RO         6255    i.SX1276_Send       sx1276.o
    0x080056cc   0x00000458   Code   RO         6256    i.SX1276_TxConfig   sx1276.o
    0x08005b24   0x0000003c   Code   RO         5471    i.SysTick_Handler   cpu.o
    0x08005b60   0x0000005c   Code   RO         5472    i.SysTick_Init      cpu.o
    0x08005bbc   0x00000070   Code   RO         5241    i.SystemClockConfig_STOP  bsp_rtc.o
    0x08005c2c   0x00000068   Code   RO         5120    i.SystemInit        system_stm32l0xx.o
    0x08005c94   0x00000094   Code   RO         6394    i.TIM2_IRQHandler   os_timer.o
    0x08005d28   0x00000018   Code   RO         6395    i.TIM2_Tick_Present  os_timer.o
    0x08005d40   0x00000018   Code   RO         6396    i.TIM2_Time_Present  os_timer.o
    0x08005d58   0x00000074   Code   RO         3819    i.TIM_Base_SetConfig  stm32l0xx_hal_tim.o
    0x08005dcc   0x00000034   Code   RO         5473    i.Tim_Init          cpu.o
    0x08005e00   0x000001dc   Code   RO         6397    i.TimerEvent_Start  os_timer.o
    0x08005fdc   0x00000164   Code   RO         6398    i.TimerEvent_Stop   os_timer.o
    0x08006140   0x0000000e   Code   RO         6399    i.TimerInit         os_timer.o
    0x0800614e   0x00000002   PAD
    0x08006150   0x00000030   Code   RO         6401    i.TimerSetValue     os_timer.o
    0x08006180   0x0000011c   Code   RO         6402    i.TimerTask         os_timer.o
    0x0800629c   0x000000f0   Code   RO         4436    i.UART_AdvFeatureConfig  stm32l0xx_hal_uart.o
    0x0800638c   0x00000074   Code   RO         4437    i.UART_CheckIdleState  stm32l0xx_hal_uart.o
    0x08006400   0x00000060   Code   RO         5474    i.UART_Init         cpu.o
    0x08006460   0x0000002c   Code   RO         5475    i.UART_Send         cpu.o
    0x0800648c   0x000003d0   Code   RO         4452    i.UART_SetConfig    stm32l0xx_hal_uart.o
    0x0800685c   0x00000018   Code   RO         5476    i.UART_Start        cpu.o
    0x08006874   0x00000070   Code   RO         4454    i.UART_WaitOnFlagUntilTimeout  stm32l0xx_hal_uart.o
    0x080068e4   0x000001c0   Code   RO         5477    i.USART1_IRQHandler  cpu.o
    0x08006aa4   0x0000002e   Code   RO         6797    i.__ARM_clz         mf_p.l(depilogue.o)
    0x08006ad2   0x00000030   Code   RO         4739    i.__ARM_common_ll_muluu  stm32l0xx_hal_uart.o
    0x08006b02   0x0000001c   Code   RO         4361    i.__ARM_common_switch8  stm32l0xx_hal_tim.o
    0x08006b1e   0x0000000e   Code   RO         6803    i.__scatterload_copy  mc_p.l(handlers.o)
    0x08006b2c   0x00000002   Code   RO         6804    i.__scatterload_null  mc_p.l(handlers.o)
    0x08006b2e   0x0000000e   Code   RO         6805    i.__scatterload_zeroinit  mc_p.l(handlers.o)
    0x08006b3c   0x00000010   Code   RO         6007    i.add_round_key     aes.o
    0x08006b4c   0x0000005a   Code   RO         6009    i.aes_encrypt       aes.o
    0x08006ba6   0x00000002   PAD
    0x08006ba8   0x0000011c   Code   RO         6010    i.aes_set_key       aes.o
    0x08006cc4   0x000000c8   Code   RO         6720    i.ceil              m_ps.l(ceil.o)
    0x08006d8c   0x00000084   Code   RO         6011    i.copy_and_key      aes.o
    0x08006e10   0x00000042   Code   RO         6012    i.copy_block        aes.o
    0x08006e52   0x00000018   Code   RO         6013    i.copy_block_nn     aes.o
    0x08006e6a   0x00000002   PAD
    0x08006e6c   0x000000c8   Code   RO         6724    i.floor             m_ps.l(floor.o)
    0x08006f34   0x0000001c   Code   RO         6620    i.main              main.o
    0x08006f50   0x00000018   Code   RO         6676    i.mem_Copy          data.o
    0x08006f68   0x00000014   Code   RO         6677    i.mem_Init          data.o
    0x08006f7c   0x00000284   Code   RO         6014    i.mix_sub_columns   aes.o
    0x08007200   0x00000030   Code   RO         6678    i.rand              data.o
    0x08007230   0x0000001a   Code   RO         6679    i.randr             data.o
    0x0800724a   0x00000002   PAD
    0x0800724c   0x00000070   Code   RO         6015    i.shift_sub_rows    aes.o
    0x080072bc   0x0000000c   Code   RO         6680    i.srand             data.o
    0x080072c8   0x00000082   Code   RO         6016    i.xor_block         aes.o
    0x0800734a   0x00000021   Data   RO         5121    .constdata          system_stm32l0xx.o
    0x0800736b   0x00000300   Data   RO         6017    .constdata          aes.o
    0x0800766b   0x0000000e   Data   RO         6110    .constdata          loramac.o
    0x08007679   0x0000002d   Data   RO         6258    .constdata          sx1276.o
    0x080076a6   0x00000002   PAD
    0x080076a8   0x00000020   Data   RO         6801    Region$$Table       anon$$obj.o


    Execution Region RW_IRAM1 (Base: 0x20000000, Size: 0x00001338, Max: 0x00002000, ABSOLUTE, COMPRESSED[0x000000c8])

    Base Addr    Size         Type   Attr      Idx    E Section Name        Object

    0x20000000   0x00000004   Data   RW           28    .data               stm32l0xx_hal.o
    0x20000004   0x00000004   Data   RW         5122    .data               system_stm32l0xx.o
    0x20000008   0x0000001f   Data   RW         5479    .data               cpu.o
    0x20000027   0x00000001   PAD
    0x20000028   0x00000128   Data   RW         6111    .data               loramac.o
    0x20000150   0x00000031   Data   RW         6259    .data               sx1276.o
    0x20000181   0x00000007   PAD
    0x20000188   0x00000023   Data   RW         6403    .data               os_timer.o
    0x200001ab   0x00000003   Data   RW         6589    .data               communication.o
    0x200001ae   0x00000002   PAD
    0x200001b0   0x00000040   Data   RW         6650    .data               rfid.o
    0x200001f0   0x00000004   Data   RW         6681    .data               data.o
    0x200001f4   0x00000024   Zero   RW         5244    .bss                bsp_rtc.o
    0x20000218   0x00000931   Zero   RW         5478    .bss                cpu.o
    0x20000b49   0x00000003   PAD
    0x20000b4c   0x000002b0   Zero   RW         6109    .bss                loramac.o
    0x20000dfc   0x0000013c   Zero   RW         6257    .bss                sx1276.o
    0x20000f38   0x00000400   Zero   RW         5997    STACK               startup_stm32l051xx.o


==============================================================================

Image component sizes


      Code (inc. data)   RO Data    RW Data    ZI Data      Debug   Object Name

      2744         22        768          0          0      18235   aes.o
       158         16          0          0         36       3182   bsp_rtc.o
         0          0          0          3          0       1630   communication.o
      1928        170          0         31       2353      19741   cpu.o
       130         24          0          4          0       3069   data.o
      7468        884         14        296        688      20860   loramac.o
        28          0          0          0          0        443   main.o
      1450         80          0         35          0       6497   os_timer.o
       352         42          0         64          0       2209   rfid.o
        28          8        192          0       1024        624   startup_stm32l051xx.o
        68         14          0          4          0     323756   stm32l0xx_hal.o
       218         26          0          0          0      10617   stm32l0xx_hal_cortex.o
       506         30          0          0          0       2765   stm32l0xx_hal_gpio.o
      2804        118          0          0          0       7315   stm32l0xx_hal_rcc.o
       612         30          0          0          0       1109   stm32l0xx_hal_rcc_ex.o
       136         12          0          0          0       1006   stm32l0xx_hal_rtc.o
         2          0          0          0          0        940   stm32l0xx_hal_rtc_ex.o
      1800          0          0          0          0       5581   stm32l0xx_hal_spi.o
       620          8          0          0          0       5834   stm32l0xx_hal_tim.o
      1626         50          0          0          0       5765   stm32l0xx_hal_uart.o
         2          0          0          0          0        920   stm32l0xx_hal_uart_ex.o
        10          0          0          0          0       1657   stm32l0xx_it.o
      4052        368         45         49        316      16175   sx1276.o
       104         16         33          4          0       1199   system_stm32l0xx.o

    ----------------------------------------------------------------------
     26864       1918       1086        500       4420     461129   Object Totals
         0          0         32          0          0          0   (incl. Generated)
        18          0          2         10          3          0   (incl. Padding)

    ----------------------------------------------------------------------

      Code (inc. data)   RO Data    RW Data    ZI Data      Debug   Library Member Name

       200         20          0          0          0         76   ceil.o
       200         20          0          0          0         76   floor.o
        86          0          0          0          0          0   __dczerorl2.o
         0          0          0          0          0          0   entry.o
         0          0          0          0          0          0   entry10a.o
         0          0          0          0          0          0   entry11a.o
         8          4          0          0          0          0   entry2.o
         4          0          0          0          0          0   entry5.o
         0          0          0          0          0          0   entry7b.o
         0          0          0          0          0          0   entry8b.o
         8          4          0          0          0          0   entry9a.o
        30          0          0          0          0          0   handlers.o
        40          0          0          0          0         72   idiv.o
        36          8          0          0          0         68   init.o
         0          0          0          0          0          0   iusefp.o
       122          0          0          0          0         84   llmul.o
        32          0          0          0          0         68   llshl.o
        38          0          0          0          0         68   llsshr.o
        34          0          0          0          0         68   llushr.o
        36          0          0          0          0         60   memcpya.o
        44          0          0          0          0         72   uidiv.o
        96          0          0          0          0         84   uldiv.o
        20          0          0          0          0         60   uread4.o
        28          0          0          0          0         68   uread8.o
        18          0          0          0          0         60   uwrite4.o
        30          0          0          0          0         72   uwrite8.o
        40          2          0          0          0         68   cdrcmple.o
       356          4          0          0          0        140   dadd.o
       240          6          0          0          0         84   ddiv.o
       236          0          0          0          0        216   depilogue.o
        72         10          0          0          0         72   dfixi.o
        60         10          0          0          0         68   dfixui.o
        64         10          0          0          0         68   dfixul.o
        40          6          0          0          0         68   dflti.o
        28          4          0          0          0         68   dfltui.o
       208          6          0          0          0         88   dmul.o

    ----------------------------------------------------------------------
      2458        114          0          0          0       1996   Library Totals
         4          0          0          0          0          0   (incl. Padding)

    ----------------------------------------------------------------------

      Code (inc. data)   RO Data    RW Data    ZI Data      Debug   Library Name

       400         40          0          0          0        152   m_ps.l
       710         16          0          0          0        904   mc_p.l
      1344         58          0          0          0        940   mf_p.l

    ----------------------------------------------------------------------
      2458        114          0          0          0       1996   Library Totals

    ----------------------------------------------------------------------

==============================================================================


      Code (inc. data)   RO Data    RW Data    ZI Data      Debug   

     29322       2032       1086        500       4420     456345   Grand Totals
     29322       2032       1086        200       4420     456345   ELF Image Totals (compressed)
     29322       2032       1086        200          0          0   ROM Totals

==============================================================================

    Total RO  Size (Code + RO Data)                30408 (  29.70kB)
    Total RW  Size (RW Data + ZI Data)              4920 (   4.80kB)
    Total ROM Size (Code + RO Data + RW Data)      30608 (  29.89kB)

==============================================================================

