<html>
<body>
<pre>
<h1>礦ision Build Log</h1>
<h2>Tool Versions:</h2>
IDE-Version: μVision V5.18a
Copyright (C) 2016 ARM Ltd and ARM Germany GmbH. All rights reserved.
License Information: d Microsoft, Microsoft, LIC=QF856-DDRLL-LQT0Q-NA8JZ-09QMN-2DGA1
 
Tool Versions:
Toolchain:       MDK-ARM Standard  Version: 5.18a
Toolchain Path:  C:\Keil_v5\ARM\ARMCC\Bin
C Compiler:      Armcc.exe V5.06 update 1 (build 61)
Assembler:       Armasm.exe V5.06 update 1 (build 61)
Linker/Locator:  ArmLink.exe V5.06 update 1 (build 61)
Library Manager: ArmAr.exe V5.06 update 1 (build 61)
Hex Converter:   FromElf.exe V5.06 update 1 (build 61)
CPU DLL:         SARMCM3.DLL V5.18a
Dialog DLL:      DARMCM1.DLL V1.12.0.0
Target DLL:      STLink\ST-LINKIII-KEIL_SWO.dll V2.0.18.0
Dialog DLL:      TARMCM1.DLL V1.9.0.0
 
<h2>Project:</h2>
D:\工作区\STM32L051-RFID_DeviceTracking-2018\software\cpu\STM32Cube_FW_L0_V1.10.0\Projects\STM32L053C8-Discovery\Examples\GPIO\GPIO_EXTI\MDK-ARM\Project.uvprojx
Project File Date:  08/29/2017

<h2>Output:</h2>
*** Using Compiler 'V5.06 update 1 (build 61)', folder: 'C:\Keil_v5\ARM\ARMCC\Bin'
Build target 'STM32L053C8_Discovery'
compiling stm32l0xx_hal_pwr_ex.c...
compiling stm32l0538_discovery.c...
compiling stm32l0xx_hal_pwr.c...
compiling stm32l0xx_hal_cortex.c...
compiling stm32l0xx_hal.c...
compiling stm32l0xx_hal_adc_ex.c...
compiling stm32l0xx_hal_flash_ex.c...
compiling stm32l0xx_hal_rcc.c...
compiling stm32l0xx_hal_adc.c...
compiling stm32l0xx_hal_dma.c...
compiling stm32l0xx_hal_flash.c...
compiling stm32l0xx_hal_spi.c...
compiling stm32l0xx_hal_gpio.c...
compiling stm32l0xx_hal_rcc_ex.c...
assembling startup_stm32l053xx.s...
compiling stm32l0xx_it.c...
compiling main.c...
compiling system_stm32l0xx.c...
linking...
Program Size: Code=2920 RO-data=260 RW-data=20 ZI-data=1028  
"STM32L053C8_Discovery\STM32L053C8_Discovery.axf" - 0 Error(s), 0 Warning(s).

<h2>Software Packages used:</h2>

Package Vendor: ARM
                http://www.keil.com/pack/ARM.CMSIS.5.3.0.pack
                ARM::CMSIS:CORE:5.1.1
                CMSIS (Cortex Microcontroller Software Interface Standard)
   * Component: CORE Version: 5.1.1

<h2>Collection of Component include folders:</h2>
  D:\工作区\STM32L051-RFID_DeviceTracking-2018\software\cpu\STM32Cube_FW_L0_V1.10.0\Projects\STM32L053C8-Discovery\Examples\GPIO\GPIO_EXTI\MDK-ARM\RTE
  C:\Keil_v5\ARM\PACK\ARM\CMSIS\5.3.0\CMSIS\Include
  C:\Keil_v5\ARM\PACK\Keil\STM32L0xx_DFP\2.0.0\Drivers\CMSIS\Device\ST\STM32L0xx\Include

<h2>Collection of Component Files used:</h2>

   * Component: ARM::CMSIS:CORE:5.1.1
Build Time Elapsed:  00:00:13
</pre>
</body>
</html>
